Archive member included because of file (symbol)

/usr/local/CrossPack-AVR-20100115/lib/gcc/avr/4.3.3/avrxmega6/libgcc.a(_mulsi3.o)
                              mainBaseStation.o (__mulsi3)
/usr/local/CrossPack-AVR-20100115/lib/gcc/avr/4.3.3/avrxmega6/libgcc.a(_udivmodhi4.o)
                              mainBaseStation.o (__udivmodhi4)
/usr/local/CrossPack-AVR-20100115/lib/gcc/avr/4.3.3/avrxmega6/libgcc.a(_divmodhi4.o)
                              mainBaseStation.o (__divmodhi4)
/usr/local/CrossPack-AVR-20100115/lib/gcc/avr/4.3.3/avrxmega6/libgcc.a(_udivmodsi4.o)
                              mainBaseStation.o (__udivmodsi4)
/usr/local/CrossPack-AVR-20100115/lib/gcc/avr/4.3.3/avrxmega6/libgcc.a(_exit.o)
                              /usr/local/CrossPack-AVR-20100115/lib/gcc/avr/4.3.3/../../../../avr/lib/avrxmega6/crtx256a3b.o (exit)
/usr/local/CrossPack-AVR-20100115/lib/gcc/avr/4.3.3/avrxmega6/libgcc.a(_clear_bss.o)
                              mainBaseStation.o (__do_clear_bss)
/usr/local/CrossPack-AVR-20100115/lib/gcc/avr/4.3.3/../../../../avr/lib/avrxmega6/libc.a(atol.o)
                              mainBaseStation.o (atol)
/usr/local/CrossPack-AVR-20100115/lib/gcc/avr/4.3.3/../../../../avr/lib/avrxmega6/libc.a(strtok.o)
                              mainBaseStation.o (strtok)
/usr/local/CrossPack-AVR-20100115/lib/gcc/avr/4.3.3/../../../../avr/lib/avrxmega6/libc.a(memmove.o)
                              mainBaseStation.o (memmove)
/usr/local/CrossPack-AVR-20100115/lib/gcc/avr/4.3.3/../../../../avr/lib/avrxmega6/libc.a(strcasecmp.o)
                              mainBaseStation.o (strcasecmp)
/usr/local/CrossPack-AVR-20100115/lib/gcc/avr/4.3.3/../../../../avr/lib/avrxmega6/libc.a(strcasestr.o)
                              mainBaseStation.o (strcasestr)
/usr/local/CrossPack-AVR-20100115/lib/gcc/avr/4.3.3/../../../../avr/lib/avrxmega6/libc.a(strcat.o)
                              mainBaseStation.o (strcat)
/usr/local/CrossPack-AVR-20100115/lib/gcc/avr/4.3.3/../../../../avr/lib/avrxmega6/libc.a(strcmp.o)
                              mainBaseStation.o (strcmp)
/usr/local/CrossPack-AVR-20100115/lib/gcc/avr/4.3.3/../../../../avr/lib/avrxmega6/libc.a(strcpy.o)
                              mainBaseStation.o (strcpy)
/usr/local/CrossPack-AVR-20100115/lib/gcc/avr/4.3.3/../../../../avr/lib/avrxmega6/libc.a(strstr.o)
                              mainBaseStation.o (strstr)
/usr/local/CrossPack-AVR-20100115/lib/gcc/avr/4.3.3/../../../../avr/lib/avrxmega6/libc.a(strtok_r.o)
                              /usr/local/CrossPack-AVR-20100115/lib/gcc/avr/4.3.3/../../../../avr/lib/avrxmega6/libc.a(strtok.o) (strtok_r)
/usr/local/CrossPack-AVR-20100115/lib/gcc/avr/4.3.3/../../../../avr/lib/avrxmega6/libc.a(strupr.o)
                              mainBaseStation.o (strupr)
/usr/local/CrossPack-AVR-20100115/lib/gcc/avr/4.3.3/../../../../avr/lib/avrxmega6/libc.a(itoa.o)
                              mainBaseStation.o (itoa)
/usr/local/CrossPack-AVR-20100115/lib/gcc/avr/4.3.3/../../../../avr/lib/avrxmega6/libc.a(ltoa.o)
                              mainBaseStation.o (ltoa)
/usr/local/CrossPack-AVR-20100115/lib/gcc/avr/4.3.3/../../../../avr/lib/avrxmega6/libc.a(mulsi10.o)
                              /usr/local/CrossPack-AVR-20100115/lib/gcc/avr/4.3.3/../../../../avr/lib/avrxmega6/libc.a(atol.o) (__mulsi_const_10)
/usr/local/CrossPack-AVR-20100115/lib/gcc/avr/4.3.3/../../../../avr/lib/avrxmega6/libc.a(sprintf.o)
                              mainBaseStation.o (sprintf)
/usr/local/CrossPack-AVR-20100115/lib/gcc/avr/4.3.3/../../../../avr/lib/avrxmega6/libc.a(vfprintf_std.o)
                              /usr/local/CrossPack-AVR-20100115/lib/gcc/avr/4.3.3/../../../../avr/lib/avrxmega6/libc.a(sprintf.o) (vfprintf)
/usr/local/CrossPack-AVR-20100115/lib/gcc/avr/4.3.3/../../../../avr/lib/avrxmega6/libc.a(strnlen_P.o)
                              /usr/local/CrossPack-AVR-20100115/lib/gcc/avr/4.3.3/../../../../avr/lib/avrxmega6/libc.a(vfprintf_std.o) (strnlen_P)
/usr/local/CrossPack-AVR-20100115/lib/gcc/avr/4.3.3/../../../../avr/lib/avrxmega6/libc.a(memcpy.o)
                              /usr/local/CrossPack-AVR-20100115/lib/gcc/avr/4.3.3/../../../../avr/lib/avrxmega6/libc.a(memmove.o) (memcpy)
/usr/local/CrossPack-AVR-20100115/lib/gcc/avr/4.3.3/../../../../avr/lib/avrxmega6/libc.a(strnlen.o)
                              /usr/local/CrossPack-AVR-20100115/lib/gcc/avr/4.3.3/../../../../avr/lib/avrxmega6/libc.a(vfprintf_std.o) (strnlen)
/usr/local/CrossPack-AVR-20100115/lib/gcc/avr/4.3.3/../../../../avr/lib/avrxmega6/libc.a(strrev.o)
                              /usr/local/CrossPack-AVR-20100115/lib/gcc/avr/4.3.3/../../../../avr/lib/avrxmega6/libc.a(itoa.o) (strrev)
/usr/local/CrossPack-AVR-20100115/lib/gcc/avr/4.3.3/../../../../avr/lib/avrxmega6/libc.a(fputc.o)
                              /usr/local/CrossPack-AVR-20100115/lib/gcc/avr/4.3.3/../../../../avr/lib/avrxmega6/libc.a(vfprintf_std.o) (fputc)
[...]
Memory Configuration

Name             Origin             Length             Attributes
text             0x00000000         0x00100000         xr
data             0x00802000         0x0000ffa0         rw !x
eeprom           0x00810000         0x00010000         rw !x
fuse             0x00820000         0x00000400         rw !x
lock             0x00830000         0x00000400         rw !x
signature        0x00840000         0x00000400         rw !x
*default*        0x00000000         0xffffffff

Linker script and memory map

LOAD /usr/local/CrossPack-AVR-20100115/lib/gcc/avr/4.3.3/../../../../avr/lib/avrxmega6/crtx256a3b.o
LOAD mainBaseStation.o
LOAD /usr/local/CrossPack-AVR-20100115/lib/gcc/avr/4.3.3/../../../../avr/lib/avrxmega6/libm.a
LOAD /usr/local/CrossPack-AVR-20100115/lib/gcc/avr/4.3.3/avrxmega6/libgcc.a
LOAD /usr/local/CrossPack-AVR-20100115/lib/gcc/avr/4.3.3/../../../../avr/lib/avrxmega6/libc.a
LOAD /usr/local/CrossPack-AVR-20100115/lib/gcc/avr/4.3.3/avrxmega6/libgcc.a

.hash
 *(.hash)

.dynsym
 *(.dynsym)

.dynstr
 *(.dynstr)

.gnu.version
 *(.gnu.version)

.gnu.version_d
 *(.gnu.version_d)

.gnu.version_r
 *(.gnu.version_r)

.rel.init
 *(.rel.init)

.rela.init
 *(.rela.init)

.rel.text
 *(.rel.text)
 *(.rel.text.*)
 *(.rel.gnu.linkonce.t*)

.rela.text
 *(.rela.text)
 *(.rela.text.*)
 *(.rela.gnu.linkonce.t*)

.rel.fini
 *(.rel.fini)

.rela.fini
 *(.rela.fini)

.rel.rodata
 *(.rel.rodata)
 *(.rel.rodata.*)
 *(.rel.gnu.linkonce.r*)

.rela.rodata
 *(.rela.rodata)
 *(.rela.rodata.*)
 *(.rela.gnu.linkonce.r*)

.rel.data
 *(.rel.data)
 *(.rel.data.*)
 *(.rel.gnu.linkonce.d*)

.rela.data
 *(.rela.data)
 *(.rela.data.*)
 *(.rela.gnu.linkonce.d*)

.rel.ctors
 *(.rel.ctors)

.rela.ctors
 *(.rela.ctors)

.rel.dtors
 *(.rel.dtors)

.rela.dtors
 *(.rela.dtors)

.rel.got
 *(.rel.got)

.rela.got
 *(.rela.got)

.rel.bss
 *(.rel.bss)

.rela.bss
 *(.rela.bss)

.rel.plt
 *(.rel.plt)

.rela.plt
 *(.rela.plt)

.text           0x00000000     0xac06
 *(.vectors)
 .vectors       0x00000000      0x1e8 /usr/local/CrossPack-AVR-20100115/lib/gcc/avr/4.3.3/../../../../avr/lib/avrxmega6/crtx256a3b.o
                0x00000000                __vectors
                0x00000000                __vector_default
 *(.vectors)
 *(.progmem.gcc*)
 *(.progmem*)
                0x000001e8                . = ALIGN (0x2)
                0x000001e8                __trampolines_start = .
 *(.trampolines)
 .trampolines   0x000001e8        0x0 linker stubs
 *(.trampolines*)
                0x000001e8                __trampolines_end = .
 *(.jumptables)
 *(.jumptables*)
 *(.lowtext)
 *(.lowtext*)
                0x000001e8                __ctors_start = .
 *(.ctors)
                0x000001e8                __ctors_end = .
                0x000001e8                __dtors_start = .
 *(.dtors)
                0x000001e8                __dtors_end = .
 SORT(*)(.ctors)
 SORT(*)(.dtors)
 *(.init0)
 .init0         0x000001e8        0x0 /usr/local/CrossPack-AVR-20100115/lib/gcc/avr/4.3.3/../../../../avr/lib/avrxmega6/crtx256a3b.o
                0x000001e8                __init
 *(.init0)
 *(.init1)
 *(.init1)
 *(.init2)
 .init2         0x000001e8       0x10 /usr/local/CrossPack-AVR-20100115/lib/gcc/avr/4.3.3/../../../../avr/lib/avrxmega6/crtx256a3b.o
 *(.init2)
 *(.init3)
 *(.init3)
 *(.init4)
 .init4         0x000001f8       0x1a /usr/local/CrossPack-AVR-20100115/lib/gcc/avr/4.3.3/../../../../avr/lib/avrxmega6/crtx256a3b.o
                0x000001f8                __do_copy_data
 .init4         0x00000212       0x10 /usr/local/CrossPack-AVR-20100115/lib/gcc/avr/4.3.3/avrxmega6/libgcc.a(_clear_bss.o)
                0x00000212                __do_clear_bss
 *(.init4)
 *(.init5)
 *(.init5)
 *(.init6)
 *(.init6)
 *(.init7)
 *(.init7)
 *(.init8)
 *(.init8)
 *(.init9)
 .init9         0x00000222        0x8 /usr/local/CrossPack-AVR-20100115/lib/gcc/avr/4.3.3/../../../../avr/lib/avrxmega6/crtx256a3b.o
 *(.init9)
 *(.text)
 .text          0x0000022a        0x4 /usr/local/CrossPack-AVR-20100115/lib/gcc/avr/4.3.3/../../../../avr/lib/avrxmega6/crtx256a3b.o
                0x0000022a                __vector_38
                0x0000022a                __vector_22
                0x0000022a                __vector_63
                0x0000022a                __vector_28
                0x0000022a                __vector_67
                0x0000022a                __vector_1
                0x0000022a                __vector_119
                0x0000022a                __vector_32
                0x0000022a                __vector_75
                0x0000022a                __vector_71
                0x0000022a                __vector_91
                0x0000022a                __vector_34
                0x0000022a                __vector_62
                0x0000022a                __vector_102
                0x0000022a                __vector_24
                0x0000022a                __vector_12
                0x0000022a                __vector_55
                0x0000022a                __vector_69
                0x0000022a                __vector_81
                0x0000022a                __vector_90
                0x0000022a                __vector_46
                0x0000022a                __bad_interrupt
                0x0000022a                __vector_72
                0x0000022a                __vector_114
                0x0000022a                __vector_6
                0x0000022a                __vector_110
                0x0000022a                __vector_31
                0x0000022a                __vector_92
                0x0000022a                __vector_35
                0x0000022a                __vector_78
                0x0000022a                __vector_74
                0x0000022a                __vector_117
                0x0000022a                __vector_39
                0x0000022a                __vector_107
                0x0000022a                __vector_3
                0x0000022a                __vector_98
                0x0000022a                __vector_23
                0x0000022a                __vector_68
                0x0000022a                __vector_30
                0x0000022a                __vector_73
                0x0000022a                __vector_45
                0x0000022a                __vector_25
                0x0000022a                __vector_93
                0x0000022a                __vector_61
                0x0000022a                __vector_11
                0x0000022a                __vector_54
                0x0000022a                __vector_99
                0x0000022a                __vector_13
                0x0000022a                __vector_17
                0x0000022a                __vector_19
                0x0000022a                __vector_56
                0x0000022a                __vector_7
                0x0000022a                __vector_49
                0x0000022a                __vector_41
                0x0000022a                __vector_86
                0x0000022a                __vector_100
                0x0000022a                __vector_101
                0x0000022a                __vector_64
                0x0000022a                __vector_109
                0x0000022a                __vector_43
                0x0000022a                __vector_27
                0x0000022a                __vector_5
                0x0000022a                __vector_113
                0x0000022a                __vector_33
                0x0000022a                __vector_76
                0x0000022a                __vector_115
                0x0000022a                __vector_52
                0x0000022a                __vector_37
                0x0000022a                __vector_95
                0x0000022a                __vector_103
                0x0000022a                __vector_96
                0x0000022a                __vector_89
                0x0000022a                __vector_4
                0x0000022a                __vector_44
                0x0000022a                __vector_82
                0x0000022a                __vector_106
                0x0000022a                __vector_118
                0x0000022a                __vector_51
                0x0000022a                __vector_9
                0x0000022a                __vector_2
                0x0000022a                __vector_21
                0x0000022a                __vector_15
                0x0000022a                __vector_66
                0x0000022a                __vector_36
                0x0000022a                __vector_79
                0x0000022a                __vector_58
                0x0000022a                __vector_70
                0x0000022a                __vector_29
                0x0000022a                __vector_60
                0x0000022a                __vector_121
                0x0000022a                __vector_40
                0x0000022a                __vector_85
                0x0000022a                __vector_94
                0x0000022a                __vector_8
                0x0000022a                __vector_26
                0x0000022a                __vector_48
                0x0000022a                __vector_116
                0x0000022a                __vector_112
                0x0000022a                __vector_111
                0x0000022a                __vector_80
                0x0000022a                __vector_14
                0x0000022a                __vector_84
                0x0000022a                __vector_57
                0x0000022a                __vector_10
                0x0000022a                __vector_50
                0x0000022a                __vector_16
                0x0000022a                __vector_59
                0x0000022a                __vector_18
                0x0000022a                __vector_97
                0x0000022a                __vector_20
                0x0000022a                __vector_42
                0x0000022a                __vector_87
                0x0000022a                __vector_65
                0x0000022a                __vector_120
 .text          0x0000022e     0xa0b0 mainBaseStation.o
                0x00005d06                display_clearScreen
                0x00007718                __vector_104
                0x000070d0                Uploader_eraseFile
                0x00006608                Sensors_ResetTemperatureBuffers
                0x00005804                f_gets
                0x000071a0                Uploader_WriteCRC
                0x000016a8                get_fat
                0x00000258                Debug_CharReadyToRead
                0x0000a02c                f_printf
                0x000078e2                Display_BackgroundWriter_Init
                0x00007186                Uploader_ClearCRC
                0x000080b8                SD_WriteMicrophoneBuffer
                0x0000905c                Uploader_Update
                0x00007208                Uploader_uploadFile
                0x000076da                Disable_JTAG
                0x00006664                Sensors_ResetLightBuffers
                0x00006df8                __vector_77
                0x00000540                Rs232_ClearBuffer
                0x0000661e                Sensors_ResetPressureBuffers
                0x00008284                SD_WriteHumidityBuffer
                0x00005bfc                display_setBacklight
                0x0000881a                Uploader_sendSSID
                0x000062d0                Light_returnColor
                0x00000c50                disk_initialize
                0x00004ab2                f_rename
                0x00005c68                display_setCursor
                0x00007604                Uploader_UpdateCRC
                0x0000644c                Sensors_ReadPower
                0x00000e1c                disk_status
                0x00004426                f_truncate
                0x00005b2c                SD_Timer_Init
                0x0000770a                Interrupt_Init
                0x00005a88                SD_WriteCRC
                0x00000fda                disk_ioctl
                0x0000022e                CCPWrite
                0x00007680                Clock_Init
                0x00006374                Light_setGain
                0x00007808                __vector_105
                0x00000552                Rs232_SendByte
                0x000085f2                Uploader_sendServer
                0x00008fc4                Uploader_sendFilename
                0x00004540                f_unlink
                0x00000308                Debug_Init
                0x00005f36                display_putString
                0x00006834                SP_ReadCalibrationByte
                0x000058a0                f_putc
                0x00005944                SD_WriteBuffer
                0x000086fa                Uploader_sendKey
                0x000091a2                SD_Open
                0x000058ec                f_puts
                0x0000791e                SD_WriteRTCBlock
                0x00005c38                display_sendCommand
                0x00000602                Time_Set
                0x000006ae                Time_CheckVBatSystem
                0x0000843c                Rs232_SendString
                0x00006458                Sensors_ReadTemperature
                0x000064d2                Sensors_ReadHumidity
                0x000099ac                SD_Read_config_file
                0x00005a12                SD_Write32
                0x000062e2                Light_writeByte
                0x00005934                SD_Close
                0x00006634                Sensors_ResetHumidityBuffers
                0x00001380                disk_timerproc
                0x00003b8c                f_close
                0x00000562                __vector_88
                0x0000320a                f_read
                0x000040c6                f_readdir
                0x00005b4a                SD_Init
                0x000004ce                Rs232_CharReadyToRead
                0x00000424                Debug_SendByte
                0x00007b8e                display_showSplashScreen
                0x000005e0                Time_Init
                0x00007900                SD_BackroundWriter_Init
                0x0000498e                f_chmod
                0x00007d04                SD_WriteAirSampleMinute
                0x00005a46                SD_Write16
                0x00007c4e                SD_WriteString
                0x0000593e                SD_Inserted
                0x000087a0                Uploader_sendAuthType
                0x000063ae                Light_Init
                0x000004a0                Rs232_Init
                0x00008490                Debug_SendString
                0x00000758                Time_UTCSecsToTime
                0x000084f8                Uploader_connectToComputer
                0x00005b98                __vector_47
                0x00005c50                display_sendData
                0x000013a8                get_fattime
                0x00005aa6                SD_GetSpaceRemaining
                0x00006590                Sensors_ReadPressure
                0x00007f84                SD_WriteLightBuffer
                0x00005a6e                SD_ClearCRC
                0x00009de4                main
                0x00003a7e                f_sync
                0x00008894                __vector_108
                0x000086a2                Uploader_sendUser
                0x000028be                chk_mounted
                0x00009176                SD_MakeFileName
                0x000079b6                getDeviceID
                0x00004d00                f_mkfs
                0x00002ede                f_mount
                0x000061b2                Light_readColors
                0x0000657c                Sensors_ReadMicrophone
                0x00004000                f_opendir
                0x000004ec                Rs232_GetByte
                0x000002b2                Debug_ClearBuffer
                0x0000187c                put_fat
                0x00003ba4                f_lseek
                0x000003de                Debug_GetByte
                0x000063d0                Button_Init
                0x00005cb8                display_clearPage
                0x0000664a                Sensors_ResetMicrophoneBuffers
                0x00005a5c                SD_Write8
                0x0000864a                Uploader_sendNickname
                0x0000610e                Light_readByte
                0x0000415c                f_stat
                0x000081a8                SD_WritePressureBuffer
                0x00005d5e                display_init
                0x00006848                __vector_83
                0x00006426                Button_Pressed
                0x00001d30                clust2sect
                0x00005c1c                display_toggleBacklight
                0x00004a18                f_utime
                0x000035f6                f_write
                0x00002f20                f_open
                0x00000eea                disk_write
                0x00000708                Time_Get32BitTimer
                0x00006f7a                Uploader_getTime
                0x00004674                f_mkdir
                0x00000e2a                disk_read
                0x000093be                __vector_53
                0x0000667a                Sensors_Init
                0x000041da                f_getfree
                0x000006de                Time_Get
                0x0000859a                Uploader_sendPort
                0x00008360                SD_WriteTemperatureBuffer
                0x00007de4                SD_WriteAirSampleSecond
                0x00009200                SD_StartLogFile
 .text          0x0000a2de        0x0 /usr/local/CrossPack-AVR-20100115/lib/gcc/avr/4.3.3/avrxmega6/libgcc.a(_mulsi3.o)
 .text          0x0000a2de        0x0 /usr/local/CrossPack-AVR-20100115/lib/gcc/avr/4.3.3/avrxmega6/libgcc.a(_udivmodhi4.o)
 .text          0x0000a2de        0x0 /usr/local/CrossPack-AVR-20100115/lib/gcc/avr/4.3.3/avrxmega6/libgcc.a(_divmodhi4.o)
 .text          0x0000a2de        0x0 /usr/local/CrossPack-AVR-20100115/lib/gcc/avr/4.3.3/avrxmega6/libgcc.a(_udivmodsi4.o)
 .text          0x0000a2de        0x0 /usr/local/CrossPack-AVR-20100115/lib/gcc/avr/4.3.3/avrxmega6/libgcc.a(_exit.o)
 .text          0x0000a2de        0x0 /usr/local/CrossPack-AVR-20100115/lib/gcc/avr/4.3.3/avrxmega6/libgcc.a(_clear_bss.o)
 .text          0x0000a2de        0x0 /usr/local/CrossPack-AVR-20100115/lib/gcc/avr/4.3.3/../../../../avr/lib/avrxmega6/libc.a(atol.o)
 .text          0x0000a2de        0x0 /usr/local/CrossPack-AVR-20100115/lib/gcc/avr/4.3.3/../../../../avr/lib/avrxmega6/libc.a(strtok.o)
 .text          0x0000a2de        0x0 /usr/local/CrossPack-AVR-20100115/lib/gcc/avr/4.3.3/../../../../avr/lib/avrxmega6/libc.a(memmove.o)
 .text          0x0000a2de        0x0 /usr/local/CrossPack-AVR-20100115/lib/gcc/avr/4.3.3/../../../../avr/lib/avrxmega6/libc.a(strcasecmp.o)
 .text          0x0000a2de        0x0 /usr/local/CrossPack-AVR-20100115/lib/gcc/avr/4.3.3/../../../../avr/lib/avrxmega6/libc.a(strcasestr.o)
 .text          0x0000a2de        0x0 /usr/local/CrossPack-AVR-20100115/lib/gcc/avr/4.3.3/../../../../avr/lib/avrxmega6/libc.a(strcat.o)
 .text          0x0000a2de        0x0 /usr/local/CrossPack-AVR-20100115/lib/gcc/avr/4.3.3/../../../../avr/lib/avrxmega6/libc.a(strcmp.o)
 .text          0x0000a2de        0x0 /usr/local/CrossPack-AVR-20100115/lib/gcc/avr/4.3.3/../../../../avr/lib/avrxmega6/libc.a(strcpy.o)
 .text          0x0000a2de        0x0 /usr/local/CrossPack-AVR-20100115/lib/gcc/avr/4.3.3/../../../../avr/lib/avrxmega6/libc.a(strstr.o)
 .text          0x0000a2de        0x0 /usr/local/CrossPack-AVR-20100115/lib/gcc/avr/4.3.3/../../../../avr/lib/avrxmega6/libc.a(strtok_r.o)
 .text          0x0000a2de        0x0 /usr/local/CrossPack-AVR-20100115/lib/gcc/avr/4.3.3/../../../../avr/lib/avrxmega6/libc.a(strupr.o)
 .text          0x0000a2de        0x0 /usr/local/CrossPack-AVR-20100115/lib/gcc/avr/4.3.3/../../../../avr/lib/avrxmega6/libc.a(itoa.o)
 .text          0x0000a2de        0x0 /usr/local/CrossPack-AVR-20100115/lib/gcc/avr/4.3.3/../../../../avr/lib/avrxmega6/libc.a(ltoa.o)
 .text          0x0000a2de        0x0 /usr/local/CrossPack-AVR-20100115/lib/gcc/avr/4.3.3/../../../../avr/lib/avrxmega6/libc.a(mulsi10.o)
 .text          0x0000a2de        0x0 /usr/local/CrossPack-AVR-20100115/lib/gcc/avr/4.3.3/../../../../avr/lib/avrxmega6/libc.a(sprintf.o)
 .text          0x0000a2de        0x0 /usr/local/CrossPack-AVR-20100115/lib/gcc/avr/4.3.3/../../../../avr/lib/avrxmega6/libc.a(vfprintf_std.o)
 .text          0x0000a2de        0x0 /usr/local/CrossPack-AVR-20100115/lib/gcc/avr/4.3.3/../../../../avr/lib/avrxmega6/libc.a(strnlen_P.o)
 .text          0x0000a2de        0x0 /usr/local/CrossPack-AVR-20100115/lib/gcc/avr/4.3.3/../../../../avr/lib/avrxmega6/libc.a(memcpy.o)
 .text          0x0000a2de        0x0 /usr/local/CrossPack-AVR-20100115/lib/gcc/avr/4.3.3/../../../../avr/lib/avrxmega6/libc.a(strnlen.o)
 .text          0x0000a2de        0x0 /usr/local/CrossPack-AVR-20100115/lib/gcc/avr/4.3.3/../../../../avr/lib/avrxmega6/libc.a(strrev.o)
 .text          0x0000a2de        0x0 /usr/local/CrossPack-AVR-20100115/lib/gcc/avr/4.3.3/../../../../avr/lib/avrxmega6/libc.a(fputc.o)
 .text          0x0000a2de        0x0 /usr/local/CrossPack-AVR-20100115/lib/gcc/avr/4.3.3/../../../../avr/lib/avrxmega6/libc.a(ultoa_invert.o)
                0x0000a2de                . = ALIGN (0x2)
 *(.text.*)
 .text.libgcc   0x0000a2de       0x3e /usr/local/CrossPack-AVR-20100115/lib/gcc/avr/4.3.3/avrxmega6/libgcc.a(_mulsi3.o)
                0x0000a2de                __mulsi3
 .text.libgcc   0x0000a31c       0x28 /usr/local/CrossPack-AVR-20100115/lib/gcc/avr/4.3.3/avrxmega6/libgcc.a(_udivmodhi4.o)
                0x0000a31c                __udivmodhi4
 .text.libgcc   0x0000a344       0x26 /usr/local/CrossPack-AVR-20100115/lib/gcc/avr/4.3.3/avrxmega6/libgcc.a(_divmodhi4.o)
                0x0000a344                __divmodhi4
                0x0000a344                _div
 .text.libgcc   0x0000a36a       0x44 /usr/local/CrossPack-AVR-20100115/lib/gcc/avr/4.3.3/avrxmega6/libgcc.a(_udivmodsi4.o)
                0x0000a36a                __udivmodsi4
 .text.libgcc   0x0000a3ae        0x0 /usr/local/CrossPack-AVR-20100115/lib/gcc/avr/4.3.3/avrxmega6/libgcc.a(_exit.o)
 .text.libgcc   0x0000a3ae        0x0 /usr/local/CrossPack-AVR-20100115/lib/gcc/avr/4.3.3/avrxmega6/libgcc.a(_clear_bss.o)
 .text.avr-libc
                0x0000a3ae       0x4e /usr/local/CrossPack-AVR-20100115/lib/gcc/avr/4.3.3/../../../../avr/lib/avrxmega6/libc.a(atol.o)
                0x0000a3ae                atol
 .text.avr-libc
                0x0000a3fc        0xa /usr/local/CrossPack-AVR-20100115/lib/gcc/avr/4.3.3/../../../../avr/lib/avrxmega6/libc.a(strtok.o)
                0x0000a3fc                strtok
 .text.avr-libc
                0x0000a406       0x24 /usr/local/CrossPack-AVR-20100115/lib/gcc/avr/4.3.3/../../../../avr/lib/avrxmega6/libc.a(memmove.o)
                0x0000a406                memmove
 .text.avr-libc
                0x0000a42a       0x26 /usr/local/CrossPack-AVR-20100115/lib/gcc/avr/4.3.3/../../../../avr/lib/avrxmega6/libc.a(strcasecmp.o)
                0x0000a42a                strcasecmp
 .text.avr-libc
                0x0000a450       0x4a /usr/local/CrossPack-AVR-20100115/lib/gcc/avr/4.3.3/../../../../avr/lib/avrxmega6/libc.a(strcasestr.o)
                0x0000a450                strcasestr
 .text.avr-libc
                0x0000a49a       0x16 /usr/local/CrossPack-AVR-20100115/lib/gcc/avr/4.3.3/../../../../avr/lib/avrxmega6/libc.a(strcat.o)
                0x0000a49a                strcat
 .text.avr-libc
                0x0000a4b0       0x12 /usr/local/CrossPack-AVR-20100115/lib/gcc/avr/4.3.3/../../../../avr/lib/avrxmega6/libc.a(strcmp.o)
                0x0000a4b0                strcmp
 .text.avr-libc
                0x0000a4c2        0xe /usr/local/CrossPack-AVR-20100115/lib/gcc/avr/4.3.3/../../../../avr/lib/avrxmega6/libc.a(strcpy.o)
                0x0000a4c2                strcpy
 .text.avr-libc
                0x0000a4d0       0x34 /usr/local/CrossPack-AVR-20100115/lib/gcc/avr/4.3.3/../../../../avr/lib/avrxmega6/libc.a(strstr.o)
                0x0000a4d0                strstr
 .text.avr-libc
                0x0000a504       0x4e /usr/local/CrossPack-AVR-20100115/lib/gcc/avr/4.3.3/../../../../avr/lib/avrxmega6/libc.a(strtok_r.o)
                0x0000a504                strtok_r
 .text.avr-libc
                0x0000a552       0x14 /usr/local/CrossPack-AVR-20100115/lib/gcc/avr/4.3.3/../../../../avr/lib/avrxmega6/libc.a(strupr.o)
                0x0000a552                strupr
 .text.avr-libc
                0x0000a566       0x42 /usr/local/CrossPack-AVR-20100115/lib/gcc/avr/4.3.3/../../../../avr/lib/avrxmega6/libc.a(itoa.o)
                0x0000a566                itoa
 .text.avr-libc
                0x0000a5a8       0x68 /usr/local/CrossPack-AVR-20100115/lib/gcc/avr/4.3.3/../../../../avr/lib/avrxmega6/libc.a(ltoa.o)
                0x0000a5a8                ltoa
 .text.avr-libc
                0x0000a610       0x2a /usr/local/CrossPack-AVR-20100115/lib/gcc/avr/4.3.3/../../../../avr/lib/avrxmega6/libc.a(mulsi10.o)
                0x0000a610                __mulsi_const_10
 .text.avr-libc
                0x0000a63a       0x56 /usr/local/CrossPack-AVR-20100115/lib/gcc/avr/4.3.3/../../../../avr/lib/avrxmega6/libc.a(sprintf.o)
                0x0000a63a                sprintf
 .text.avr-libc
                0x0000a690      0x400 /usr/local/CrossPack-AVR-20100115/lib/gcc/avr/4.3.3/../../../../avr/lib/avrxmega6/libc.a(vfprintf_std.o)
                0x0000a690                vfprintf
 .text.avr-libc
                0x0000aa90       0x16 /usr/local/CrossPack-AVR-20100115/lib/gcc/avr/4.3.3/../../../../avr/lib/avrxmega6/libc.a(strnlen_P.o)
                0x0000aa90                strnlen_P
 .text.avr-libc
                0x0000aaa6       0x12 /usr/local/CrossPack-AVR-20100115/lib/gcc/avr/4.3.3/../../../../avr/lib/avrxmega6/libc.a(memcpy.o)
                0x0000aaa6                memcpy
 .text.avr-libc
                0x0000aab8       0x16 /usr/local/CrossPack-AVR-20100115/lib/gcc/avr/4.3.3/../../../../avr/lib/avrxmega6/libc.a(strnlen.o)
                0x0000aab8                strnlen
 .text.avr-libc
                0x0000aace       0x20 /usr/local/CrossPack-AVR-20100115/lib/gcc/avr/4.3.3/../../../../avr/lib/avrxmega6/libc.a(strrev.o)
                0x0000aace                strrev
 .text.avr-libc
                0x0000aaee       0x58 /usr/local/CrossPack-AVR-20100115/lib/gcc/avr/4.3.3/../../../../avr/lib/avrxmega6/libc.a(fputc.o)
                0x0000aaee                fputc
 .text.avr-libc
                0x0000ab46       0xbc /usr/local/CrossPack-AVR-20100115/lib/gcc/avr/4.3.3/../../../../avr/lib/avrxmega6/libc.a(ultoa_invert.o)
                0x0000ab46                __ultoa_invert
                0x0000ac02                . = ALIGN (0x2)
 *(.fini9)
 .fini9         0x0000ac02        0x0 /usr/local/CrossPack-AVR-20100115/lib/gcc/avr/4.3.3/avrxmega6/libgcc.a(_exit.o)
                0x0000ac02                exit
                0x0000ac02                _exit
 *(.fini9)
 *(.fini8)
 *(.fini8)
 *(.fini7)
 *(.fini7)
 *(.fini6)
 *(.fini6)
 *(.fini5)
 *(.fini5)
 *(.fini4)
 *(.fini4)
 *(.fini3)
 *(.fini3)
 *(.fini2)
 *(.fini2)
 *(.fini1)
 *(.fini1)
 *(.fini0)
 .fini0         0x0000ac02        0x4 /usr/local/CrossPack-AVR-20100115/lib/gcc/avr/4.3.3/avrxmega6/libgcc.a(_exit.o)
 *(.fini0)
                0x0000ac06                _etext = .

.data           0x00802000      0xce6 load address 0x0000ac06
                0x00802000                PROVIDE (__data_start, .)
 *(.data)
 .data          0x00802000        0x0 /usr/local/CrossPack-AVR-20100115/lib/gcc/avr/4.3.3/../../../../avr/lib/avrxmega6/crtx256a3b.o
 .data          0x00802000      0xce5 mainBaseStation.o
                0x0080262f                Drives
                0x00802628                wantToRecordLight
                0x00802627                wantToRecordHumidity
                0x00802665                zone
                0x00802a79                integrationTime
                0x00802679                crc_table
                0x00802633                serverOpenCommand
                0x0080262e                lastLightBufferSent
                0x00802aaf                commandCounter
                0x00802a82                gainSetting
                0x0080262b                lastHumidityBufferSent
                0x00802a8b                resultMultiplier
                0x0080262a                lastTemperatureBufferSent
                0x0080262c                lastPressureBufferSent
                0x0080266f                am
                0x00802625                wantToRecordTemperature
                0x00802626                wantToRecordPressure
                0x00802674                pm
                0x0080262d                lastMicrophoneBufferSent
                0x00802629                wantToRecordAirQuality
 .data          0x00802ce5        0x0 /usr/local/CrossPack-AVR-20100115/lib/gcc/avr/4.3.3/avrxmega6/libgcc.a(_mulsi3.o)
 .data          0x00802ce5        0x0 /usr/local/CrossPack-AVR-20100115/lib/gcc/avr/4.3.3/avrxmega6/libgcc.a(_udivmodhi4.o)
 .data          0x00802ce5        0x0 /usr/local/CrossPack-AVR-20100115/lib/gcc/avr/4.3.3/avrxmega6/libgcc.a(_divmodhi4.o)
 .data          0x00802ce5        0x0 /usr/local/CrossPack-AVR-20100115/lib/gcc/avr/4.3.3/avrxmega6/libgcc.a(_udivmodsi4.o)
 .data          0x00802ce5        0x0 /usr/local/CrossPack-AVR-20100115/lib/gcc/avr/4.3.3/avrxmega6/libgcc.a(_exit.o)
 .data          0x00802ce5        0x0 /usr/local/CrossPack-AVR-20100115/lib/gcc/avr/4.3.3/avrxmega6/libgcc.a(_clear_bss.o)
 .data          0x00802ce5        0x0 /usr/local/CrossPack-AVR-20100115/lib/gcc/avr/4.3.3/../../../../avr/lib/avrxmega6/libc.a(atol.o)
 .data          0x00802ce5        0x0 /usr/local/CrossPack-AVR-20100115/lib/gcc/avr/4.3.3/../../../../avr/lib/avrxmega6/libc.a(strtok.o)
 .data          0x00802ce5        0x0 /usr/local/CrossPack-AVR-20100115/lib/gcc/avr/4.3.3/../../../../avr/lib/avrxmega6/libc.a(memmove.o)
 .data          0x00802ce5        0x0 /usr/local/CrossPack-AVR-20100115/lib/gcc/avr/4.3.3/../../../../avr/lib/avrxmega6/libc.a(strcasecmp.o)
 .data          0x00802ce5        0x0 /usr/local/CrossPack-AVR-20100115/lib/gcc/avr/4.3.3/../../../../avr/lib/avrxmega6/libc.a(strcasestr.o)
 .data          0x00802ce5        0x0 /usr/local/CrossPack-AVR-20100115/lib/gcc/avr/4.3.3/../../../../avr/lib/avrxmega6/libc.a(strcat.o)
 .data          0x00802ce5        0x0 /usr/local/CrossPack-AVR-20100115/lib/gcc/avr/4.3.3/../../../../avr/lib/avrxmega6/libc.a(strcmp.o)
 .data          0x00802ce5        0x0 /usr/local/CrossPack-AVR-20100115/lib/gcc/avr/4.3.3/../../../../avr/lib/avrxmega6/libc.a(strcpy.o)
 .data          0x00802ce5        0x0 /usr/local/CrossPack-AVR-20100115/lib/gcc/avr/4.3.3/../../../../avr/lib/avrxmega6/libc.a(strstr.o)
 .data          0x00802ce5        0x0 /usr/local/CrossPack-AVR-20100115/lib/gcc/avr/4.3.3/../../../../avr/lib/avrxmega6/libc.a(strtok_r.o)
 .data          0x00802ce5        0x0 /usr/local/CrossPack-AVR-20100115/lib/gcc/avr/4.3.3/../../../../avr/lib/avrxmega6/libc.a(strupr.o)
 .data          0x00802ce5        0x0 /usr/local/CrossPack-AVR-20100115/lib/gcc/avr/4.3.3/../../../../avr/lib/avrxmega6/libc.a(itoa.o)
 .data          0x00802ce5        0x0 /usr/local/CrossPack-AVR-20100115/lib/gcc/avr/4.3.3/../../../../avr/lib/avrxmega6/libc.a(ltoa.o)
 .data          0x00802ce5        0x0 /usr/local/CrossPack-AVR-20100115/lib/gcc/avr/4.3.3/../../../../avr/lib/avrxmega6/libc.a(mulsi10.o)
 .data          0x00802ce5        0x0 /usr/local/CrossPack-AVR-20100115/lib/gcc/avr/4.3.3/../../../../avr/lib/avrxmega6/libc.a(sprintf.o)
 .data          0x00802ce5        0x0 /usr/local/CrossPack-AVR-20100115/lib/gcc/avr/4.3.3/../../../../avr/lib/avrxmega6/libc.a(vfprintf_std.o)
 .data          0x00802ce5        0x0 /usr/local/CrossPack-AVR-20100115/lib/gcc/avr/4.3.3/../../../../avr/lib/avrxmega6/libc.a(strnlen_P.o)
 .data          0x00802ce5        0x0 /usr/local/CrossPack-AVR-20100115/lib/gcc/avr/4.3.3/../../../../avr/lib/avrxmega6/libc.a(memcpy.o)
 .data          0x00802ce5        0x0 /usr/local/CrossPack-AVR-20100115/lib/gcc/avr/4.3.3/../../../../avr/lib/avrxmega6/libc.a(strnlen.o)
 .data          0x00802ce5        0x0 /usr/local/CrossPack-AVR-20100115/lib/gcc/avr/4.3.3/../../../../avr/lib/avrxmega6/libc.a(strrev.o)
 .data          0x00802ce5        0x0 /usr/local/CrossPack-AVR-20100115/lib/gcc/avr/4.3.3/../../../../avr/lib/avrxmega6/libc.a(fputc.o)
 .data          0x00802ce5        0x0 /usr/local/CrossPack-AVR-20100115/lib/gcc/avr/4.3.3/../../../../avr/lib/avrxmega6/libc.a(ultoa_invert.o)
 *(.data*)
 *(.rodata)
 *(.rodata*)
 *(.gnu.linkonce.d*)
                0x00802ce6                . = ALIGN (0x2)
 *fill*         0x00802ce5        0x1 00
                0x00802ce6                _edata = .
                0x00802ce6                PROVIDE (__data_end, .)

.bss            0x00802ce6     0x2a73
                0x00802ce6                PROVIDE (__bss_start, .)
 *(.bss)
 .bss           0x00802ce6        0x0 /usr/local/CrossPack-AVR-20100115/lib/gcc/avr/4.3.3/../../../../avr/lib/avrxmega6/crtx256a3b.o
 .bss           0x00802ce6      0x4e3 mainBaseStation.o
                0x00802d24                quickLight
                0x00802d26                quickMic
                0x00802d2b                quickSmall
                0x00802d14                timeZoneShift
                0x00802d17                keyRead
                0x00802cf4                lightBufferToWriteTo
                0x00802d4d                okToFillUploadFileBuffer
                0x00802cee                pressureBufferToWriteTo
                0x00802cf2                microphoneBufferCounter
                0x00802d23                quickPressure
                0x00802cfd                timeRecordingStarted
                0x00802d41                leftOverBytesToUpload
                0x00802d0d                Rs232_writeLocation
                0x00802d3d                numberOfPacketsToUpload
                0x00802d20                gainSelector
                0x00802d05                Debug_writeLocation
                0x00802d46                uploading
                0x00802d22                quickHumidity
                0x00802d1b                percentDiskUsed
                0x00802d16                phraseRead
                0x00802d5d                displayPM
                0x00802cec                humidityBufferCounter
                0x00802d5c                displayAM
                0x00802d5b                clockHour
                0x00802ce9                temperatureBufferCounter
                0x00802d4b                okToOpenFileToUpload
                0x00802d48                okToGrabNextFileName
                0x00802ce8                temperatureBufferToWriteTo
                0x00802d62                syncCounter
                0x00802d3c                uploadPercentBS
                0x00802cfb                okToSendRTCBlock
                0x00802d15                authRead
                0x00802cf5                lightBufferCounter
                0x00802d57                okToDisplayGUI
                0x00802d45                connected
                0x00802d4c                uploadFileOpened
                0x00802d30                micCounter
                0x00802d01                demoMode
                0x00802d10                UNIX_Time
                0x00802d4f                okToCloseUploadFile
                0x00802d21                quickTemperature
                0x00802d50                okToEraseFile
                0x00802d0b                Rs232_readLocation
                0x00802d03                Debug_readLocation
                0x00802d31                lastBufferIWroteTo
                0x00802d49                okToUpload
                0x00802d1a                sdValid
                0x00802d4a                doneUploading
                0x00802ceb                humidityBufferToWriteTo
                0x00802d58                okToGetRemainingSpace
                0x00802d2f                micSampleCounter
                0x00802d38                uploadFileSize
                0x00802d27                quickLarge
                0x00802d4e                uploadFileBufferFull
                0x00802ce7                recording
                0x00802d53                currentMode
                0x00802d51                fileExists
                0x00802d1f                backLightIsOn
                0x00802d52                timeIsValid
                0x00802d47                okToOpenDirectory
                0x00802d54                okToOpenLogFile
                0x00802d5e                lengthOfCurrentFile
                0x00802d56                okToCloseLogFile
                0x00802d32                tempTime
                0x00802d36                timeOutCounter
                0x00802d61                backlight_Timer
                0x00802d07                Debug_timeOutCounter
                0x00802d02                useWifiForUploading
                0x00802d0f                okToSendAirQuality
                0x00802cf7                airSampleTime
                0x00802cfc                rtcBlockCounter
                0x00802cf1                microphoneBufferToWriteTo
                0x00802d18                ssidRead
                0x00802d59                justSwitchedStated
                0x00802cef                pressureBufferCounter
                0x00802d5a                restartingFile
                0x00802d55                okToWriteToLogFile
                0x00802d60                spaceRemainingCounter
                0x00802d19                zoneChanged
                0x00802ce6                wantToRecordFast
 .bss           0x008031c9        0x0 /usr/local/CrossPack-AVR-20100115/lib/gcc/avr/4.3.3/avrxmega6/libgcc.a(_mulsi3.o)
 .bss           0x008031c9        0x0 /usr/local/CrossPack-AVR-20100115/lib/gcc/avr/4.3.3/avrxmega6/libgcc.a(_udivmodhi4.o)
 .bss           0x008031c9        0x0 /usr/local/CrossPack-AVR-20100115/lib/gcc/avr/4.3.3/avrxmega6/libgcc.a(_divmodhi4.o)
 .bss           0x008031c9        0x0 /usr/local/CrossPack-AVR-20100115/lib/gcc/avr/4.3.3/avrxmega6/libgcc.a(_udivmodsi4.o)
 .bss           0x008031c9        0x0 /usr/local/CrossPack-AVR-20100115/lib/gcc/avr/4.3.3/avrxmega6/libgcc.a(_exit.o)
 .bss           0x008031c9        0x0 /usr/local/CrossPack-AVR-20100115/lib/gcc/avr/4.3.3/avrxmega6/libgcc.a(_clear_bss.o)
 .bss           0x008031c9        0x0 /usr/local/CrossPack-AVR-20100115/lib/gcc/avr/4.3.3/../../../../avr/lib/avrxmega6/libc.a(atol.o)
 .bss           0x008031c9        0x2 /usr/local/CrossPack-AVR-20100115/lib/gcc/avr/4.3.3/../../../../avr/lib/avrxmega6/libc.a(strtok.o)
 .bss           0x008031cb        0x0 /usr/local/CrossPack-AVR-20100115/lib/gcc/avr/4.3.3/../../../../avr/lib/avrxmega6/libc.a(memmove.o)
 .bss           0x008031cb        0x0 /usr/local/CrossPack-AVR-20100115/lib/gcc/avr/4.3.3/../../../../avr/lib/avrxmega6/libc.a(strcasecmp.o)
 .bss           0x008031cb        0x0 /usr/local/CrossPack-AVR-20100115/lib/gcc/avr/4.3.3/../../../../avr/lib/avrxmega6/libc.a(strcasestr.o)
 .bss           0x008031cb        0x0 /usr/local/CrossPack-AVR-20100115/lib/gcc/avr/4.3.3/../../../../avr/lib/avrxmega6/libc.a(strcat.o)
 .bss           0x008031cb        0x0 /usr/local/CrossPack-AVR-20100115/lib/gcc/avr/4.3.3/../../../../avr/lib/avrxmega6/libc.a(strcmp.o)
 .bss           0x008031cb        0x0 /usr/local/CrossPack-AVR-20100115/lib/gcc/avr/4.3.3/../../../../avr/lib/avrxmega6/libc.a(strcpy.o)
 .bss           0x008031cb        0x0 /usr/local/CrossPack-AVR-20100115/lib/gcc/avr/4.3.3/../../../../avr/lib/avrxmega6/libc.a(strstr.o)
 .bss           0x008031cb        0x0 /usr/local/CrossPack-AVR-20100115/lib/gcc/avr/4.3.3/../../../../avr/lib/avrxmega6/libc.a(strtok_r.o)
 .bss           0x008031cb        0x0 /usr/local/CrossPack-AVR-20100115/lib/gcc/avr/4.3.3/../../../../avr/lib/avrxmega6/libc.a(strupr.o)
 .bss           0x008031cb        0x0 /usr/local/CrossPack-AVR-20100115/lib/gcc/avr/4.3.3/../../../../avr/lib/avrxmega6/libc.a(itoa.o)
 .bss           0x008031cb        0x0 /usr/local/CrossPack-AVR-20100115/lib/gcc/avr/4.3.3/../../../../avr/lib/avrxmega6/libc.a(ltoa.o)
 .bss           0x008031cb        0x0 /usr/local/CrossPack-AVR-20100115/lib/gcc/avr/4.3.3/../../../../avr/lib/avrxmega6/libc.a(mulsi10.o)
 .bss           0x008031cb        0x0 /usr/local/CrossPack-AVR-20100115/lib/gcc/avr/4.3.3/../../../../avr/lib/avrxmega6/libc.a(sprintf.o)
 .bss           0x008031cb        0x0 /usr/local/CrossPack-AVR-20100115/lib/gcc/avr/4.3.3/../../../../avr/lib/avrxmega6/libc.a(vfprintf_std.o)
 .bss           0x008031cb        0x0 /usr/local/CrossPack-AVR-20100115/lib/gcc/avr/4.3.3/../../../../avr/lib/avrxmega6/libc.a(strnlen_P.o)
 .bss           0x008031cb        0x0 /usr/local/CrossPack-AVR-20100115/lib/gcc/avr/4.3.3/../../../../avr/lib/avrxmega6/libc.a(memcpy.o)
 .bss           0x008031cb        0x0 /usr/local/CrossPack-AVR-20100115/lib/gcc/avr/4.3.3/../../../../avr/lib/avrxmega6/libc.a(strnlen.o)
 .bss           0x008031cb        0x0 /usr/local/CrossPack-AVR-20100115/lib/gcc/avr/4.3.3/../../../../avr/lib/avrxmega6/libc.a(strrev.o)
 .bss           0x008031cb        0x0 /usr/local/CrossPack-AVR-20100115/lib/gcc/avr/4.3.3/../../../../avr/lib/avrxmega6/libc.a(fputc.o)
 .bss           0x008031cb        0x0 /usr/local/CrossPack-AVR-20100115/lib/gcc/avr/4.3.3/../../../../avr/lib/avrxmega6/libc.a(ultoa_invert.o)
 *(.bss*)
 *(COMMON)
 COMMON         0x008031cb     0x258e mainBaseStation.o
                0x008031cb                ssid
                0x008031fd                zeroOffsetB
                0x008031ff                uploadFileBuffer
                0x008035e7                tmpString
                0x008035f1                colors
                0x008035f9                fileToUpload
                0x00803608                temperatureBuffer
                0x00803630                tempDebug
                0x00803662                currentLogFile
                0x00803671                temperatureSampleStartTime
                0x00803679                fno
                0x0080368f                fs
                0x00803691                fileName
                0x008036a5                auth
                0x008036d7                okToSendLightBuffer
                0x008036d9                timeOut
                0x008036da                microphoneSampleStartTime
                0x008036e6                tempLightResult
                0x008036f6                tmp32
                0x008036fa                command
                0x0080372c                okToSendPressureBuffer
                0x0080372e                temp
                0x00803760                airQualityString
                0x008037c4                airCount
                0x008037dc                user
                0x008037e6                demoModeString
                0x008037f0                server
                0x00803822                lightSampleStartTime
                0x0080382a                writeAddress
                0x0080382b                deviceID
                0x0080385d                humiditySampleStartTime
                0x00803865                okToSendHumidityBuffer
                0x00803867                fno2
                0x0080387d                daylightTime
                0x00803887                colors8
                0x0080388f                uploadCRC
                0x00803893                tmp8
                0x00803894                eraseFileReturn
                0x00803895                microphoneBuffer
                0x00805005                phrase
                0x00805037                deviceAddress
                0x00805038                DebugBuffer
                0x0080509c                time
                0x008050a4                key
                0x008050d6                Log_File
                0x008052f6                dir
                0x0080530c                Upload_File
                0x0080552c                fileToErase
                0x00805540                zeroOffsetA
                0x00805542                commandCode
                0x00805543                pressureBuffer
                0x0080556b                lightBuffer
                0x0080560b                pressureSampleStartTime
                0x00805613                okToSendTemperatureBuffer
                0x00805615                CRC
                0x00805619                Rs232Buffer
                0x0080567d                tempDisplay
                0x008056af                availableFileName
                0x008056be                port
                0x008056f0                nickname
                0x00805722                okToSendMicrophoneBuffer
                0x00805725                humidityBuffer
                0x0080574d                fastString
                0x00805757                tmp16
                0x00805759                PROVIDE (__bss_end, .)
                0x0000ac06                __data_load_start = LOADADDR (.data)
                0x0000b8ec                __data_load_end = (__data_load_start + SIZEOF (.data))

.noinit         0x00805759        0x0
                0x00805759                PROVIDE (__noinit_start, .)
 *(.noinit*)
                0x00805759                PROVIDE (__noinit_end, .)
                0x00805759                _end = .
                0x00805759                PROVIDE (__heap_start, .)

.eeprom         0x00810000        0x0
 *(.eeprom*)
                0x00810000                __eeprom_end = .

.fuse
 *(.fuse)
 *(.lfuse)
 *(.hfuse)
 *(.efuse)

.lock
 *(.lock*)

.signature
 *(.signature*)

.stab           0x00000000     0x1ef0
 *(.stab)
 .stab          0x00000000      0x768 /usr/local/CrossPack-AVR-20100115/lib/gcc/avr/4.3.3/../../../../avr/lib/avrxmega6/crtx256a3b.o
 .stab          0x00000768      0x1e0 /usr/local/CrossPack-AVR-20100115/lib/gcc/avr/4.3.3/../../../../avr/lib/avrxmega6/libc.a(atol.o)
                                0x1ec (size before relaxing)
 .stab          0x00000948       0xe4 /usr/local/CrossPack-AVR-20100115/lib/gcc/avr/4.3.3/../../../../avr/lib/avrxmega6/libc.a(memmove.o)
                                 0xf0 (size before relaxing)
 .stab          0x00000a2c       0xfc /usr/local/CrossPack-AVR-20100115/lib/gcc/avr/4.3.3/../../../../avr/lib/avrxmega6/libc.a(strcasecmp.o)
                                0x108 (size before relaxing)
 .stab          0x00000b28      0x1ec /usr/local/CrossPack-AVR-20100115/lib/gcc/avr/4.3.3/../../../../avr/lib/avrxmega6/libc.a(strcasestr.o)
                                0x1f8 (size before relaxing)
 .stab          0x00000d14       0x9c /usr/local/CrossPack-AVR-20100115/lib/gcc/avr/4.3.3/../../../../avr/lib/avrxmega6/libc.a(strcat.o)
                                 0xa8 (size before relaxing)
 .stab          0x00000db0       0x84 /usr/local/CrossPack-AVR-20100115/lib/gcc/avr/4.3.3/../../../../avr/lib/avrxmega6/libc.a(strcmp.o)
                                 0x90 (size before relaxing)
 .stab          0x00000e34       0x6c /usr/local/CrossPack-AVR-20100115/lib/gcc/avr/4.3.3/../../../../avr/lib/avrxmega6/libc.a(strcpy.o)
                                 0x78 (size before relaxing)
 .stab          0x00000ea0      0x150 /usr/local/CrossPack-AVR-20100115/lib/gcc/avr/4.3.3/../../../../avr/lib/avrxmega6/libc.a(strstr.o)
                                0x15c (size before relaxing)
 .stab          0x00000ff0      0x204 /usr/local/CrossPack-AVR-20100115/lib/gcc/avr/4.3.3/../../../../avr/lib/avrxmega6/libc.a(strtok_r.o)
                                0x210 (size before relaxing)
 .stab          0x000011f4       0x90 /usr/local/CrossPack-AVR-20100115/lib/gcc/avr/4.3.3/../../../../avr/lib/avrxmega6/libc.a(strupr.o)
                                 0x9c (size before relaxing)
 .stab          0x00001284      0x1b0 /usr/local/CrossPack-AVR-20100115/lib/gcc/avr/4.3.3/../../../../avr/lib/avrxmega6/libc.a(itoa.o)
                                0x1bc (size before relaxing)
 .stab          0x00001434      0x294 /usr/local/CrossPack-AVR-20100115/lib/gcc/avr/4.3.3/../../../../avr/lib/avrxmega6/libc.a(ltoa.o)
                                0x2a0 (size before relaxing)
 .stab          0x000016c8      0x114 /usr/local/CrossPack-AVR-20100115/lib/gcc/avr/4.3.3/../../../../avr/lib/avrxmega6/libc.a(mulsi10.o)
                                0x120 (size before relaxing)
 .stab          0x000017dc       0x9c /usr/local/CrossPack-AVR-20100115/lib/gcc/avr/4.3.3/../../../../avr/lib/avrxmega6/libc.a(strnlen_P.o)
                                 0xa8 (size before relaxing)
 .stab          0x00001878       0x84 /usr/local/CrossPack-AVR-20100115/lib/gcc/avr/4.3.3/../../../../avr/lib/avrxmega6/libc.a(memcpy.o)
                                 0x90 (size before relaxing)
 .stab          0x000018fc       0x9c /usr/local/CrossPack-AVR-20100115/lib/gcc/avr/4.3.3/../../../../avr/lib/avrxmega6/libc.a(strnlen.o)
                                 0xa8 (size before relaxing)
 .stab          0x00001998       0xd8 /usr/local/CrossPack-AVR-20100115/lib/gcc/avr/4.3.3/../../../../avr/lib/avrxmega6/libc.a(strrev.o)
                                 0xe4 (size before relaxing)
 .stab          0x00001a70      0x480 /usr/local/CrossPack-AVR-20100115/lib/gcc/avr/4.3.3/../../../../avr/lib/avrxmega6/libc.a(ultoa_invert.o)
                                0x48c (size before relaxing)

.stabstr        0x00000000      0x715
 *(.stabstr)
 .stabstr       0x00000000      0x715 /usr/local/CrossPack-AVR-20100115/lib/gcc/avr/4.3.3/../../../../avr/lib/avrxmega6/crtx256a3b.o

.stab.excl
 *(.stab.excl)

.stab.exclstr
 *(.stab.exclstr)

.stab.index
 *(.stab.index)

.stab.indexstr
 *(.stab.indexstr)

.comment
 *(.comment)

.debug
 *(.debug)

.line
 *(.line)

.debug_srcinfo
 *(.debug_srcinfo)

.debug_sfnames
 *(.debug_sfnames)

.debug_aranges  0x00000000       0xa0
 *(.debug_aranges)
 .debug_aranges
                0x00000000       0x20 mainBaseStation.o
 .debug_aranges
                0x00000020       0x20 /usr/local/CrossPack-AVR-20100115/lib/gcc/avr/4.3.3/../../../../avr/lib/avrxmega6/libc.a(strtok.o)
 .debug_aranges
                0x00000040       0x20 /usr/local/CrossPack-AVR-20100115/lib/gcc/avr/4.3.3/../../../../avr/lib/avrxmega6/libc.a(sprintf.o)
 .debug_aranges
                0x00000060       0x20 /usr/local/CrossPack-AVR-20100115/lib/gcc/avr/4.3.3/../../../../avr/lib/avrxmega6/libc.a(vfprintf_std.o)
 .debug_aranges
                0x00000080       0x20 /usr/local/CrossPack-AVR-20100115/lib/gcc/avr/4.3.3/../../../../avr/lib/avrxmega6/libc.a(fputc.o)

.debug_pubnames
                0x00000000     0x16e0
 *(.debug_pubnames)
 .debug_pubnames
                0x00000000     0x166a mainBaseStation.o
 .debug_pubnames
                0x0000166a       0x1d /usr/local/CrossPack-AVR-20100115/lib/gcc/avr/4.3.3/../../../../avr/lib/avrxmega6/libc.a(strtok.o)
 .debug_pubnames
                0x00001687       0x1e /usr/local/CrossPack-AVR-20100115/lib/gcc/avr/4.3.3/../../../../avr/lib/avrxmega6/libc.a(sprintf.o)
 .debug_pubnames
                0x000016a5       0x1f /usr/local/CrossPack-AVR-20100115/lib/gcc/avr/4.3.3/../../../../avr/lib/avrxmega6/libc.a(vfprintf_std.o)
 .debug_pubnames
                0x000016c4       0x1c /usr/local/CrossPack-AVR-20100115/lib/gcc/avr/4.3.3/../../../../avr/lib/avrxmega6/libc.a(fputc.o)

.debug_info     0x00000000     0x8b6a
 *(.debug_info)
 .debug_info    0x00000000     0x8471 mainBaseStation.o
 .debug_info    0x00008471       0x91 /usr/local/CrossPack-AVR-20100115/lib/gcc/avr/4.3.3/../../../../avr/lib/avrxmega6/libc.a(strtok.o)
 .debug_info    0x00008502      0x1b4 /usr/local/CrossPack-AVR-20100115/lib/gcc/avr/4.3.3/../../../../avr/lib/avrxmega6/libc.a(sprintf.o)
 .debug_info    0x000086b6      0x34a /usr/local/CrossPack-AVR-20100115/lib/gcc/avr/4.3.3/../../../../avr/lib/avrxmega6/libc.a(vfprintf_std.o)
 .debug_info    0x00008a00      0x16a /usr/local/CrossPack-AVR-20100115/lib/gcc/avr/4.3.3/../../../../avr/lib/avrxmega6/libc.a(fputc.o)
 *(.gnu.linkonce.wi.*)

.debug_abbrev   0x00000000      0xa30
 *(.debug_abbrev)
 .debug_abbrev  0x00000000      0x64c mainBaseStation.o
 .debug_abbrev  0x0000064c       0x77 /usr/local/CrossPack-AVR-20100115/lib/gcc/avr/4.3.3/../../../../avr/lib/avrxmega6/libc.a(strtok.o)
 .debug_abbrev  0x000006c3      0x10e /usr/local/CrossPack-AVR-20100115/lib/gcc/avr/4.3.3/../../../../avr/lib/avrxmega6/libc.a(sprintf.o)
 .debug_abbrev  0x000007d1      0x184 /usr/local/CrossPack-AVR-20100115/lib/gcc/avr/4.3.3/../../../../avr/lib/avrxmega6/libc.a(vfprintf_std.o)
 .debug_abbrev  0x00000955       0xdb /usr/local/CrossPack-AVR-20100115/lib/gcc/avr/4.3.3/../../../../avr/lib/avrxmega6/libc.a(fputc.o)

.debug_line     0x00000000     0x6f3f
 *(.debug_line)
 .debug_line    0x00000000     0x6836 mainBaseStation.o
 .debug_line    0x00006836       0x81 /usr/local/CrossPack-AVR-20100115/lib/gcc/avr/4.3.3/../../../../avr/lib/avrxmega6/libc.a(strtok.o)
 .debug_line    0x000068b7      0x12f /usr/local/CrossPack-AVR-20100115/lib/gcc/avr/4.3.3/../../../../avr/lib/avrxmega6/libc.a(sprintf.o)
 .debug_line    0x000069e6      0x482 /usr/local/CrossPack-AVR-20100115/lib/gcc/avr/4.3.3/../../../../avr/lib/avrxmega6/libc.a(vfprintf_std.o)
 .debug_line    0x00006e68       0xd7 /usr/local/CrossPack-AVR-20100115/lib/gcc/avr/4.3.3/../../../../avr/lib/avrxmega6/libc.a(fputc.o)

.debug_frame    0x00000000      0xa40
 *(.debug_frame)
 .debug_frame   0x00000000      0x9c0 mainBaseStation.o
 .debug_frame   0x000009c0       0x20 /usr/local/CrossPack-AVR-20100115/lib/gcc/avr/4.3.3/../../../../avr/lib/avrxmega6/libc.a(strtok.o)
 .debug_frame   0x000009e0       0x20 /usr/local/CrossPack-AVR-20100115/lib/gcc/avr/4.3.3/../../../../avr/lib/avrxmega6/libc.a(sprintf.o)
 .debug_frame   0x00000a00       0x20 /usr/local/CrossPack-AVR-20100115/lib/gcc/avr/4.3.3/../../../../avr/lib/avrxmega6/libc.a(vfprintf_std.o)
 .debug_frame   0x00000a20       0x20 /usr/local/CrossPack-AVR-20100115/lib/gcc/avr/4.3.3/../../../../avr/lib/avrxmega6/libc.a(fputc.o)

.debug_str      0x00000000     0x463e
 *(.debug_str)
 .debug_str     0x00000000     0x44e0 mainBaseStation.o
                               0x45f8 (size before relaxing)
 .debug_str     0x000044e0       0x92 /usr/local/CrossPack-AVR-20100115/lib/gcc/avr/4.3.3/../../../../avr/lib/avrxmega6/libc.a(strtok.o)
                                 0xb0 (size before relaxing)
 .debug_str     0x00004572       0x3f /usr/local/CrossPack-AVR-20100115/lib/gcc/avr/4.3.3/../../../../avr/lib/avrxmega6/libc.a(sprintf.o)
                                0x154 (size before relaxing)
 .debug_str     0x000045b1       0x6b /usr/local/CrossPack-AVR-20100115/lib/gcc/avr/4.3.3/../../../../avr/lib/avrxmega6/libc.a(vfprintf_std.o)
                                0x19e (size before relaxing)
 .debug_str     0x0000461c       0x22 /usr/local/CrossPack-AVR-20100115/lib/gcc/avr/4.3.3/../../../../avr/lib/avrxmega6/libc.a(fputc.o)
                                0x12e (size before relaxing)

.debug_loc      0x00000000     0x679d
 *(.debug_loc)
 .debug_loc     0x00000000     0x6270 mainBaseStation.o
 .debug_loc     0x00006270       0x30 /usr/local/CrossPack-AVR-20100115/lib/gcc/avr/4.3.3/../../../../avr/lib/avrxmega6/libc.a(strtok.o)
 .debug_loc     0x000062a0       0x24 /usr/local/CrossPack-AVR-20100115/lib/gcc/avr/4.3.3/../../../../avr/lib/avrxmega6/libc.a(sprintf.o)
 .debug_loc     0x000062c4      0x479 /usr/local/CrossPack-AVR-20100115/lib/gcc/avr/4.3.3/../../../../avr/lib/avrxmega6/libc.a(vfprintf_std.o)
 .debug_loc     0x0000673d       0x60 /usr/local/CrossPack-AVR-20100115/lib/gcc/avr/4.3.3/../../../../avr/lib/avrxmega6/libc.a(fputc.o)

.debug_macinfo
 *(.debug_macinfo)
OUTPUT(mainBaseStation.elf elf32-avr)
LOAD linker stubs

.debug_ranges   0x00000000      0x408
 .debug_ranges  0x00000000      0x390 mainBaseStation.o
 .debug_ranges  0x00000390       0x18 /usr/local/CrossPack-AVR-20100115/lib/gcc/avr/4.3.3/../../../../avr/lib/avrxmega6/libc.a(strtok.o)
 .debug_ranges  0x000003a8       0x18 /usr/local/CrossPack-AVR-20100115/lib/gcc/avr/4.3.3/../../../../avr/lib/avrxmega6/libc.a(sprintf.o)
 .debug_ranges  0x000003c0       0x30 /usr/local/CrossPack-AVR-20100115/lib/gcc/avr/4.3.3/../../../../avr/lib/avrxmega6/libc.a(vfprintf_std.o)
 .debug_ranges  0x000003f0       0x18 /usr/local/CrossPack-AVR-20100115/lib/gcc/avr/4.3.3/../../../../avr/lib/avrxmega6/libc.a(fputc.o)

Cross Reference Table

Symbol                                            File
Button_Init                                       mainBaseStation.o
Button_Pressed                                    mainBaseStation.o
CCPWrite                                          mainBaseStation.o
CRC                                               mainBaseStation.o
Clock_Init                                        mainBaseStation.o
DebugBuffer                                       mainBaseStation.o
Debug_CharReadyToRead                             mainBaseStation.o
Debug_ClearBuffer                                 mainBaseStation.o
Debug_GetByte                                     mainBaseStation.o
Debug_Init                                        mainBaseStation.o
Debug_SendByte                                    mainBaseStation.o
Debug_SendString                                  mainBaseStation.o
Debug_readLocation                                mainBaseStation.o
Debug_timeOutCounter                              mainBaseStation.o
Debug_writeLocation                               mainBaseStation.o
Disable_JTAG                                      mainBaseStation.o
Display_BackgroundWriter_Init                     mainBaseStation.o
Drives                                            mainBaseStation.o
Interrupt_Init                                    mainBaseStation.o
Light_Init                                        mainBaseStation.o
Light_readByte                                    mainBaseStation.o
Light_readColors                                  mainBaseStation.o
Light_returnColor                                 mainBaseStation.o
Light_setGain                                     mainBaseStation.o
Light_writeByte                                   mainBaseStation.o
Log_File                                          mainBaseStation.o
Rs232Buffer                                       mainBaseStation.o
Rs232_CharReadyToRead                             mainBaseStation.o
Rs232_ClearBuffer                                 mainBaseStation.o
Rs232_GetByte                                     mainBaseStation.o
Rs232_Init                                        mainBaseStation.o
Rs232_SendByte                                    mainBaseStation.o
Rs232_SendString                                  mainBaseStation.o
Rs232_readLocation                                mainBaseStation.o
Rs232_writeLocation                               mainBaseStation.o
SD_BackroundWriter_Init                           mainBaseStation.o
SD_ClearCRC                                       mainBaseStation.o
SD_Close                                          mainBaseStation.o
SD_GetSpaceRemaining                              mainBaseStation.o
SD_Init                                           mainBaseStation.o
SD_Inserted                                       mainBaseStation.o
SD_MakeFileName                                   mainBaseStation.o
SD_Open                                           mainBaseStation.o
SD_Read_config_file                               mainBaseStation.o
SD_StartLogFile                                   mainBaseStation.o
SD_Timer_Init                                     mainBaseStation.o
SD_Write16                                        mainBaseStation.o
SD_Write32                                        mainBaseStation.o
SD_Write8                                         mainBaseStation.o
SD_WriteAirSampleMinute                           mainBaseStation.o
SD_WriteAirSampleSecond                           mainBaseStation.o
SD_WriteBuffer                                    mainBaseStation.o
SD_WriteCRC                                       mainBaseStation.o
SD_WriteHumidityBuffer                            mainBaseStation.o
SD_WriteLightBuffer                               mainBaseStation.o
SD_WriteMicrophoneBuffer                          mainBaseStation.o
SD_WritePressureBuffer                            mainBaseStation.o
SD_WriteRTCBlock                                  mainBaseStation.o
SD_WriteString                                    mainBaseStation.o
SD_WriteTemperatureBuffer                         mainBaseStation.o
SP_ReadCalibrationByte                            mainBaseStation.o
Sensors_Init                                      mainBaseStation.o
Sensors_ReadHumidity                              mainBaseStation.o
Sensors_ReadMicrophone                            mainBaseStation.o
Sensors_ReadPower                                 mainBaseStation.o
Sensors_ReadPressure                              mainBaseStation.o
Sensors_ReadTemperature                           mainBaseStation.o
Sensors_ResetHumidityBuffers                      mainBaseStation.o
Sensors_ResetLightBuffers                         mainBaseStation.o
Sensors_ResetMicrophoneBuffers                    mainBaseStation.o
Sensors_ResetPressureBuffers                      mainBaseStation.o
Sensors_ResetTemperatureBuffers                   mainBaseStation.o
Time_CheckVBatSystem                              mainBaseStation.o
Time_Get                                          mainBaseStation.o
Time_Get32BitTimer                                mainBaseStation.o
Time_Init                                         mainBaseStation.o
Time_Set                                          mainBaseStation.o
Time_UTCSecsToTime                                mainBaseStation.o
UNIX_Time                                         mainBaseStation.o
Upload_File                                       mainBaseStation.o
Uploader_ClearCRC                                 mainBaseStation.o
Uploader_Update                                   mainBaseStation.o
Uploader_UpdateCRC                                mainBaseStation.o
Uploader_WriteCRC                                 mainBaseStation.o
Uploader_connectToComputer                        mainBaseStation.o
Uploader_eraseFile                                mainBaseStation.o
Uploader_getTime                                  mainBaseStation.o
Uploader_sendAuthType                             mainBaseStation.o
Uploader_sendFilename                             mainBaseStation.o
Uploader_sendKey                                  mainBaseStation.o
Uploader_sendNickname                             mainBaseStation.o
Uploader_sendPort                                 mainBaseStation.o
Uploader_sendSSID                                 mainBaseStation.o
Uploader_sendServer                               mainBaseStation.o
Uploader_sendUser                                 mainBaseStation.o
Uploader_uploadFile                               mainBaseStation.o
__bad_interrupt                                   /usr/local/CrossPack-AVR-20100115/lib/gcc/avr/4.3.3/../../../../avr/lib/avrxmega6/crtx256a3b.o
__bss_end                                         /usr/local/CrossPack-AVR-20100115/lib/gcc/avr/4.3.3/avrxmega6/libgcc.a(_clear_bss.o)
__bss_start                                       /usr/local/CrossPack-AVR-20100115/lib/gcc/avr/4.3.3/avrxmega6/libgcc.a(_clear_bss.o)
__data_end                                        /usr/local/CrossPack-AVR-20100115/lib/gcc/avr/4.3.3/../../../../avr/lib/avrxmega6/crtx256a3b.o
__data_load_start                                 /usr/local/CrossPack-AVR-20100115/lib/gcc/avr/4.3.3/../../../../avr/lib/avrxmega6/crtx256a3b.o
__data_start                                      /usr/local/CrossPack-AVR-20100115/lib/gcc/avr/4.3.3/../../../../avr/lib/avrxmega6/crtx256a3b.o
__divmodhi4                                       /usr/local/CrossPack-AVR-20100115/lib/gcc/avr/4.3.3/avrxmega6/libgcc.a(_divmodhi4.o)
                                                  mainBaseStation.o
__do_clear_bss                                    /usr/local/CrossPack-AVR-20100115/lib/gcc/avr/4.3.3/avrxmega6/libgcc.a(_clear_bss.o)
                                                  /usr/local/CrossPack-AVR-20100115/lib/gcc/avr/4.3.3/../../../../avr/lib/avrxmega6/libc.a(strtok.o)
                                                  mainBaseStation.o
__do_copy_data                                    /usr/local/CrossPack-AVR-20100115/lib/gcc/avr/4.3.3/../../../../avr/lib/avrxmega6/crtx256a3b.o
                                                  mainBaseStation.o
__heap_end                                        /usr/local/CrossPack-AVR-20100115/lib/gcc/avr/4.3.3/../../../../avr/lib/avrxmega6/crtx256a3b.o
__init                                            /usr/local/CrossPack-AVR-20100115/lib/gcc/avr/4.3.3/../../../../avr/lib/avrxmega6/crtx256a3b.o
__mulsi3                                          /usr/local/CrossPack-AVR-20100115/lib/gcc/avr/4.3.3/avrxmega6/libgcc.a(_mulsi3.o)
                                                  mainBaseStation.o
__mulsi_const_10                                  /usr/local/CrossPack-AVR-20100115/lib/gcc/avr/4.3.3/../../../../avr/lib/avrxmega6/libc.a(mulsi10.o)
                                                  /usr/local/CrossPack-AVR-20100115/lib/gcc/avr/4.3.3/../../../../avr/lib/avrxmega6/libc.a(atol.o)
__stack                                           /usr/local/CrossPack-AVR-20100115/lib/gcc/avr/4.3.3/../../../../avr/lib/avrxmega6/crtx256a3b.o
__udivmodhi4                                      /usr/local/CrossPack-AVR-20100115/lib/gcc/avr/4.3.3/avrxmega6/libgcc.a(_udivmodhi4.o)
                                                  /usr/local/CrossPack-AVR-20100115/lib/gcc/avr/4.3.3/../../../../avr/lib/avrxmega6/libc.a(itoa.o)
                                                  /usr/local/CrossPack-AVR-20100115/lib/gcc/avr/4.3.3/avrxmega6/libgcc.a(_divmodhi4.o)
                                                  mainBaseStation.o
__udivmodsi4                                      /usr/local/CrossPack-AVR-20100115/lib/gcc/avr/4.3.3/avrxmega6/libgcc.a(_udivmodsi4.o)
                                                  /usr/local/CrossPack-AVR-20100115/lib/gcc/avr/4.3.3/../../../../avr/lib/avrxmega6/libc.a(ltoa.o)
                                                  mainBaseStation.o
__ultoa_invert                                    /usr/local/CrossPack-AVR-20100115/lib/gcc/avr/4.3.3/../../../../avr/lib/avrxmega6/libc.a(ultoa_invert.o)
                                                  /usr/local/CrossPack-AVR-20100115/lib/gcc/avr/4.3.3/../../../../avr/lib/avrxmega6/libc.a(vfprintf_std.o)
__vector_1                                        /usr/local/CrossPack-AVR-20100115/lib/gcc/avr/4.3.3/../../../../avr/lib/avrxmega6/crtx256a3b.o
__vector_10                                       /usr/local/CrossPack-AVR-20100115/lib/gcc/avr/4.3.3/../../../../avr/lib/avrxmega6/crtx256a3b.o
__vector_100                                      /usr/local/CrossPack-AVR-20100115/lib/gcc/avr/4.3.3/../../../../avr/lib/avrxmega6/crtx256a3b.o
__vector_101                                      /usr/local/CrossPack-AVR-20100115/lib/gcc/avr/4.3.3/../../../../avr/lib/avrxmega6/crtx256a3b.o
__vector_102                                      /usr/local/CrossPack-AVR-20100115/lib/gcc/avr/4.3.3/../../../../avr/lib/avrxmega6/crtx256a3b.o
__vector_103                                      /usr/local/CrossPack-AVR-20100115/lib/gcc/avr/4.3.3/../../../../avr/lib/avrxmega6/crtx256a3b.o
__vector_104                                      mainBaseStation.o
                                                  /usr/local/CrossPack-AVR-20100115/lib/gcc/avr/4.3.3/../../../../avr/lib/avrxmega6/crtx256a3b.o
__vector_105                                      mainBaseStation.o
                                                  /usr/local/CrossPack-AVR-20100115/lib/gcc/avr/4.3.3/../../../../avr/lib/avrxmega6/crtx256a3b.o
__vector_106                                      /usr/local/CrossPack-AVR-20100115/lib/gcc/avr/4.3.3/../../../../avr/lib/avrxmega6/crtx256a3b.o
__vector_107                                      /usr/local/CrossPack-AVR-20100115/lib/gcc/avr/4.3.3/../../../../avr/lib/avrxmega6/crtx256a3b.o
__vector_108                                      mainBaseStation.o
                                                  /usr/local/CrossPack-AVR-20100115/lib/gcc/avr/4.3.3/../../../../avr/lib/avrxmega6/crtx256a3b.o
__vector_109                                      /usr/local/CrossPack-AVR-20100115/lib/gcc/avr/4.3.3/../../../../avr/lib/avrxmega6/crtx256a3b.o
__vector_11                                       /usr/local/CrossPack-AVR-20100115/lib/gcc/avr/4.3.3/../../../../avr/lib/avrxmega6/crtx256a3b.o
__vector_110                                      /usr/local/CrossPack-AVR-20100115/lib/gcc/avr/4.3.3/../../../../avr/lib/avrxmega6/crtx256a3b.o
__vector_111                                      /usr/local/CrossPack-AVR-20100115/lib/gcc/avr/4.3.3/../../../../avr/lib/avrxmega6/crtx256a3b.o
__vector_112                                      /usr/local/CrossPack-AVR-20100115/lib/gcc/avr/4.3.3/../../../../avr/lib/avrxmega6/crtx256a3b.o
__vector_113                                      /usr/local/CrossPack-AVR-20100115/lib/gcc/avr/4.3.3/../../../../avr/lib/avrxmega6/crtx256a3b.o
__vector_114                                      /usr/local/CrossPack-AVR-20100115/lib/gcc/avr/4.3.3/../../../../avr/lib/avrxmega6/crtx256a3b.o
__vector_115                                      /usr/local/CrossPack-AVR-20100115/lib/gcc/avr/4.3.3/../../../../avr/lib/avrxmega6/crtx256a3b.o
__vector_116                                      /usr/local/CrossPack-AVR-20100115/lib/gcc/avr/4.3.3/../../../../avr/lib/avrxmega6/crtx256a3b.o
__vector_117                                      /usr/local/CrossPack-AVR-20100115/lib/gcc/avr/4.3.3/../../../../avr/lib/avrxmega6/crtx256a3b.o
__vector_118                                      /usr/local/CrossPack-AVR-20100115/lib/gcc/avr/4.3.3/../../../../avr/lib/avrxmega6/crtx256a3b.o
__vector_119                                      /usr/local/CrossPack-AVR-20100115/lib/gcc/avr/4.3.3/../../../../avr/lib/avrxmega6/crtx256a3b.o
__vector_12                                       /usr/local/CrossPack-AVR-20100115/lib/gcc/avr/4.3.3/../../../../avr/lib/avrxmega6/crtx256a3b.o
__vector_120                                      /usr/local/CrossPack-AVR-20100115/lib/gcc/avr/4.3.3/../../../../avr/lib/avrxmega6/crtx256a3b.o
__vector_121                                      /usr/local/CrossPack-AVR-20100115/lib/gcc/avr/4.3.3/../../../../avr/lib/avrxmega6/crtx256a3b.o
__vector_13                                       /usr/local/CrossPack-AVR-20100115/lib/gcc/avr/4.3.3/../../../../avr/lib/avrxmega6/crtx256a3b.o
__vector_14                                       /usr/local/CrossPack-AVR-20100115/lib/gcc/avr/4.3.3/../../../../avr/lib/avrxmega6/crtx256a3b.o
__vector_15                                       /usr/local/CrossPack-AVR-20100115/lib/gcc/avr/4.3.3/../../../../avr/lib/avrxmega6/crtx256a3b.o
__vector_16                                       /usr/local/CrossPack-AVR-20100115/lib/gcc/avr/4.3.3/../../../../avr/lib/avrxmega6/crtx256a3b.o
__vector_17                                       /usr/local/CrossPack-AVR-20100115/lib/gcc/avr/4.3.3/../../../../avr/lib/avrxmega6/crtx256a3b.o
__vector_18                                       /usr/local/CrossPack-AVR-20100115/lib/gcc/avr/4.3.3/../../../../avr/lib/avrxmega6/crtx256a3b.o
__vector_19                                       /usr/local/CrossPack-AVR-20100115/lib/gcc/avr/4.3.3/../../../../avr/lib/avrxmega6/crtx256a3b.o
__vector_2                                        /usr/local/CrossPack-AVR-20100115/lib/gcc/avr/4.3.3/../../../../avr/lib/avrxmega6/crtx256a3b.o
__vector_20                                       /usr/local/CrossPack-AVR-20100115/lib/gcc/avr/4.3.3/../../../../avr/lib/avrxmega6/crtx256a3b.o
__vector_21                                       /usr/local/CrossPack-AVR-20100115/lib/gcc/avr/4.3.3/../../../../avr/lib/avrxmega6/crtx256a3b.o
__vector_22                                       /usr/local/CrossPack-AVR-20100115/lib/gcc/avr/4.3.3/../../../../avr/lib/avrxmega6/crtx256a3b.o
__vector_23                                       /usr/local/CrossPack-AVR-20100115/lib/gcc/avr/4.3.3/../../../../avr/lib/avrxmega6/crtx256a3b.o
__vector_24                                       /usr/local/CrossPack-AVR-20100115/lib/gcc/avr/4.3.3/../../../../avr/lib/avrxmega6/crtx256a3b.o
__vector_25                                       /usr/local/CrossPack-AVR-20100115/lib/gcc/avr/4.3.3/../../../../avr/lib/avrxmega6/crtx256a3b.o
__vector_26                                       /usr/local/CrossPack-AVR-20100115/lib/gcc/avr/4.3.3/../../../../avr/lib/avrxmega6/crtx256a3b.o
__vector_27                                       /usr/local/CrossPack-AVR-20100115/lib/gcc/avr/4.3.3/../../../../avr/lib/avrxmega6/crtx256a3b.o
__vector_28                                       /usr/local/CrossPack-AVR-20100115/lib/gcc/avr/4.3.3/../../../../avr/lib/avrxmega6/crtx256a3b.o
__vector_29                                       /usr/local/CrossPack-AVR-20100115/lib/gcc/avr/4.3.3/../../../../avr/lib/avrxmega6/crtx256a3b.o
__vector_3                                        /usr/local/CrossPack-AVR-20100115/lib/gcc/avr/4.3.3/../../../../avr/lib/avrxmega6/crtx256a3b.o
__vector_30                                       /usr/local/CrossPack-AVR-20100115/lib/gcc/avr/4.3.3/../../../../avr/lib/avrxmega6/crtx256a3b.o
__vector_31                                       /usr/local/CrossPack-AVR-20100115/lib/gcc/avr/4.3.3/../../../../avr/lib/avrxmega6/crtx256a3b.o
__vector_32                                       /usr/local/CrossPack-AVR-20100115/lib/gcc/avr/4.3.3/../../../../avr/lib/avrxmega6/crtx256a3b.o
__vector_33                                       /usr/local/CrossPack-AVR-20100115/lib/gcc/avr/4.3.3/../../../../avr/lib/avrxmega6/crtx256a3b.o
__vector_34                                       /usr/local/CrossPack-AVR-20100115/lib/gcc/avr/4.3.3/../../../../avr/lib/avrxmega6/crtx256a3b.o
__vector_35                                       /usr/local/CrossPack-AVR-20100115/lib/gcc/avr/4.3.3/../../../../avr/lib/avrxmega6/crtx256a3b.o
__vector_36                                       /usr/local/CrossPack-AVR-20100115/lib/gcc/avr/4.3.3/../../../../avr/lib/avrxmega6/crtx256a3b.o
__vector_37                                       /usr/local/CrossPack-AVR-20100115/lib/gcc/avr/4.3.3/../../../../avr/lib/avrxmega6/crtx256a3b.o
__vector_38                                       /usr/local/CrossPack-AVR-20100115/lib/gcc/avr/4.3.3/../../../../avr/lib/avrxmega6/crtx256a3b.o
__vector_39                                       /usr/local/CrossPack-AVR-20100115/lib/gcc/avr/4.3.3/../../../../avr/lib/avrxmega6/crtx256a3b.o
__vector_4                                        /usr/local/CrossPack-AVR-20100115/lib/gcc/avr/4.3.3/../../../../avr/lib/avrxmega6/crtx256a3b.o
__vector_40                                       /usr/local/CrossPack-AVR-20100115/lib/gcc/avr/4.3.3/../../../../avr/lib/avrxmega6/crtx256a3b.o
__vector_41                                       /usr/local/CrossPack-AVR-20100115/lib/gcc/avr/4.3.3/../../../../avr/lib/avrxmega6/crtx256a3b.o
__vector_42                                       /usr/local/CrossPack-AVR-20100115/lib/gcc/avr/4.3.3/../../../../avr/lib/avrxmega6/crtx256a3b.o
__vector_43                                       /usr/local/CrossPack-AVR-20100115/lib/gcc/avr/4.3.3/../../../../avr/lib/avrxmega6/crtx256a3b.o
__vector_44                                       /usr/local/CrossPack-AVR-20100115/lib/gcc/avr/4.3.3/../../../../avr/lib/avrxmega6/crtx256a3b.o
__vector_45                                       /usr/local/CrossPack-AVR-20100115/lib/gcc/avr/4.3.3/../../../../avr/lib/avrxmega6/crtx256a3b.o
__vector_46                                       /usr/local/CrossPack-AVR-20100115/lib/gcc/avr/4.3.3/../../../../avr/lib/avrxmega6/crtx256a3b.o
__vector_47                                       mainBaseStation.o
                                                  /usr/local/CrossPack-AVR-20100115/lib/gcc/avr/4.3.3/../../../../avr/lib/avrxmega6/crtx256a3b.o
__vector_48                                       /usr/local/CrossPack-AVR-20100115/lib/gcc/avr/4.3.3/../../../../avr/lib/avrxmega6/crtx256a3b.o
__vector_49                                       /usr/local/CrossPack-AVR-20100115/lib/gcc/avr/4.3.3/../../../../avr/lib/avrxmega6/crtx256a3b.o
__vector_5                                        /usr/local/CrossPack-AVR-20100115/lib/gcc/avr/4.3.3/../../../../avr/lib/avrxmega6/crtx256a3b.o
__vector_50                                       /usr/local/CrossPack-AVR-20100115/lib/gcc/avr/4.3.3/../../../../avr/lib/avrxmega6/crtx256a3b.o
__vector_51                                       /usr/local/CrossPack-AVR-20100115/lib/gcc/avr/4.3.3/../../../../avr/lib/avrxmega6/crtx256a3b.o
__vector_52                                       /usr/local/CrossPack-AVR-20100115/lib/gcc/avr/4.3.3/../../../../avr/lib/avrxmega6/crtx256a3b.o
__vector_53                                       mainBaseStation.o
                                                  /usr/local/CrossPack-AVR-20100115/lib/gcc/avr/4.3.3/../../../../avr/lib/avrxmega6/crtx256a3b.o
__vector_54                                       /usr/local/CrossPack-AVR-20100115/lib/gcc/avr/4.3.3/../../../../avr/lib/avrxmega6/crtx256a3b.o
__vector_55                                       /usr/local/CrossPack-AVR-20100115/lib/gcc/avr/4.3.3/../../../../avr/lib/avrxmega6/crtx256a3b.o
__vector_56                                       /usr/local/CrossPack-AVR-20100115/lib/gcc/avr/4.3.3/../../../../avr/lib/avrxmega6/crtx256a3b.o
__vector_57                                       /usr/local/CrossPack-AVR-20100115/lib/gcc/avr/4.3.3/../../../../avr/lib/avrxmega6/crtx256a3b.o
__vector_58                                       /usr/local/CrossPack-AVR-20100115/lib/gcc/avr/4.3.3/../../../../avr/lib/avrxmega6/crtx256a3b.o
__vector_59                                       /usr/local/CrossPack-AVR-20100115/lib/gcc/avr/4.3.3/../../../../avr/lib/avrxmega6/crtx256a3b.o
__vector_6                                        /usr/local/CrossPack-AVR-20100115/lib/gcc/avr/4.3.3/../../../../avr/lib/avrxmega6/crtx256a3b.o
__vector_60                                       /usr/local/CrossPack-AVR-20100115/lib/gcc/avr/4.3.3/../../../../avr/lib/avrxmega6/crtx256a3b.o
__vector_61                                       /usr/local/CrossPack-AVR-20100115/lib/gcc/avr/4.3.3/../../../../avr/lib/avrxmega6/crtx256a3b.o
__vector_62                                       /usr/local/CrossPack-AVR-20100115/lib/gcc/avr/4.3.3/../../../../avr/lib/avrxmega6/crtx256a3b.o
__vector_63                                       /usr/local/CrossPack-AVR-20100115/lib/gcc/avr/4.3.3/../../../../avr/lib/avrxmega6/crtx256a3b.o
__vector_64                                       /usr/local/CrossPack-AVR-20100115/lib/gcc/avr/4.3.3/../../../../avr/lib/avrxmega6/crtx256a3b.o
__vector_65                                       /usr/local/CrossPack-AVR-20100115/lib/gcc/avr/4.3.3/../../../../avr/lib/avrxmega6/crtx256a3b.o
__vector_66                                       /usr/local/CrossPack-AVR-20100115/lib/gcc/avr/4.3.3/../../../../avr/lib/avrxmega6/crtx256a3b.o
__vector_67                                       /usr/local/CrossPack-AVR-20100115/lib/gcc/avr/4.3.3/../../../../avr/lib/avrxmega6/crtx256a3b.o
__vector_68                                       /usr/local/CrossPack-AVR-20100115/lib/gcc/avr/4.3.3/../../../../avr/lib/avrxmega6/crtx256a3b.o
__vector_69                                       /usr/local/CrossPack-AVR-20100115/lib/gcc/avr/4.3.3/../../../../avr/lib/avrxmega6/crtx256a3b.o
__vector_7                                        /usr/local/CrossPack-AVR-20100115/lib/gcc/avr/4.3.3/../../../../avr/lib/avrxmega6/crtx256a3b.o
__vector_70                                       /usr/local/CrossPack-AVR-20100115/lib/gcc/avr/4.3.3/../../../../avr/lib/avrxmega6/crtx256a3b.o
__vector_71                                       /usr/local/CrossPack-AVR-20100115/lib/gcc/avr/4.3.3/../../../../avr/lib/avrxmega6/crtx256a3b.o
__vector_72                                       /usr/local/CrossPack-AVR-20100115/lib/gcc/avr/4.3.3/../../../../avr/lib/avrxmega6/crtx256a3b.o
__vector_73                                       /usr/local/CrossPack-AVR-20100115/lib/gcc/avr/4.3.3/../../../../avr/lib/avrxmega6/crtx256a3b.o
__vector_74                                       /usr/local/CrossPack-AVR-20100115/lib/gcc/avr/4.3.3/../../../../avr/lib/avrxmega6/crtx256a3b.o
__vector_75                                       /usr/local/CrossPack-AVR-20100115/lib/gcc/avr/4.3.3/../../../../avr/lib/avrxmega6/crtx256a3b.o
__vector_76                                       /usr/local/CrossPack-AVR-20100115/lib/gcc/avr/4.3.3/../../../../avr/lib/avrxmega6/crtx256a3b.o
__vector_77                                       mainBaseStation.o
                                                  /usr/local/CrossPack-AVR-20100115/lib/gcc/avr/4.3.3/../../../../avr/lib/avrxmega6/crtx256a3b.o
__vector_78                                       /usr/local/CrossPack-AVR-20100115/lib/gcc/avr/4.3.3/../../../../avr/lib/avrxmega6/crtx256a3b.o
__vector_79                                       /usr/local/CrossPack-AVR-20100115/lib/gcc/avr/4.3.3/../../../../avr/lib/avrxmega6/crtx256a3b.o
__vector_8                                        /usr/local/CrossPack-AVR-20100115/lib/gcc/avr/4.3.3/../../../../avr/lib/avrxmega6/crtx256a3b.o
__vector_80                                       /usr/local/CrossPack-AVR-20100115/lib/gcc/avr/4.3.3/../../../../avr/lib/avrxmega6/crtx256a3b.o
__vector_81                                       /usr/local/CrossPack-AVR-20100115/lib/gcc/avr/4.3.3/../../../../avr/lib/avrxmega6/crtx256a3b.o
__vector_82                                       /usr/local/CrossPack-AVR-20100115/lib/gcc/avr/4.3.3/../../../../avr/lib/avrxmega6/crtx256a3b.o
__vector_83                                       mainBaseStation.o
                                                  /usr/local/CrossPack-AVR-20100115/lib/gcc/avr/4.3.3/../../../../avr/lib/avrxmega6/crtx256a3b.o
__vector_84                                       /usr/local/CrossPack-AVR-20100115/lib/gcc/avr/4.3.3/../../../../avr/lib/avrxmega6/crtx256a3b.o
__vector_85                                       /usr/local/CrossPack-AVR-20100115/lib/gcc/avr/4.3.3/../../../../avr/lib/avrxmega6/crtx256a3b.o
__vector_86                                       /usr/local/CrossPack-AVR-20100115/lib/gcc/avr/4.3.3/../../../../avr/lib/avrxmega6/crtx256a3b.o
__vector_87                                       /usr/local/CrossPack-AVR-20100115/lib/gcc/avr/4.3.3/../../../../avr/lib/avrxmega6/crtx256a3b.o
__vector_88                                       mainBaseStation.o
                                                  /usr/local/CrossPack-AVR-20100115/lib/gcc/avr/4.3.3/../../../../avr/lib/avrxmega6/crtx256a3b.o
__vector_89                                       /usr/local/CrossPack-AVR-20100115/lib/gcc/avr/4.3.3/../../../../avr/lib/avrxmega6/crtx256a3b.o
__vector_9                                        /usr/local/CrossPack-AVR-20100115/lib/gcc/avr/4.3.3/../../../../avr/lib/avrxmega6/crtx256a3b.o
__vector_90                                       /usr/local/CrossPack-AVR-20100115/lib/gcc/avr/4.3.3/../../../../avr/lib/avrxmega6/crtx256a3b.o
__vector_91                                       /usr/local/CrossPack-AVR-20100115/lib/gcc/avr/4.3.3/../../../../avr/lib/avrxmega6/crtx256a3b.o
__vector_92                                       /usr/local/CrossPack-AVR-20100115/lib/gcc/avr/4.3.3/../../../../avr/lib/avrxmega6/crtx256a3b.o
__vector_93                                       /usr/local/CrossPack-AVR-20100115/lib/gcc/avr/4.3.3/../../../../avr/lib/avrxmega6/crtx256a3b.o
__vector_94                                       /usr/local/CrossPack-AVR-20100115/lib/gcc/avr/4.3.3/../../../../avr/lib/avrxmega6/crtx256a3b.o
__vector_95                                       /usr/local/CrossPack-AVR-20100115/lib/gcc/avr/4.3.3/../../../../avr/lib/avrxmega6/crtx256a3b.o
__vector_96                                       /usr/local/CrossPack-AVR-20100115/lib/gcc/avr/4.3.3/../../../../avr/lib/avrxmega6/crtx256a3b.o
__vector_97                                       /usr/local/CrossPack-AVR-20100115/lib/gcc/avr/4.3.3/../../../../avr/lib/avrxmega6/crtx256a3b.o
__vector_98                                       /usr/local/CrossPack-AVR-20100115/lib/gcc/avr/4.3.3/../../../../avr/lib/avrxmega6/crtx256a3b.o
__vector_99                                       /usr/local/CrossPack-AVR-20100115/lib/gcc/avr/4.3.3/../../../../avr/lib/avrxmega6/crtx256a3b.o
__vector_default                                  /usr/local/CrossPack-AVR-20100115/lib/gcc/avr/4.3.3/../../../../avr/lib/avrxmega6/crtx256a3b.o
__vectors                                         /usr/local/CrossPack-AVR-20100115/lib/gcc/avr/4.3.3/../../../../avr/lib/avrxmega6/crtx256a3b.o
_div                                              /usr/local/CrossPack-AVR-20100115/lib/gcc/avr/4.3.3/avrxmega6/libgcc.a(_divmodhi4.o)
_exit                                             /usr/local/CrossPack-AVR-20100115/lib/gcc/avr/4.3.3/avrxmega6/libgcc.a(_exit.o)
airCount                                          mainBaseStation.o
airQualityString                                  mainBaseStation.o
airSampleTime                                     mainBaseStation.o
am                                                mainBaseStation.o
atol                                              /usr/local/CrossPack-AVR-20100115/lib/gcc/avr/4.3.3/../../../../avr/lib/avrxmega6/libc.a(atol.o)
                                                  mainBaseStation.o
auth                                              mainBaseStation.o
authRead                                          mainBaseStation.o
availableFileName                                 mainBaseStation.o
backLightIsOn                                     mainBaseStation.o
backlight_Timer                                   mainBaseStation.o
chk_mounted                                       mainBaseStation.o
clockHour                                         mainBaseStation.o
clust2sect                                        mainBaseStation.o
colors                                            mainBaseStation.o
colors8                                           mainBaseStation.o
command                                           mainBaseStation.o
commandCode                                       mainBaseStation.o
commandCounter                                    mainBaseStation.o
connected                                         mainBaseStation.o
crc_table                                         mainBaseStation.o
currentLogFile                                    mainBaseStation.o
currentMode                                       mainBaseStation.o
daylightTime                                      mainBaseStation.o
demoMode                                          mainBaseStation.o
demoModeString                                    mainBaseStation.o
deviceAddress                                     mainBaseStation.o
deviceID                                          mainBaseStation.o
dir                                               mainBaseStation.o
disk_initialize                                   mainBaseStation.o
disk_ioctl                                        mainBaseStation.o
disk_read                                         mainBaseStation.o
disk_status                                       mainBaseStation.o
disk_timerproc                                    mainBaseStation.o
disk_write                                        mainBaseStation.o
displayAM                                         mainBaseStation.o
displayPM                                         mainBaseStation.o
display_clearPage                                 mainBaseStation.o
display_clearScreen                               mainBaseStation.o
display_init                                      mainBaseStation.o
display_putString                                 mainBaseStation.o
display_sendCommand                               mainBaseStation.o
display_sendData                                  mainBaseStation.o
display_setBacklight                              mainBaseStation.o
display_setCursor                                 mainBaseStation.o
display_showSplashScreen                          mainBaseStation.o
display_toggleBacklight                           mainBaseStation.o
doneUploading                                     mainBaseStation.o
eraseFileReturn                                   mainBaseStation.o
exit                                              /usr/local/CrossPack-AVR-20100115/lib/gcc/avr/4.3.3/avrxmega6/libgcc.a(_exit.o)
                                                  /usr/local/CrossPack-AVR-20100115/lib/gcc/avr/4.3.3/../../../../avr/lib/avrxmega6/crtx256a3b.o
f_chmod                                           mainBaseStation.o
f_close                                           mainBaseStation.o
f_getfree                                         mainBaseStation.o
f_gets                                            mainBaseStation.o
f_lseek                                           mainBaseStation.o
f_mkdir                                           mainBaseStation.o
f_mkfs                                            mainBaseStation.o
f_mount                                           mainBaseStation.o
f_open                                            mainBaseStation.o
f_opendir                                         mainBaseStation.o
f_printf                                          mainBaseStation.o
f_putc                                            mainBaseStation.o
f_puts                                            mainBaseStation.o
f_read                                            mainBaseStation.o
f_readdir                                         mainBaseStation.o
f_rename                                          mainBaseStation.o
f_stat                                            mainBaseStation.o
f_sync                                            mainBaseStation.o
f_truncate                                        mainBaseStation.o
f_unlink                                          mainBaseStation.o
f_utime                                           mainBaseStation.o
f_write                                           mainBaseStation.o
fastString                                        mainBaseStation.o
fileExists                                        mainBaseStation.o
fileName                                          mainBaseStation.o
fileToErase                                       mainBaseStation.o
fileToUpload                                      mainBaseStation.o
fno                                               mainBaseStation.o
fno2                                              mainBaseStation.o
fputc                                             /usr/local/CrossPack-AVR-20100115/lib/gcc/avr/4.3.3/../../../../avr/lib/avrxmega6/libc.a(fputc.o)
                                                  /usr/local/CrossPack-AVR-20100115/lib/gcc/avr/4.3.3/../../../../avr/lib/avrxmega6/libc.a(vfprintf_std.o)
fs                                                mainBaseStation.o
gainSelector                                      mainBaseStation.o
gainSetting                                       mainBaseStation.o
getDeviceID                                       mainBaseStation.o
get_fat                                           mainBaseStation.o
get_fattime                                       mainBaseStation.o
humidityBuffer                                    mainBaseStation.o
humidityBufferCounter                             mainBaseStation.o
humidityBufferToWriteTo                           mainBaseStation.o
humiditySampleStartTime                           mainBaseStation.o
integrationTime                                   mainBaseStation.o
itoa                                              /usr/local/CrossPack-AVR-20100115/lib/gcc/avr/4.3.3/../../../../avr/lib/avrxmega6/libc.a(itoa.o)
                                                  mainBaseStation.o
justSwitchedStated                                mainBaseStation.o
key                                               mainBaseStation.o
keyRead                                           mainBaseStation.o
lastBufferIWroteTo                                mainBaseStation.o
lastHumidityBufferSent                            mainBaseStation.o
lastLightBufferSent                               mainBaseStation.o
lastMicrophoneBufferSent                          mainBaseStation.o
lastPressureBufferSent                            mainBaseStation.o
lastTemperatureBufferSent                         mainBaseStation.o
leftOverBytesToUpload                             mainBaseStation.o
lengthOfCurrentFile                               mainBaseStation.o
lightBuffer                                       mainBaseStation.o
lightBufferCounter                                mainBaseStation.o
lightBufferToWriteTo                              mainBaseStation.o
lightSampleStartTime                              mainBaseStation.o
ltoa                                              /usr/local/CrossPack-AVR-20100115/lib/gcc/avr/4.3.3/../../../../avr/lib/avrxmega6/libc.a(ltoa.o)
                                                  mainBaseStation.o
main                                              mainBaseStation.o
                                                  /usr/local/CrossPack-AVR-20100115/lib/gcc/avr/4.3.3/../../../../avr/lib/avrxmega6/crtx256a3b.o
memcpy                                            /usr/local/CrossPack-AVR-20100115/lib/gcc/avr/4.3.3/../../../../avr/lib/avrxmega6/libc.a(memcpy.o)