Archive member included because of file (symbol)

/usr/local/CrossPack-AVR-20100115/lib/gcc/avr/4.3.3/avrxmega6/libgcc.a(_mulsi3.o)
                              main.o (__mulsi3)
/usr/local/CrossPack-AVR-20100115/lib/gcc/avr/4.3.3/avrxmega6/libgcc.a(_udivmodqi4.o)
                              main.o (__udivmodqi4)
/usr/local/CrossPack-AVR-20100115/lib/gcc/avr/4.3.3/avrxmega6/libgcc.a(_udivmodhi4.o)
                              main.o (__udivmodhi4)
/usr/local/CrossPack-AVR-20100115/lib/gcc/avr/4.3.3/avrxmega6/libgcc.a(_divmodhi4.o)
                              main.o (__divmodhi4)
/usr/local/CrossPack-AVR-20100115/lib/gcc/avr/4.3.3/avrxmega6/libgcc.a(_udivmodsi4.o)
                              main.o (__udivmodsi4)
/usr/local/CrossPack-AVR-20100115/lib/gcc/avr/4.3.3/avrxmega6/libgcc.a(_exit.o)
                              /usr/local/CrossPack-AVR-20100115/lib/gcc/avr/4.3.3/../../../../avr/lib/avrxmega6/crtx256a3.o (exit)
/usr/local/CrossPack-AVR-20100115/lib/gcc/avr/4.3.3/avrxmega6/libgcc.a(_clear_bss.o)
                              main.o (__do_clear_bss)
/usr/local/CrossPack-AVR-20100115/lib/gcc/avr/4.3.3/../../../../avr/lib/avrxmega6/libc.a(atoi.o)
                              main.o (atoi)
/usr/local/CrossPack-AVR-20100115/lib/gcc/avr/4.3.3/../../../../avr/lib/avrxmega6/libc.a(atol.o)
                              main.o (atol)
/usr/local/CrossPack-AVR-20100115/lib/gcc/avr/4.3.3/../../../../avr/lib/avrxmega6/libc.a(strtok.o)
                              main.o (strtok)
/usr/local/CrossPack-AVR-20100115/lib/gcc/avr/4.3.3/../../../../avr/lib/avrxmega6/libc.a(memmove.o)
                              main.o (memmove)
/usr/local/CrossPack-AVR-20100115/lib/gcc/avr/4.3.3/../../../../avr/lib/avrxmega6/libc.a(strcasecmp.o)
                              main.o (strcasecmp)
/usr/local/CrossPack-AVR-20100115/lib/gcc/avr/4.3.3/../../../../avr/lib/avrxmega6/libc.a(strcasestr.o)
                              main.o (strcasestr)
/usr/local/CrossPack-AVR-20100115/lib/gcc/avr/4.3.3/../../../../avr/lib/avrxmega6/libc.a(strcat.o)
                              main.o (strcat)
/usr/local/CrossPack-AVR-20100115/lib/gcc/avr/4.3.3/../../../../avr/lib/avrxmega6/libc.a(strcmp.o)
                              main.o (strcmp)
/usr/local/CrossPack-AVR-20100115/lib/gcc/avr/4.3.3/../../../../avr/lib/avrxmega6/libc.a(strcpy.o)
                              main.o (strcpy)
/usr/local/CrossPack-AVR-20100115/lib/gcc/avr/4.3.3/../../../../avr/lib/avrxmega6/libc.a(strstr.o)
                              main.o (strstr)
/usr/local/CrossPack-AVR-20100115/lib/gcc/avr/4.3.3/../../../../avr/lib/avrxmega6/libc.a(strtok_r.o)
                              /usr/local/CrossPack-AVR-20100115/lib/gcc/avr/4.3.3/../../../../avr/lib/avrxmega6/libc.a(strtok.o) (strtok_r)
/usr/local/CrossPack-AVR-20100115/lib/gcc/avr/4.3.3/../../../../avr/lib/avrxmega6/libc.a(strupr.o)
                              main.o (strupr)
/usr/local/CrossPack-AVR-20100115/lib/gcc/avr/4.3.3/../../../../avr/lib/avrxmega6/libc.a(ltoa.o)
                              main.o (ltoa)
/usr/local/CrossPack-AVR-20100115/lib/gcc/avr/4.3.3/../../../../avr/lib/avrxmega6/libc.a(mulsi10.o)
                              /usr/local/CrossPack-AVR-20100115/lib/gcc/avr/4.3.3/../../../../avr/lib/avrxmega6/libc.a(atol.o) (__mulsi_const_10)
/usr/local/CrossPack-AVR-20100115/lib/gcc/avr/4.3.3/../../../../avr/lib/avrxmega6/libc.a(mul10.o)
                              /usr/local/CrossPack-AVR-20100115/lib/gcc/avr/4.3.3/../../../../avr/lib/avrxmega6/libc.a(atoi.o) (__mulhi_const_10)
/usr/local/CrossPack-AVR-20100115/lib/gcc/avr/4.3.3/../../../../avr/lib/avrxmega6/libc.a(sprintf.o)
                              main.o (sprintf)
/usr/local/CrossPack-AVR-20100115/lib/gcc/avr/4.3.3/../../../../avr/lib/avrxmega6/libc.a(vfprintf_std.o)
                              /usr/local/CrossPack-AVR-20100115/lib/gcc/avr/4.3.3/../../../../avr/lib/avrxmega6/libc.a(sprintf.o) (vfprintf)
/usr/local/CrossPack-AVR-20100115/lib/gcc/avr/4.3.3/../../../../avr/lib/avrxmega6/libc.a(strnlen_P.o)
                              /usr/local/CrossPack-AVR-20100115/lib/gcc/avr/4.3.3/../../../../avr/lib/avrxmega6/libc.a(vfprintf_std.o) (strnlen_P)
/usr/local/CrossPack-AVR-20100115/lib/gcc/avr/4.3.3/../../../../avr/lib/avrxmega6/libc.a(memcpy.o)
                              /usr/local/CrossPack-AVR-20100115/lib/gcc/avr/4.3.3/../../../../avr/lib/avrxmega6/libc.a(memmove.o) (memcpy)
/usr/local/CrossPack-AVR-20100115/lib/gcc/avr/4.3.3/../../../../avr/lib/avrxmega6/libc.a(strnlen.o)
                              /usr/local/CrossPack-AVR-20100115/lib/gcc/avr/4.3.3/../../../../avr/lib/avrxmega6/libc.a(vfprintf_std.o) (strnlen)
/usr/local/CrossPack-AVR-20100115/lib/gcc/avr/4.3.3/../../../../avr/lib/avrxmega6/libc.a(strrev.o)
                              /usr/local/CrossPack-AVR-20100115/lib/gcc/avr/4.3.3/../../../../avr/lib/avrxmega6/libc.a(ltoa.o) (strrev)
[...]
Memory Configuration

Name             Origin             Length             Attributes
text             0x00000000         0x00100000         xr
data             0x00802000         0x0000ffa0         rw !x
eeprom           0x00810000         0x00010000         rw !x
fuse             0x00820000         0x00000400         rw !x
lock             0x00830000         0x00000400         rw !x
signature        0x00840000         0x00000400         rw !x
*default*        0x00000000         0xffffffff

Linker script and memory map

LOAD /usr/local/CrossPack-AVR-20100115/lib/gcc/avr/4.3.3/../../../../avr/lib/avrxmega6/crtx256a3.o
LOAD main.o
LOAD /usr/local/CrossPack-AVR-20100115/lib/gcc/avr/4.3.3/../../../../avr/lib/avrxmega6/libm.a
LOAD /usr/local/CrossPack-AVR-20100115/lib/gcc/avr/4.3.3/avrxmega6/libgcc.a
LOAD /usr/local/CrossPack-AVR-20100115/lib/gcc/avr/4.3.3/../../../../avr/lib/avrxmega6/libc.a
LOAD /usr/local/CrossPack-AVR-20100115/lib/gcc/avr/4.3.3/avrxmega6/libgcc.a

.hash
 *(.hash)

.dynsym
 *(.dynsym)

.dynstr
 *(.dynstr)

.gnu.version
 *(.gnu.version)

.gnu.version_d
 *(.gnu.version_d)

.gnu.version_r
 *(.gnu.version_r)

.rel.init
 *(.rel.init)

.rela.init
 *(.rela.init)

.rel.text
 *(.rel.text)
 *(.rel.text.*)
 *(.rel.gnu.linkonce.t*)

.rela.text
 *(.rela.text)
 *(.rela.text.*)
 *(.rela.gnu.linkonce.t*)

.rel.fini
 *(.rel.fini)

.rela.fini
 *(.rela.fini)

.rel.rodata
 *(.rel.rodata)
 *(.rel.rodata.*)
 *(.rel.gnu.linkonce.r*)

.rela.rodata
 *(.rela.rodata)
 *(.rela.rodata.*)
 *(.rela.gnu.linkonce.r*)

.rel.data
 *(.rel.data)
 *(.rel.data.*)
 *(.rel.gnu.linkonce.d*)

.rela.data
 *(.rela.data)
 *(.rela.data.*)
 *(.rela.gnu.linkonce.d*)

.rel.ctors
 *(.rel.ctors)

.rela.ctors
 *(.rela.ctors)

.rel.dtors
 *(.rel.dtors)

.rela.dtors
 *(.rela.dtors)

.rel.got
 *(.rel.got)

.rela.got
 *(.rela.got)

.rel.bss
 *(.rel.bss)

.rela.bss
 *(.rela.bss)

.rel.plt
 *(.rel.plt)

.rela.plt
 *(.rela.plt)

.text           0x00000000     0xbacc
 *(.vectors)
 .vectors       0x00000000      0x1e8 /usr/local/CrossPack-AVR-20100115/lib/gcc/avr/4.3.3/../../../../avr/lib/avrxmega6/crtx256a3.o
                0x00000000                __vectors
                0x00000000                __vector_default
 *(.vectors)
 *(.progmem.gcc*)
 *(.progmem*)
                0x000001e8                . = ALIGN (0x2)
                0x000001e8                __trampolines_start = .
 *(.trampolines)
 .trampolines   0x000001e8        0x0 linker stubs
 *(.trampolines*)
                0x000001e8                __trampolines_end = .
 *(.jumptables)
 *(.jumptables*)
 *(.lowtext)
 *(.lowtext*)
                0x000001e8                __ctors_start = .
 *(.ctors)
                0x000001e8                __ctors_end = .
                0x000001e8                __dtors_start = .
 *(.dtors)
                0x000001e8                __dtors_end = .
 SORT(*)(.ctors)
 SORT(*)(.dtors)
 *(.init0)
 .init0         0x000001e8        0x0 /usr/local/CrossPack-AVR-20100115/lib/gcc/avr/4.3.3/../../../../avr/lib/avrxmega6/crtx256a3.o
                0x000001e8                __init
 *(.init0)
 *(.init1)
 *(.init1)
 *(.init2)
 .init2         0x000001e8       0x10 /usr/local/CrossPack-AVR-20100115/lib/gcc/avr/4.3.3/../../../../avr/lib/avrxmega6/crtx256a3.o
 *(.init2)
 *(.init3)
 *(.init3)
 *(.init4)
 .init4         0x000001f8       0x1a /usr/local/CrossPack-AVR-20100115/lib/gcc/avr/4.3.3/../../../../avr/lib/avrxmega6/crtx256a3.o
                0x000001f8                __do_copy_data
 .init4         0x00000212       0x10 /usr/local/CrossPack-AVR-20100115/lib/gcc/avr/4.3.3/avrxmega6/libgcc.a(_clear_bss.o)
                0x00000212                __do_clear_bss
 *(.init4)
 *(.init5)
 *(.init5)
 *(.init6)
 *(.init6)
 *(.init7)
 *(.init7)
 *(.init8)
 *(.init8)
 *(.init9)
 .init9         0x00000222        0x8 /usr/local/CrossPack-AVR-20100115/lib/gcc/avr/4.3.3/../../../../avr/lib/avrxmega6/crtx256a3.o
 *(.init9)
 *(.text)
 .text          0x0000022a        0x4 /usr/local/CrossPack-AVR-20100115/lib/gcc/avr/4.3.3/../../../../avr/lib/avrxmega6/crtx256a3.o
                0x0000022a                __vector_38
                0x0000022a                __vector_104
                0x0000022a                __vector_22
                0x0000022a                __vector_63
                0x0000022a                __vector_28
                0x0000022a                __vector_67
                0x0000022a                __vector_1
                0x0000022a                __vector_119
                0x0000022a                __vector_32
                0x0000022a                __vector_75
                0x0000022a                __vector_71
                0x0000022a                __vector_91
                0x0000022a                __vector_34
                0x0000022a                __vector_62
                0x0000022a                __vector_102
                0x0000022a                __vector_24
                0x0000022a                __vector_12
                0x0000022a                __vector_55
                0x0000022a                __vector_69
                0x0000022a                __vector_81
                0x0000022a                __vector_90
                0x0000022a                __vector_46
                0x0000022a                __bad_interrupt
                0x0000022a                __vector_72
                0x0000022a                __vector_114
                0x0000022a                __vector_6
                0x0000022a                __vector_110
                0x0000022a                __vector_31
                0x0000022a                __vector_92
                0x0000022a                __vector_35
                0x0000022a                __vector_78
                0x0000022a                __vector_74
                0x0000022a                __vector_117
                0x0000022a                __vector_39
                0x0000022a                __vector_107
                0x0000022a                __vector_3
                0x0000022a                __vector_105
                0x0000022a                __vector_98
                0x0000022a                __vector_23
                0x0000022a                __vector_68
                0x0000022a                __vector_30
                0x0000022a                __vector_73
                0x0000022a                __vector_45
                0x0000022a                __vector_93
                0x0000022a                __vector_61
                0x0000022a                __vector_11
                0x0000022a                __vector_54
                0x0000022a                __vector_99
                0x0000022a                __vector_13
                0x0000022a                __vector_17
                0x0000022a                __vector_19
                0x0000022a                __vector_56
                0x0000022a                __vector_7
                0x0000022a                __vector_49
                0x0000022a                __vector_41
                0x0000022a                __vector_86
                0x0000022a                __vector_100
                0x0000022a                __vector_101
                0x0000022a                __vector_64
                0x0000022a                __vector_109
                0x0000022a                __vector_43
                0x0000022a                __vector_27
                0x0000022a                __vector_5
                0x0000022a                __vector_113
                0x0000022a                __vector_33
                0x0000022a                __vector_76
                0x0000022a                __vector_115
                0x0000022a                __vector_52
                0x0000022a                __vector_37
                0x0000022a                __vector_95
                0x0000022a                __vector_103
                0x0000022a                __vector_96
                0x0000022a                __vector_89
                0x0000022a                __vector_4
                0x0000022a                __vector_44
                0x0000022a                __vector_82
                0x0000022a                __vector_106
                0x0000022a                __vector_118
                0x0000022a                __vector_51
                0x0000022a                __vector_9
                0x0000022a                __vector_2
                0x0000022a                __vector_21
                0x0000022a                __vector_15
                0x0000022a                __vector_66
                0x0000022a                __vector_36
                0x0000022a                __vector_79
                0x0000022a                __vector_58
                0x0000022a                __vector_70
                0x0000022a                __vector_29
                0x0000022a                __vector_60
                0x0000022a                __vector_121
                0x0000022a                __vector_40
                0x0000022a                __vector_85
                0x0000022a                __vector_94
                0x0000022a                __vector_8
                0x0000022a                __vector_26
                0x0000022a                __vector_48
                0x0000022a                __vector_116
                0x0000022a                __vector_112
                0x0000022a                __vector_111
                0x0000022a                __vector_80
                0x0000022a                __vector_14
                0x0000022a                __vector_84
                0x0000022a                __vector_57
                0x0000022a                __vector_10
                0x0000022a                __vector_50
                0x0000022a                __vector_16
                0x0000022a                __vector_59
                0x0000022a                __vector_18
                0x0000022a                __vector_97
                0x0000022a                __vector_20
                0x0000022a                __vector_42
                0x0000022a                __vector_87
                0x0000022a                __vector_65
                0x0000022a                __vector_120
 .text          0x0000022e     0xaf54 main.o
                0x000060a2                Sensors_ResetTemperatureBuffers
                0x000053c0                f_gets
                0x0000131a                get_fat
                0x00009ee2                Config_Wifi
                0x0000025c                Debug_CharReadyToRead
                0x000005de                Leds_Toggle
                0x00009892                f_printf
                0x00007018                RTC_getTime
                0x000072a0                Display_BackgroundWriter_Init
                0x00007674                SD_WriteMicrophoneBuffer
                0x000054fe                SD2_Inserted
                0x00007228                Disable_JTAG
                0x000060f6                Sensors_ResetLightBuffers
                0x00007e7e                __vector_77
                0x00000694                Rs232_ClearBuffer
                0x000060b6                Sensors_ResetPressureBuffers
                0x0000781c                SD_WriteHumidityBuffer
                0x00007258                DMA_Init
                0x000063c2                Light_returnColor
                0x000004ca                Wifi_GetByte
                0x0000057e                Dpad_CheckButton
                0x000009a8                disk_initialize
                0x00005d0a                swap
                0x000046d4                f_rename
                0x0000579a                display_setCursor
                0x00006ab4                RTC_UTCSecsToTime
                0x00000b74                disk_status
                0x00004070                f_truncate
                0x0000566e                SD_Timer_Init
                0x00007292                Interrupt_Init
                0x00005650                SD_WriteCRC
                0x00006e6c                RTC_sendBytes
                0x000005b2                Leds_Set
                0x00000d32                disk_ioctl
                0x00005740                CCPWrite
                0x000071ce                Clock_Init
                0x0000641a                Light_setGain
                0x0000055c                Dpad_Init
                0x00006fde                RTC_receiveBytes
                0x000006a6                Rs232_SendByte
                0x00007a38                Wifi_SendString
                0x000057ea                display_writeBufferToScreen
                0x00005db2                display_drawRectangle
                0x000002de                __vector_25
                0x0000418a                f_unlink
                0x0000022e                Debug_Init
                0x00005abe                display_putString
                0x00007a8e                Wifi_EnterCMDMode
                0x0000545c                f_putc
                0x0000550c                SD_WriteBuffer
                0x00007e6c                Wifi_ExitCMDMode
                0x0000736c                Rs232_To_Debug
                0x000089d2                SD_Open
                0x000054a8                f_puts
                0x000003f8                Wifi_Init
                0x00005d18                display_drawLine
                0x000072dc                SD_WriteRTCBlock
                0x0000576a                display_sendCommand
                0x000058a4                display_clearBuffer
                0x00005f10                Time_Set
                0x000079e4                Rs232_SendString
                0x00005ffe                Sensors_ReadTemperature
                0x0000602e                Sensors_ReadHumidity
                0x000055da                SD_Write32
                0x000063d4                Light_writeByte
                0x00007bf2                SD_Close
                0x000060ca                Sensors_ResetHumidityBuffers
                0x000010d8                disk_timerproc
                0x000037d6                f_close
                0x00009b44                __vector_88
                0x00002e72                f_read
                0x00000528                Wifi_Connected
                0x00003d10                f_readdir
                0x0000568c                SD_Init
                0x00000622                Rs232_CharReadyToRead
                0x000002ce                Debug_SendByte
                0x00005eee                Time_Init
                0x000072be                SD_BackroundWriter_Init
                0x000045b0                f_chmod
                0x0000560e                SD_Write16
                0x0000739c                SD_WriteString
                0x000054f0                SD_Inserted
                0x00006454                Light_Init
                0x000005f4                Rs232_Init
                0x00007b54                Debug_SendString
                0x00006fd0                RTC_setUTCSecs
                0x000056be                __vector_47
                0x00005782                display_sendData
                0x00001100                get_fattime
                0x00006072                Sensors_ReadPressure
                0x000071c0                RTC_getUTCSecs
                0x00007532                SD_WriteLightBuffer
                0x00005636                SD_ClearCRC
                0x0000a45e                main
                0x000036e6                f_sync
                0x00000510                Wifi_SendByte
                0x0000610a                __vector_108
                0x00006cba                RTC_TimeToUTCSecs
                0x00002530                chk_mounted
                0x000089a6                SD_MakeFileName
                0x00004922                f_mkfs
                0x00002b50                f_mount
                0x000062f4                Light_readColors
                0x0000605e                Sensors_ReadMicrophone
                0x00003c4a                f_opendir
                0x00006a9e                RTC_init
                0x00000574                Dpad_Read
                0x00000640                Rs232_GetByte
                0x000014ee                put_fat
                0x000037ee                f_lseek
                0x0000027a                Debug_GetByte
                0x00005872                display_clearPage
                0x00009cb8                Wifi_GetTime
                0x00008a42                Read_config_file
                0x00009e1e                Wifi_GetSignalStrength
                0x000060de                Sensors_ResetMicrophoneBuffers
                0x00005624                SD_Write8
                0x000005a6                Leds_Init
                0x000062a4                Light_readByte
                0x00003da6                f_stat
                0x0000773a                SD_WritePressureBuffer
                0x000058e2                display_init
                0x00006476                __vector_83
                0x00007c06                Wifi_SendCommand
                0x000019a2                clust2sect
                0x000003a2                Wifi_ClearBuffer
                0x0000463a                f_utime
                0x0000325e                f_write
                0x00005c8a                display_drawPixel
                0x00006ea0                RTC_setTime
                0x00002b92                f_open
                0x00000c42                disk_write
                0x00005f26                Time_Get32BitTimer
                0x000042be                f_mkdir
                0x00007de2                Wifi_GetMac
                0x00000b82                disk_read
                0x00008fae                __vector_53
                0x00000348                Wifi_CharReadyToRead
                0x00005f76                Sensors_Init
                0x00003e24                f_getfree
                0x000005c8                Leds_Clear
                0x00007ba8                Debug_To_Wifi
                0x00007452                SD_WriteAirSample
                0x000078fe                SD_WriteTemperatureBuffer
                0x00008e32                SD_StartLogFile
 .text          0x0000b182        0x0 /usr/local/CrossPack-AVR-20100115/lib/gcc/avr/4.3.3/avrxmega6/libgcc.a(_mulsi3.o)
 .text          0x0000b182        0x0 /usr/local/CrossPack-AVR-20100115/lib/gcc/avr/4.3.3/avrxmega6/libgcc.a(_udivmodqi4.o)
 .text          0x0000b182        0x0 /usr/local/CrossPack-AVR-20100115/lib/gcc/avr/4.3.3/avrxmega6/libgcc.a(_udivmodhi4.o)
 .text          0x0000b182        0x0 /usr/local/CrossPack-AVR-20100115/lib/gcc/avr/4.3.3/avrxmega6/libgcc.a(_divmodhi4.o)
 .text          0x0000b182        0x0 /usr/local/CrossPack-AVR-20100115/lib/gcc/avr/4.3.3/avrxmega6/libgcc.a(_udivmodsi4.o)
 .text          0x0000b182        0x0 /usr/local/CrossPack-AVR-20100115/lib/gcc/avr/4.3.3/avrxmega6/libgcc.a(_exit.o)
 .text          0x0000b182        0x0 /usr/local/CrossPack-AVR-20100115/lib/gcc/avr/4.3.3/avrxmega6/libgcc.a(_clear_bss.o)
 .text          0x0000b182        0x0 /usr/local/CrossPack-AVR-20100115/lib/gcc/avr/4.3.3/../../../../avr/lib/avrxmega6/libc.a(atoi.o)
 .text          0x0000b182        0x0 /usr/local/CrossPack-AVR-20100115/lib/gcc/avr/4.3.3/../../../../avr/lib/avrxmega6/libc.a(atol.o)
 .text          0x0000b182        0x0 /usr/local/CrossPack-AVR-20100115/lib/gcc/avr/4.3.3/../../../../avr/lib/avrxmega6/libc.a(strtok.o)
 .text          0x0000b182        0x0 /usr/local/CrossPack-AVR-20100115/lib/gcc/avr/4.3.3/../../../../avr/lib/avrxmega6/libc.a(memmove.o)
 .text          0x0000b182        0x0 /usr/local/CrossPack-AVR-20100115/lib/gcc/avr/4.3.3/../../../../avr/lib/avrxmega6/libc.a(strcasecmp.o)
 .text          0x0000b182        0x0 /usr/local/CrossPack-AVR-20100115/lib/gcc/avr/4.3.3/../../../../avr/lib/avrxmega6/libc.a(strcasestr.o)
 .text          0x0000b182        0x0 /usr/local/CrossPack-AVR-20100115/lib/gcc/avr/4.3.3/../../../../avr/lib/avrxmega6/libc.a(strcat.o)
 .text          0x0000b182        0x0 /usr/local/CrossPack-AVR-20100115/lib/gcc/avr/4.3.3/../../../../avr/lib/avrxmega6/libc.a(strcmp.o)
 .text          0x0000b182        0x0 /usr/local/CrossPack-AVR-20100115/lib/gcc/avr/4.3.3/../../../../avr/lib/avrxmega6/libc.a(strcpy.o)
 .text          0x0000b182        0x0 /usr/local/CrossPack-AVR-20100115/lib/gcc/avr/4.3.3/../../../../avr/lib/avrxmega6/libc.a(strstr.o)
 .text          0x0000b182        0x0 /usr/local/CrossPack-AVR-20100115/lib/gcc/avr/4.3.3/../../../../avr/lib/avrxmega6/libc.a(strtok_r.o)
 .text          0x0000b182        0x0 /usr/local/CrossPack-AVR-20100115/lib/gcc/avr/4.3.3/../../../../avr/lib/avrxmega6/libc.a(strupr.o)
 .text          0x0000b182        0x0 /usr/local/CrossPack-AVR-20100115/lib/gcc/avr/4.3.3/../../../../avr/lib/avrxmega6/libc.a(ltoa.o)
 .text          0x0000b182        0x0 /usr/local/CrossPack-AVR-20100115/lib/gcc/avr/4.3.3/../../../../avr/lib/avrxmega6/libc.a(mulsi10.o)
 .text          0x0000b182        0x0 /usr/local/CrossPack-AVR-20100115/lib/gcc/avr/4.3.3/../../../../avr/lib/avrxmega6/libc.a(mul10.o)
 .text          0x0000b182        0x0 /usr/local/CrossPack-AVR-20100115/lib/gcc/avr/4.3.3/../../../../avr/lib/avrxmega6/libc.a(sprintf.o)
 .text          0x0000b182        0x0 /usr/local/CrossPack-AVR-20100115/lib/gcc/avr/4.3.3/../../../../avr/lib/avrxmega6/libc.a(vfprintf_std.o)
 .text          0x0000b182        0x0 /usr/local/CrossPack-AVR-20100115/lib/gcc/avr/4.3.3/../../../../avr/lib/avrxmega6/libc.a(strnlen_P.o)
 .text          0x0000b182        0x0 /usr/local/CrossPack-AVR-20100115/lib/gcc/avr/4.3.3/../../../../avr/lib/avrxmega6/libc.a(memcpy.o)
 .text          0x0000b182        0x0 /usr/local/CrossPack-AVR-20100115/lib/gcc/avr/4.3.3/../../../../avr/lib/avrxmega6/libc.a(strnlen.o)
 .text          0x0000b182        0x0 /usr/local/CrossPack-AVR-20100115/lib/gcc/avr/4.3.3/../../../../avr/lib/avrxmega6/libc.a(strrev.o)
 .text          0x0000b182        0x0 /usr/local/CrossPack-AVR-20100115/lib/gcc/avr/4.3.3/../../../../avr/lib/avrxmega6/libc.a(fputc.o)
 .text          0x0000b182        0x0 /usr/local/CrossPack-AVR-20100115/lib/gcc/avr/4.3.3/../../../../avr/lib/avrxmega6/libc.a(ultoa_invert.o)
                0x0000b182                . = ALIGN (0x2)
 *(.text.*)
 .text.libgcc   0x0000b182       0x3e /usr/local/CrossPack-AVR-20100115/lib/gcc/avr/4.3.3/avrxmega6/libgcc.a(_mulsi3.o)
                0x0000b182                __mulsi3
 .text.libgcc   0x0000b1c0       0x18 /usr/local/CrossPack-AVR-20100115/lib/gcc/avr/4.3.3/avrxmega6/libgcc.a(_udivmodqi4.o)
                0x0000b1c0                __udivmodqi4
 .text.libgcc   0x0000b1d8       0x28 /usr/local/CrossPack-AVR-20100115/lib/gcc/avr/4.3.3/avrxmega6/libgcc.a(_udivmodhi4.o)
                0x0000b1d8                __udivmodhi4
 .text.libgcc   0x0000b200       0x26 /usr/local/CrossPack-AVR-20100115/lib/gcc/avr/4.3.3/avrxmega6/libgcc.a(_divmodhi4.o)
                0x0000b200                __divmodhi4
                0x0000b200                _div
 .text.libgcc   0x0000b226       0x44 /usr/local/CrossPack-AVR-20100115/lib/gcc/avr/4.3.3/avrxmega6/libgcc.a(_udivmodsi4.o)
                0x0000b226                __udivmodsi4
 .text.libgcc   0x0000b26a        0x0 /usr/local/CrossPack-AVR-20100115/lib/gcc/avr/4.3.3/avrxmega6/libgcc.a(_exit.o)
 .text.libgcc   0x0000b26a        0x0 /usr/local/CrossPack-AVR-20100115/lib/gcc/avr/4.3.3/avrxmega6/libgcc.a(_clear_bss.o)
 .text.avr-libc
                0x0000b26a       0x3c /usr/local/CrossPack-AVR-20100115/lib/gcc/avr/4.3.3/../../../../avr/lib/avrxmega6/libc.a(atoi.o)
                0x0000b26a                atoi
 .text.avr-libc
                0x0000b2a6       0x4e /usr/local/CrossPack-AVR-20100115/lib/gcc/avr/4.3.3/../../../../avr/lib/avrxmega6/libc.a(atol.o)
                0x0000b2a6                atol
 .text.avr-libc
                0x0000b2f4        0xa /usr/local/CrossPack-AVR-20100115/lib/gcc/avr/4.3.3/../../../../avr/lib/avrxmega6/libc.a(strtok.o)
                0x0000b2f4                strtok
 .text.avr-libc
                0x0000b2fe       0x24 /usr/local/CrossPack-AVR-20100115/lib/gcc/avr/4.3.3/../../../../avr/lib/avrxmega6/libc.a(memmove.o)
                0x0000b2fe                memmove
 .text.avr-libc
                0x0000b322       0x26 /usr/local/CrossPack-AVR-20100115/lib/gcc/avr/4.3.3/../../../../avr/lib/avrxmega6/libc.a(strcasecmp.o)
                0x0000b322                strcasecmp
 .text.avr-libc
                0x0000b348       0x4a /usr/local/CrossPack-AVR-20100115/lib/gcc/avr/4.3.3/../../../../avr/lib/avrxmega6/libc.a(strcasestr.o)
                0x0000b348                strcasestr
 .text.avr-libc
                0x0000b392       0x16 /usr/local/CrossPack-AVR-20100115/lib/gcc/avr/4.3.3/../../../../avr/lib/avrxmega6/libc.a(strcat.o)
                0x0000b392                strcat
 .text.avr-libc
                0x0000b3a8       0x12 /usr/local/CrossPack-AVR-20100115/lib/gcc/avr/4.3.3/../../../../avr/lib/avrxmega6/libc.a(strcmp.o)
                0x0000b3a8                strcmp
 .text.avr-libc
                0x0000b3ba        0xe /usr/local/CrossPack-AVR-20100115/lib/gcc/avr/4.3.3/../../../../avr/lib/avrxmega6/libc.a(strcpy.o)
                0x0000b3ba                strcpy
 .text.avr-libc
                0x0000b3c8       0x34 /usr/local/CrossPack-AVR-20100115/lib/gcc/avr/4.3.3/../../../../avr/lib/avrxmega6/libc.a(strstr.o)
                0x0000b3c8                strstr
 .text.avr-libc
                0x0000b3fc       0x4e /usr/local/CrossPack-AVR-20100115/lib/gcc/avr/4.3.3/../../../../avr/lib/avrxmega6/libc.a(strtok_r.o)
                0x0000b3fc                strtok_r
 .text.avr-libc
                0x0000b44a       0x14 /usr/local/CrossPack-AVR-20100115/lib/gcc/avr/4.3.3/../../../../avr/lib/avrxmega6/libc.a(strupr.o)
                0x0000b44a                strupr
 .text.avr-libc
                0x0000b45e       0x68 /usr/local/CrossPack-AVR-20100115/lib/gcc/avr/4.3.3/../../../../avr/lib/avrxmega6/libc.a(ltoa.o)
                0x0000b45e                ltoa
 .text.avr-libc
                0x0000b4c6       0x2a /usr/local/CrossPack-AVR-20100115/lib/gcc/avr/4.3.3/../../../../avr/lib/avrxmega6/libc.a(mulsi10.o)
                0x0000b4c6                __mulsi_const_10
 .text.avr-libc
                0x0000b4f0       0x10 /usr/local/CrossPack-AVR-20100115/lib/gcc/avr/4.3.3/../../../../avr/lib/avrxmega6/libc.a(mul10.o)
                0x0000b4f0                __mulhi_const_10
 .text.avr-libc
                0x0000b500       0x56 /usr/local/CrossPack-AVR-20100115/lib/gcc/avr/4.3.3/../../../../avr/lib/avrxmega6/libc.a(sprintf.o)
                0x0000b500                sprintf
 .text.avr-libc
                0x0000b556      0x400 /usr/local/CrossPack-AVR-20100115/lib/gcc/avr/4.3.3/../../../../avr/lib/avrxmega6/libc.a(vfprintf_std.o)
                0x0000b556                vfprintf
 .text.avr-libc
                0x0000b956       0x16 /usr/local/CrossPack-AVR-20100115/lib/gcc/avr/4.3.3/../../../../avr/lib/avrxmega6/libc.a(strnlen_P.o)
                0x0000b956                strnlen_P
 .text.avr-libc
                0x0000b96c       0x12 /usr/local/CrossPack-AVR-20100115/lib/gcc/avr/4.3.3/../../../../avr/lib/avrxmega6/libc.a(memcpy.o)
                0x0000b96c                memcpy
 .text.avr-libc
                0x0000b97e       0x16 /usr/local/CrossPack-AVR-20100115/lib/gcc/avr/4.3.3/../../../../avr/lib/avrxmega6/libc.a(strnlen.o)
                0x0000b97e                strnlen
 .text.avr-libc
                0x0000b994       0x20 /usr/local/CrossPack-AVR-20100115/lib/gcc/avr/4.3.3/../../../../avr/lib/avrxmega6/libc.a(strrev.o)
                0x0000b994                strrev
 .text.avr-libc
                0x0000b9b4       0x58 /usr/local/CrossPack-AVR-20100115/lib/gcc/avr/4.3.3/../../../../avr/lib/avrxmega6/libc.a(fputc.o)
                0x0000b9b4                fputc
 .text.avr-libc
                0x0000ba0c       0xbc /usr/local/CrossPack-AVR-20100115/lib/gcc/avr/4.3.3/../../../../avr/lib/avrxmega6/libc.a(ultoa_invert.o)
                0x0000ba0c                __ultoa_invert
                0x0000bac8                . = ALIGN (0x2)
 *(.fini9)
 .fini9         0x0000bac8        0x0 /usr/local/CrossPack-AVR-20100115/lib/gcc/avr/4.3.3/avrxmega6/libgcc.a(_exit.o)
                0x0000bac8                exit
                0x0000bac8                _exit
 *(.fini9)
 *(.fini8)
 *(.fini8)
 *(.fini7)
 *(.fini7)
 *(.fini6)
 *(.fini6)
 *(.fini5)
 *(.fini5)
 *(.fini4)
 *(.fini4)
 *(.fini3)
 *(.fini3)
 *(.fini2)
 *(.fini2)
 *(.fini1)
 *(.fini1)
 *(.fini0)
 .fini0         0x0000bac8        0x4 /usr/local/CrossPack-AVR-20100115/lib/gcc/avr/4.3.3/avrxmega6/libgcc.a(_exit.o)
 *(.fini0)
                0x0000bacc                _etext = .

.data           0x00802000     0x13a6 load address 0x0000bacc
                0x00802000                PROVIDE (__data_start, .)
 *(.data)
 .data          0x00802000        0x0 /usr/local/CrossPack-AVR-20100115/lib/gcc/avr/4.3.3/../../../../avr/lib/avrxmega6/crtx256a3.o
 .data          0x00802000     0x13a5 main.o
                0x00802c1c                Drives
                0x008030f6                ssid
                0x0080305e                wantToRecordLight
                0x0080305a                lightBufferToWriteTo
                0x0080305d                wantToRecordHumidity
                0x00803057                pressureBufferToWriteTo
                0x00803060                auth
                0x0080315a                zone
                0x00803020                integrationTime
                0x00803056                temperatureBufferToWriteTo
                0x00802c20                crc_table
                0x00803128                serverOpenCommand
                0x0080316e                uploadFileOpened
                0x00803029                gainSetting
                0x0080316f                demoModeFirstFile
                0x00803058                humidityBufferToWriteTo
                0x00803092                phrase
                0x008030c4                key
                0x00803032                resultMultiplier
                0x00803059                microphoneBufferToWriteTo
                0x00803164                am
                0x0080305b                wantToRecordTemperature
                0x0080305c                wantToRecordPressure
                0x00803169                pm
                0x0080305f                wantToRecordAirQuality
 .data          0x008033a5        0x0 /usr/local/CrossPack-AVR-20100115/lib/gcc/avr/4.3.3/avrxmega6/libgcc.a(_mulsi3.o)
 .data          0x008033a5        0x0 /usr/local/CrossPack-AVR-20100115/lib/gcc/avr/4.3.3/avrxmega6/libgcc.a(_udivmodqi4.o)
 .data          0x008033a5        0x0 /usr/local/CrossPack-AVR-20100115/lib/gcc/avr/4.3.3/avrxmega6/libgcc.a(_udivmodhi4.o)
 .data          0x008033a5        0x0 /usr/local/CrossPack-AVR-20100115/lib/gcc/avr/4.3.3/avrxmega6/libgcc.a(_divmodhi4.o)
 .data          0x008033a5        0x0 /usr/local/CrossPack-AVR-20100115/lib/gcc/avr/4.3.3/avrxmega6/libgcc.a(_udivmodsi4.o)
 .data          0x008033a5        0x0 /usr/local/CrossPack-AVR-20100115/lib/gcc/avr/4.3.3/avrxmega6/libgcc.a(_exit.o)
 .data          0x008033a5        0x0 /usr/local/CrossPack-AVR-20100115/lib/gcc/avr/4.3.3/avrxmega6/libgcc.a(_clear_bss.o)
 .data          0x008033a5        0x0 /usr/local/CrossPack-AVR-20100115/lib/gcc/avr/4.3.3/../../../../avr/lib/avrxmega6/libc.a(atoi.o)
 .data          0x008033a5        0x0 /usr/local/CrossPack-AVR-20100115/lib/gcc/avr/4.3.3/../../../../avr/lib/avrxmega6/libc.a(atol.o)
 .data          0x008033a5        0x0 /usr/local/CrossPack-AVR-20100115/lib/gcc/avr/4.3.3/../../../../avr/lib/avrxmega6/libc.a(strtok.o)
 .data          0x008033a5        0x0 /usr/local/CrossPack-AVR-20100115/lib/gcc/avr/4.3.3/../../../../avr/lib/avrxmega6/libc.a(memmove.o)
 .data          0x008033a5        0x0 /usr/local/CrossPack-AVR-20100115/lib/gcc/avr/4.3.3/../../../../avr/lib/avrxmega6/libc.a(strcasecmp.o)
 .data          0x008033a5        0x0 /usr/local/CrossPack-AVR-20100115/lib/gcc/avr/4.3.3/../../../../avr/lib/avrxmega6/libc.a(strcasestr.o)
 .data          0x008033a5        0x0 /usr/local/CrossPack-AVR-20100115/lib/gcc/avr/4.3.3/../../../../avr/lib/avrxmega6/libc.a(strcat.o)
 .data          0x008033a5        0x0 /usr/local/CrossPack-AVR-20100115/lib/gcc/avr/4.3.3/../../../../avr/lib/avrxmega6/libc.a(strcmp.o)
 .data          0x008033a5        0x0 /usr/local/CrossPack-AVR-20100115/lib/gcc/avr/4.3.3/../../../../avr/lib/avrxmega6/libc.a(strcpy.o)
 .data          0x008033a5        0x0 /usr/local/CrossPack-AVR-20100115/lib/gcc/avr/4.3.3/../../../../avr/lib/avrxmega6/libc.a(strstr.o)
 .data          0x008033a5        0x0 /usr/local/CrossPack-AVR-20100115/lib/gcc/avr/4.3.3/../../../../avr/lib/avrxmega6/libc.a(strtok_r.o)
 .data          0x008033a5        0x0 /usr/local/CrossPack-AVR-20100115/lib/gcc/avr/4.3.3/../../../../avr/lib/avrxmega6/libc.a(strupr.o)
 .data          0x008033a5        0x0 /usr/local/CrossPack-AVR-20100115/lib/gcc/avr/4.3.3/../../../../avr/lib/avrxmega6/libc.a(ltoa.o)
 .data          0x008033a5        0x0 /usr/local/CrossPack-AVR-20100115/lib/gcc/avr/4.3.3/../../../../avr/lib/avrxmega6/libc.a(mulsi10.o)
 .data          0x008033a5        0x0 /usr/local/CrossPack-AVR-20100115/lib/gcc/avr/4.3.3/../../../../avr/lib/avrxmega6/libc.a(mul10.o)
 .data          0x008033a5        0x0 /usr/local/CrossPack-AVR-20100115/lib/gcc/avr/4.3.3/../../../../avr/lib/avrxmega6/libc.a(sprintf.o)
 .data          0x008033a5        0x0 /usr/local/CrossPack-AVR-20100115/lib/gcc/avr/4.3.3/../../../../avr/lib/avrxmega6/libc.a(vfprintf_std.o)
 .data          0x008033a5        0x0 /usr/local/CrossPack-AVR-20100115/lib/gcc/avr/4.3.3/../../../../avr/lib/avrxmega6/libc.a(strnlen_P.o)
 .data          0x008033a5        0x0 /usr/local/CrossPack-AVR-20100115/lib/gcc/avr/4.3.3/../../../../avr/lib/avrxmega6/libc.a(memcpy.o)
 .data          0x008033a5        0x0 /usr/local/CrossPack-AVR-20100115/lib/gcc/avr/4.3.3/../../../../avr/lib/avrxmega6/libc.a(strnlen.o)
 .data          0x008033a5        0x0 /usr/local/CrossPack-AVR-20100115/lib/gcc/avr/4.3.3/../../../../avr/lib/avrxmega6/libc.a(strrev.o)
 .data          0x008033a5        0x0 /usr/local/CrossPack-AVR-20100115/lib/gcc/avr/4.3.3/../../../../avr/lib/avrxmega6/libc.a(fputc.o)
 .data          0x008033a5        0x0 /usr/local/CrossPack-AVR-20100115/lib/gcc/avr/4.3.3/../../../../avr/lib/avrxmega6/libc.a(ultoa_invert.o)
 *(.data*)
 *(.rodata)
 *(.rodata*)
 *(.gnu.linkonce.d*)
                0x008033a6                . = ALIGN (0x2)
 *fill*         0x008033a5        0x1 00
                0x008033a6                _edata = .
                0x008033a6                PROVIDE (__data_end, .)

.bss            0x008033a6     0x28da
                0x008033a6                PROVIDE (__bss_start, .)
 *(.bss)
 .bss           0x008033a6        0x0 /usr/local/CrossPack-AVR-20100115/lib/gcc/avr/4.3.3/../../../../avr/lib/avrxmega6/crtx256a3.o
 .bss           0x008033a6      0x529 main.o
                0x00803408                okToSendTemperatureBuffer1
                0x008033ca                lightSampleStartTime2
                0x0080341e                quickLight
                0x00803420                quickMic
                0x00803454                lengthOfHttpResponse
                0x0080340e                okToSendHumidityBuffer1
                0x008033f3                quickSmall
                0x0080341a                wantToRecordMicrophone
                0x008033e2                time_secs
                0x00803429                timeZoneShift
                0x00803425                keyRead
                0x00803440                okToFillUploadFileBuffer
                0x008033c6                lightSampleStartTime1
                0x00803461                totalDiskSpace
                0x008033b2                humiditySampleStartTime2
                0x008033ae                humiditySampleStartTime1
                0x00803413                microphoneBufferCounter
                0x00803436                okToFindFileToUpload
                0x008033a6                temperatureSampleStartTime1
                0x00803400                okToCharge
                0x0080341d                quickPressure
                0x008033d2                timeRecordingStarted
                0x0080344e                leftOverBytesToUpload
                0x008033f0                Rs232_writeLocation
                0x00803401                UNIX_time
                0x0080344a                numberOfPacketsToUpload
                0x00803405                gainSelector
                0x008033d8                Debug_writeLocation
                0x008033e6                time_nanos
                0x008033eb                wifiBufferWasFull
                0x0080343d                uploading
                0x0080341c                quickHumidity
                0x00803465                percentDiskUsed
                0x00803424                phraseRead
                0x00803445                displayPM
                0x00803410                humidityBufferCounter
                0x008033de                respLen
                0x00803444                displayAM
                0x008033be                microphoneSampleStartTime1
                0x00803439                uploadFailed
                0x008033ba                pressureSampleStartTime2
                0x0080342a                clockHour
                0x00803457                connectionClosed
                0x00803409                okToSendTemperatureBuffer2
                0x0080340a                temperatureBufferCounter
                0x0080343f                okToOpenFileToUpload
                0x008033dc                Wifi_writeLocation
                0x0080342f                uploadPercentBS
                0x0080345d                spaceRemainingOnDisk
                0x008033fd                chargeCounter
                0x00803418                okToSendRTCBlock
                0x00803422                tempStringFiller
                0x00803423                authRead
                0x00803426                portRead
                0x00803417                lightBufferCounter
                0x008033ff                chargeComplete
                0x00803431                rtcSynced
                0x00803435                okToDisplayGUI
                0x008033ea                connected
                0x00803416                okToSendLightBuffer2
                0x00803469                demoMode
                0x0080343a                okToCloseUploadFile
                0x0080341b                quickTemperature
                0x00803437                okToReopenDirectory
                0x008033ee                Rs232_readLocation
                0x0080340c                okToSendPressureBuffer2
                0x00803458                connectionTimeoutTimer
                0x0080342e                signalStrength
                0x008033d6                Debug_readLocation
                0x0080343c                okToUpload
                0x0080343e                doneUploading
                0x00803421                micSampleCounter
                0x00803446                uploadFileSize
                0x008033f7                quickLarge
                0x00803441                uploadFileBufferFull
                0x00803438                directoryOpened
                0x0080345c                okToWriteUploaderLogFile
                0x00803406                recording
                0x008033ec                bufferDelayCounter
                0x008033df                toSendLen
                0x008033b6                pressureSampleStartTime1
                0x0080342b                currentMode
                0x008033fb                rs232Recording
                0x00803407                requestToStopRecording
                0x00803443                timeIsValid
                0x00803432                okToOpenLogFile
                0x0080340b                okToSendPressureBuffer1
                0x00803456                httpResponseReceived
                0x00803434                okToCloseLogFile
                0x00803415                okToSendLightBuffer1
                0x008033f2                okToSendAirQuality
                0x008033ce                airSampleTime
                0x00803419                rtcBlockCounter
                0x0080342c                ssRefreshCounter
                0x00803427                ssidRead
                0x008033da                Wifi_readLocation
                0x0080340f                okToSendHumidityBuffer2
                0x00803452                recordFileRestartCounter
                0x008033e0                okLen
                0x00803430                uploadPercentEXT
                0x0080343b                okToRenameUploadFile
                0x00803412                okToSendMicrophoneBuffer2
                0x008033e1                timeLength
                0x0080340d                pressureBufferCounter
                0x00803442                restartingFile
                0x00803433                okToWriteToLogFile
                0x008033fc                chargePercent
                0x00803428                zoneChanged
                0x00803411                okToSendMicrophoneBuffer1
                0x008033c2                microphoneSampleStartTime2
                0x008033aa                temperatureSampleStartTime2
 .bss           0x008038cf        0x0 /usr/local/CrossPack-AVR-20100115/lib/gcc/avr/4.3.3/avrxmega6/libgcc.a(_mulsi3.o)
 .bss           0x008038cf        0x0 /usr/local/CrossPack-AVR-20100115/lib/gcc/avr/4.3.3/avrxmega6/libgcc.a(_udivmodqi4.o)
 .bss           0x008038cf        0x0 /usr/local/CrossPack-AVR-20100115/lib/gcc/avr/4.3.3/avrxmega6/libgcc.a(_udivmodhi4.o)
 .bss           0x008038cf        0x0 /usr/local/CrossPack-AVR-20100115/lib/gcc/avr/4.3.3/avrxmega6/libgcc.a(_divmodhi4.o)
 .bss           0x008038cf        0x0 /usr/local/CrossPack-AVR-20100115/lib/gcc/avr/4.3.3/avrxmega6/libgcc.a(_udivmodsi4.o)
 .bss           0x008038cf        0x0 /usr/local/CrossPack-AVR-20100115/lib/gcc/avr/4.3.3/avrxmega6/libgcc.a(_exit.o)
 .bss           0x008038cf        0x0 /usr/local/CrossPack-AVR-20100115/lib/gcc/avr/4.3.3/avrxmega6/libgcc.a(_clear_bss.o)
 .bss           0x008038cf        0x0 /usr/local/CrossPack-AVR-20100115/lib/gcc/avr/4.3.3/../../../../avr/lib/avrxmega6/libc.a(atoi.o)
 .bss           0x008038cf        0x0 /usr/local/CrossPack-AVR-20100115/lib/gcc/avr/4.3.3/../../../../avr/lib/avrxmega6/libc.a(atol.o)
 .bss           0x008038cf        0x2 /usr/local/CrossPack-AVR-20100115/lib/gcc/avr/4.3.3/../../../../avr/lib/avrxmega6/libc.a(strtok.o)
 .bss           0x008038d1        0x0 /usr/local/CrossPack-AVR-20100115/lib/gcc/avr/4.3.3/../../../../avr/lib/avrxmega6/libc.a(memmove.o)
 .bss           0x008038d1        0x0 /usr/local/CrossPack-AVR-20100115/lib/gcc/avr/4.3.3/../../../../avr/lib/avrxmega6/libc.a(strcasecmp.o)
 .bss           0x008038d1        0x0 /usr/local/CrossPack-AVR-20100115/lib/gcc/avr/4.3.3/../../../../avr/lib/avrxmega6/libc.a(strcasestr.o)
 .bss           0x008038d1        0x0 /usr/local/CrossPack-AVR-20100115/lib/gcc/avr/4.3.3/../../../../avr/lib/avrxmega6/libc.a(strcat.o)
 .bss           0x008038d1        0x0 /usr/local/CrossPack-AVR-20100115/lib/gcc/avr/4.3.3/../../../../avr/lib/avrxmega6/libc.a(strcmp.o)
 .bss           0x008038d1        0x0 /usr/local/CrossPack-AVR-20100115/lib/gcc/avr/4.3.3/../../../../avr/lib/avrxmega6/libc.a(strcpy.o)
 .bss           0x008038d1        0x0 /usr/local/CrossPack-AVR-20100115/lib/gcc/avr/4.3.3/../../../../avr/lib/avrxmega6/libc.a(strstr.o)
 .bss           0x008038d1        0x0 /usr/local/CrossPack-AVR-20100115/lib/gcc/avr/4.3.3/../../../../avr/lib/avrxmega6/libc.a(strtok_r.o)
 .bss           0x008038d1        0x0 /usr/local/CrossPack-AVR-20100115/lib/gcc/avr/4.3.3/../../../../avr/lib/avrxmega6/libc.a(strupr.o)
 .bss           0x008038d1        0x0 /usr/local/CrossPack-AVR-20100115/lib/gcc/avr/4.3.3/../../../../avr/lib/avrxmega6/libc.a(ltoa.o)
 .bss           0x008038d1        0x0 /usr/local/CrossPack-AVR-20100115/lib/gcc/avr/4.3.3/../../../../avr/lib/avrxmega6/libc.a(mulsi10.o)
 .bss           0x008038d1        0x0 /usr/local/CrossPack-AVR-20100115/lib/gcc/avr/4.3.3/../../../../avr/lib/avrxmega6/libc.a(mul10.o)
 .bss           0x008038d1        0x0 /usr/local/CrossPack-AVR-20100115/lib/gcc/avr/4.3.3/../../../../avr/lib/avrxmega6/libc.a(sprintf.o)
 .bss           0x008038d1        0x0 /usr/local/CrossPack-AVR-20100115/lib/gcc/avr/4.3.3/../../../../avr/lib/avrxmega6/libc.a(vfprintf_std.o)
 .bss           0x008038d1        0x0 /usr/local/CrossPack-AVR-20100115/lib/gcc/avr/4.3.3/../../../../avr/lib/avrxmega6/libc.a(strnlen_P.o)
 .bss           0x008038d1        0x0 /usr/local/CrossPack-AVR-20100115/lib/gcc/avr/4.3.3/../../../../avr/lib/avrxmega6/libc.a(memcpy.o)
 .bss           0x008038d1        0x0 /usr/local/CrossPack-AVR-20100115/lib/gcc/avr/4.3.3/../../../../avr/lib/avrxmega6/libc.a(strnlen.o)
 .bss           0x008038d1        0x0 /usr/local/CrossPack-AVR-20100115/lib/gcc/avr/4.3.3/../../../../avr/lib/avrxmega6/libc.a(strrev.o)
 .bss           0x008038d1        0x0 /usr/local/CrossPack-AVR-20100115/lib/gcc/avr/4.3.3/../../../../avr/lib/avrxmega6/libc.a(fputc.o)
 .bss           0x008038d1        0x0 /usr/local/CrossPack-AVR-20100115/lib/gcc/avr/4.3.3/../../../../avr/lib/avrxmega6/libc.a(ultoa_invert.o)
 *(.bss*)
 *(COMMON)
 COMMON         0x008038d1     0x23af main.o
                0x008038d1                uploadFileBuffer
                0x00803cb9                colors
                0x00803cc1                fileToUpload
                0x00803cd0                pressureBuffer1
                0x00803cda                smallCount
                0x00803cde                uploadTimeStart
                0x00803ce2                ip
                0x00803cf6                resp
                0x00803d28                currentLogFile
                0x00803d37                connectionStatus
                0x00803d3a                uploadTimeStop
                0x00803d3e                temp2
                0x00803d70                WifiBuffer
                0x00804170                microphoneBuffer2
                0x00804558                fno
                0x0080456e                fs
                0x00804570                fileName
                0x00804584                macAddr
                0x00804598                tmp32
                0x0080459c                lightBuffer2
                0x0080463c                string
                0x0080466e                microphoneBuffer1
                0x00804a56                temperatureBuffer1
                0x00804a6a                temp
                0x00804a9c                airQualityString
                0x00804ace                user
                0x00804ad8                writeAddress
                0x00804ad9                temperatureBuffer2
                0x00804aed                timeString
                0x00804afc                timeLower
                0x00804b06                initialRTCRegisters
                0x00804b17                pressureBuffer2
                0x00804b21                byteReceived
                0x00804b22                needToChangeBaud
                0x00804b23                daylightTime
                0x00804b2d                colors8
                0x00804b35                timeUpper
                0x00804b3f                humidityBuffer1
                0x00804b49                tmp8
                0x00804b4a                okToGetRemainingSpace
                0x00804b4b                successfulBinaryRecordsString
                0x00804b55                deviceAddress
                0x00804b56                DebugBuffer
                0x00804f56                time
                0x00804f5e                Log_File
                0x0080517e                tmpArray
                0x00805192                dir
                0x008051a8                Upload_File
                0x008053c8                result
                0x008053d8                humidityBuffer2
                0x008053e2                rssi
                0x008053ec                httpResponse
                0x008053f6                commandCode
                0x008053f7                displayBuffer
                0x00805727                newFileName
                0x00805736                CRC
                0x0080573a                Rs232Buffer
                0x00805b3a                lightBuffer1
                0x00805bda                temp3
                0x00805c0c                largeCount
                0x00805c10                port
                0x00805c42                nickname
                0x00805c74                failedBinaryRecordsString
                0x00805c7e                tmp16
                0x00805c80                PROVIDE (__bss_end, .)
                0x0000bacc                __data_load_start = LOADADDR (.data)
                0x0000ce72                __data_load_end = (__data_load_start + SIZEOF (.data))

.noinit         0x00805c80        0x0
                0x00805c80                PROVIDE (__noinit_start, .)
 *(.noinit*)
                0x00805c80                PROVIDE (__noinit_end, .)
                0x00805c80                _end = .
                0x00805c80                PROVIDE (__heap_start, .)

.eeprom         0x00810000        0x0
 *(.eeprom*)
                0x00810000                __eeprom_end = .

.fuse
 *(.fuse)
 *(.lfuse)
 *(.hfuse)
 *(.efuse)

.lock
 *(.lock*)

.signature
 *(.signature*)

.stab           0x00000000     0x1f2c
 *(.stab)
 .stab          0x00000000      0x768 /usr/local/CrossPack-AVR-20100115/lib/gcc/avr/4.3.3/../../../../avr/lib/avrxmega6/crtx256a3.o
 .stab          0x00000768      0x174 /usr/local/CrossPack-AVR-20100115/lib/gcc/avr/4.3.3/../../../../avr/lib/avrxmega6/libc.a(atoi.o)
                                0x180 (size before relaxing)
 .stab          0x000008dc      0x1e0 /usr/local/CrossPack-AVR-20100115/lib/gcc/avr/4.3.3/../../../../avr/lib/avrxmega6/libc.a(atol.o)
                                0x1ec (size before relaxing)
 .stab          0x00000abc       0xe4 /usr/local/CrossPack-AVR-20100115/lib/gcc/avr/4.3.3/../../../../avr/lib/avrxmega6/libc.a(memmove.o)
                                 0xf0 (size before relaxing)
 .stab          0x00000ba0       0xfc /usr/local/CrossPack-AVR-20100115/lib/gcc/avr/4.3.3/../../../../avr/lib/avrxmega6/libc.a(strcasecmp.o)
                                0x108 (size before relaxing)
 .stab          0x00000c9c      0x1ec /usr/local/CrossPack-AVR-20100115/lib/gcc/avr/4.3.3/../../../../avr/lib/avrxmega6/libc.a(strcasestr.o)
                                0x1f8 (size before relaxing)
 .stab          0x00000e88       0x9c /usr/local/CrossPack-AVR-20100115/lib/gcc/avr/4.3.3/../../../../avr/lib/avrxmega6/libc.a(strcat.o)
                                 0xa8 (size before relaxing)
 .stab          0x00000f24       0x84 /usr/local/CrossPack-AVR-20100115/lib/gcc/avr/4.3.3/../../../../avr/lib/avrxmega6/libc.a(strcmp.o)
                                 0x90 (size before relaxing)
 .stab          0x00000fa8       0x6c /usr/local/CrossPack-AVR-20100115/lib/gcc/avr/4.3.3/../../../../avr/lib/avrxmega6/libc.a(strcpy.o)
                                 0x78 (size before relaxing)
 .stab          0x00001014      0x150 /usr/local/CrossPack-AVR-20100115/lib/gcc/avr/4.3.3/../../../../avr/lib/avrxmega6/libc.a(strstr.o)
                                0x15c (size before relaxing)
 .stab          0x00001164      0x204 /usr/local/CrossPack-AVR-20100115/lib/gcc/avr/4.3.3/../../../../avr/lib/avrxmega6/libc.a(strtok_r.o)
                                0x210 (size before relaxing)
 .stab          0x00001368       0x90 /usr/local/CrossPack-AVR-20100115/lib/gcc/avr/4.3.3/../../../../avr/lib/avrxmega6/libc.a(strupr.o)
                                 0x9c (size before relaxing)
 .stab          0x000013f8      0x294 /usr/local/CrossPack-AVR-20100115/lib/gcc/avr/4.3.3/../../../../avr/lib/avrxmega6/libc.a(ltoa.o)
                                0x2a0 (size before relaxing)
 .stab          0x0000168c      0x114 /usr/local/CrossPack-AVR-20100115/lib/gcc/avr/4.3.3/../../../../avr/lib/avrxmega6/libc.a(mulsi10.o)
                                0x120 (size before relaxing)
 .stab          0x000017a0       0x78 /usr/local/CrossPack-AVR-20100115/lib/gcc/avr/4.3.3/../../../../avr/lib/avrxmega6/libc.a(mul10.o)
                                 0x84 (size before relaxing)
 .stab          0x00001818       0x9c /usr/local/CrossPack-AVR-20100115/lib/gcc/avr/4.3.3/../../../../avr/lib/avrxmega6/libc.a(strnlen_P.o)
                                 0xa8 (size before relaxing)
 .stab          0x000018b4       0x84 /usr/local/CrossPack-AVR-20100115/lib/gcc/avr/4.3.3/../../../../avr/lib/avrxmega6/libc.a(memcpy.o)
                                 0x90 (size before relaxing)
 .stab          0x00001938       0x9c /usr/local/CrossPack-AVR-20100115/lib/gcc/avr/4.3.3/../../../../avr/lib/avrxmega6/libc.a(strnlen.o)
                                 0xa8 (size before relaxing)
 .stab          0x000019d4       0xd8 /usr/local/CrossPack-AVR-20100115/lib/gcc/avr/4.3.3/../../../../avr/lib/avrxmega6/libc.a(strrev.o)
                                 0xe4 (size before relaxing)
 .stab          0x00001aac      0x480 /usr/local/CrossPack-AVR-20100115/lib/gcc/avr/4.3.3/../../../../avr/lib/avrxmega6/libc.a(ultoa_invert.o)
                                0x48c (size before relaxing)

.stabstr        0x00000000      0x768
 *(.stabstr)
 .stabstr       0x00000000      0x768 /usr/local/CrossPack-AVR-20100115/lib/gcc/avr/4.3.3/../../../../avr/lib/avrxmega6/crtx256a3.o

.stab.excl
 *(.stab.excl)

.stab.exclstr
 *(.stab.exclstr)

.stab.index
 *(.stab.index)

.stab.indexstr
 *(.stab.indexstr)

.comment
 *(.comment)

.debug
 *(.debug)

.line
 *(.line)

.debug_srcinfo
 *(.debug_srcinfo)

.debug_sfnames
 *(.debug_sfnames)

.debug_aranges  0x00000000       0xa0
 *(.debug_aranges)
 .debug_aranges
                0x00000000       0x20 main.o
 .debug_aranges
                0x00000020       0x20 /usr/local/CrossPack-AVR-20100115/lib/gcc/avr/4.3.3/../../../../avr/lib/avrxmega6/libc.a(strtok.o)
 .debug_aranges
                0x00000040       0x20 /usr/local/CrossPack-AVR-20100115/lib/gcc/avr/4.3.3/../../../../avr/lib/avrxmega6/libc.a(sprintf.o)
 .debug_aranges
                0x00000060       0x20 /usr/local/CrossPack-AVR-20100115/lib/gcc/avr/4.3.3/../../../../avr/lib/avrxmega6/libc.a(vfprintf_std.o)
 .debug_aranges
                0x00000080       0x20 /usr/local/CrossPack-AVR-20100115/lib/gcc/avr/4.3.3/../../../../avr/lib/avrxmega6/libc.a(fputc.o)

.debug_pubnames
                0x00000000     0x19fb
 *(.debug_pubnames)
 .debug_pubnames
                0x00000000     0x1985 main.o
 .debug_pubnames
                0x00001985       0x1d /usr/local/CrossPack-AVR-20100115/lib/gcc/avr/4.3.3/../../../../avr/lib/avrxmega6/libc.a(strtok.o)
 .debug_pubnames
                0x000019a2       0x1e /usr/local/CrossPack-AVR-20100115/lib/gcc/avr/4.3.3/../../../../avr/lib/avrxmega6/libc.a(sprintf.o)
 .debug_pubnames
                0x000019c0       0x1f /usr/local/CrossPack-AVR-20100115/lib/gcc/avr/4.3.3/../../../../avr/lib/avrxmega6/libc.a(vfprintf_std.o)
 .debug_pubnames
                0x000019df       0x1c /usr/local/CrossPack-AVR-20100115/lib/gcc/avr/4.3.3/../../../../avr/lib/avrxmega6/libc.a(fputc.o)

.debug_info     0x00000000     0x97df
 *(.debug_info)
 .debug_info    0x00000000     0x90e6 main.o
 .debug_info    0x000090e6       0x91 /usr/local/CrossPack-AVR-20100115/lib/gcc/avr/4.3.3/../../../../avr/lib/avrxmega6/libc.a(strtok.o)
 .debug_info    0x00009177      0x1b4 /usr/local/CrossPack-AVR-20100115/lib/gcc/avr/4.3.3/../../../../avr/lib/avrxmega6/libc.a(sprintf.o)
 .debug_info    0x0000932b      0x34a /usr/local/CrossPack-AVR-20100115/lib/gcc/avr/4.3.3/../../../../avr/lib/avrxmega6/libc.a(vfprintf_std.o)
 .debug_info    0x00009675      0x16a /usr/local/CrossPack-AVR-20100115/lib/gcc/avr/4.3.3/../../../../avr/lib/avrxmega6/libc.a(fputc.o)
 *(.gnu.linkonce.wi.*)

.debug_abbrev   0x00000000      0xa05
 *(.debug_abbrev)
 .debug_abbrev  0x00000000      0x621 main.o
 .debug_abbrev  0x00000621       0x77 /usr/local/CrossPack-AVR-20100115/lib/gcc/avr/4.3.3/../../../../avr/lib/avrxmega6/libc.a(strtok.o)
 .debug_abbrev  0x00000698      0x10e /usr/local/CrossPack-AVR-20100115/lib/gcc/avr/4.3.3/../../../../avr/lib/avrxmega6/libc.a(sprintf.o)
 .debug_abbrev  0x000007a6      0x184 /usr/local/CrossPack-AVR-20100115/lib/gcc/avr/4.3.3/../../../../avr/lib/avrxmega6/libc.a(vfprintf_std.o)
 .debug_abbrev  0x0000092a       0xdb /usr/local/CrossPack-AVR-20100115/lib/gcc/avr/4.3.3/../../../../avr/lib/avrxmega6/libc.a(fputc.o)

.debug_line     0x00000000     0x7c78
 *(.debug_line)
 .debug_line    0x00000000     0x756f main.o
 .debug_line    0x0000756f       0x81 /usr/local/CrossPack-AVR-20100115/lib/gcc/avr/4.3.3/../../../../avr/lib/avrxmega6/libc.a(strtok.o)
 .debug_line    0x000075f0      0x12f /usr/local/CrossPack-AVR-20100115/lib/gcc/avr/4.3.3/../../../../avr/lib/avrxmega6/libc.a(sprintf.o)
 .debug_line    0x0000771f      0x482 /usr/local/CrossPack-AVR-20100115/lib/gcc/avr/4.3.3/../../../../avr/lib/avrxmega6/libc.a(vfprintf_std.o)
 .debug_line    0x00007ba1       0xd7 /usr/local/CrossPack-AVR-20100115/lib/gcc/avr/4.3.3/../../../../avr/lib/avrxmega6/libc.a(fputc.o)

.debug_frame    0x00000000      0xac0
 *(.debug_frame)
 .debug_frame   0x00000000      0xa40 main.o
 .debug_frame   0x00000a40       0x20 /usr/local/CrossPack-AVR-20100115/lib/gcc/avr/4.3.3/../../../../avr/lib/avrxmega6/libc.a(strtok.o)
 .debug_frame   0x00000a60       0x20 /usr/local/CrossPack-AVR-20100115/lib/gcc/avr/4.3.3/../../../../avr/lib/avrxmega6/libc.a(sprintf.o)
 .debug_frame   0x00000a80       0x20 /usr/local/CrossPack-AVR-20100115/lib/gcc/avr/4.3.3/../../../../avr/lib/avrxmega6/libc.a(vfprintf_std.o)
 .debug_frame   0x00000aa0       0x20 /usr/local/CrossPack-AVR-20100115/lib/gcc/avr/4.3.3/../../../../avr/lib/avrxmega6/libc.a(fputc.o)

.debug_str      0x00000000     0x4565
 *(.debug_str)
 .debug_str     0x00000000     0x440d main.o
                               0x4506 (size before relaxing)
 .debug_str     0x0000440d       0x92 /usr/local/CrossPack-AVR-20100115/lib/gcc/avr/4.3.3/../../../../avr/lib/avrxmega6/libc.a(strtok.o)
                                 0xb0 (size before relaxing)
 .debug_str     0x0000449f       0x3f /usr/local/CrossPack-AVR-20100115/lib/gcc/avr/4.3.3/../../../../avr/lib/avrxmega6/libc.a(sprintf.o)
                                0x154 (size before relaxing)
 .debug_str     0x000044de       0x65 /usr/local/CrossPack-AVR-20100115/lib/gcc/avr/4.3.3/../../../../avr/lib/avrxmega6/libc.a(vfprintf_std.o)
                                0x19e (size before relaxing)
 .debug_str     0x00004543       0x22 /usr/local/CrossPack-AVR-20100115/lib/gcc/avr/4.3.3/../../../../avr/lib/avrxmega6/libc.a(fputc.o)
                                0x12e (size before relaxing)

.debug_loc      0x00000000     0x6f7d
 *(.debug_loc)
 .debug_loc     0x00000000     0x6a50 main.o
 .debug_loc     0x00006a50       0x30 /usr/local/CrossPack-AVR-20100115/lib/gcc/avr/4.3.3/../../../../avr/lib/avrxmega6/libc.a(strtok.o)
 .debug_loc     0x00006a80       0x24 /usr/local/CrossPack-AVR-20100115/lib/gcc/avr/4.3.3/../../../../avr/lib/avrxmega6/libc.a(sprintf.o)
 .debug_loc     0x00006aa4      0x479 /usr/local/CrossPack-AVR-20100115/lib/gcc/avr/4.3.3/../../../../avr/lib/avrxmega6/libc.a(vfprintf_std.o)
 .debug_loc     0x00006f1d       0x60 /usr/local/CrossPack-AVR-20100115/lib/gcc/avr/4.3.3/../../../../avr/lib/avrxmega6/libc.a(fputc.o)

.debug_macinfo
 *(.debug_macinfo)
OUTPUT(main.elf elf32-avr)
LOAD linker stubs

.debug_ranges   0x00000000      0x528
 .debug_ranges  0x00000000      0x4b0 main.o
 .debug_ranges  0x000004b0       0x18 /usr/local/CrossPack-AVR-20100115/lib/gcc/avr/4.3.3/../../../../avr/lib/avrxmega6/libc.a(strtok.o)
 .debug_ranges  0x000004c8       0x18 /usr/local/CrossPack-AVR-20100115/lib/gcc/avr/4.3.3/../../../../avr/lib/avrxmega6/libc.a(sprintf.o)
 .debug_ranges  0x000004e0       0x30 /usr/local/CrossPack-AVR-20100115/lib/gcc/avr/4.3.3/../../../../avr/lib/avrxmega6/libc.a(vfprintf_std.o)
 .debug_ranges  0x00000510       0x18 /usr/local/CrossPack-AVR-20100115/lib/gcc/avr/4.3.3/../../../../avr/lib/avrxmega6/libc.a(fputc.o)

Cross Reference Table

Symbol                                            File
CCPWrite                                          main.o
CRC                                               main.o
Clock_Init                                        main.o
Config_Wifi                                       main.o
DMA_Init                                          main.o
DebugBuffer                                       main.o
Debug_CharReadyToRead                             main.o
Debug_GetByte                                     main.o
Debug_Init                                        main.o
Debug_SendByte                                    main.o
Debug_SendString                                  main.o
Debug_To_Wifi                                     main.o
Debug_readLocation                                main.o
Debug_writeLocation                               main.o
Disable_JTAG                                      main.o
Display_BackgroundWriter_Init                     main.o
Dpad_CheckButton                                  main.o
Dpad_Init                                         main.o
Dpad_Read                                         main.o
Drives                                            main.o
Interrupt_Init                                    main.o
Leds_Clear                                        main.o
Leds_Init                                         main.o
Leds_Set                                          main.o
Leds_Toggle                                       main.o
Light_Init                                        main.o
Light_readByte                                    main.o
Light_readColors                                  main.o
Light_returnColor                                 main.o
Light_setGain                                     main.o
Light_writeByte                                   main.o
Log_File                                          main.o
RTC_TimeToUTCSecs                                 main.o
RTC_UTCSecsToTime                                 main.o
RTC_getTime                                       main.o
RTC_getUTCSecs                                    main.o
RTC_init                                          main.o
RTC_receiveBytes                                  main.o
RTC_sendBytes                                     main.o
RTC_setTime                                       main.o
RTC_setUTCSecs                                    main.o
Read_config_file                                  main.o
Rs232Buffer                                       main.o
Rs232_CharReadyToRead                             main.o
Rs232_ClearBuffer                                 main.o
Rs232_GetByte                                     main.o
Rs232_Init                                        main.o
Rs232_SendByte                                    main.o
Rs232_SendString                                  main.o
Rs232_To_Debug                                    main.o
Rs232_readLocation                                main.o
Rs232_writeLocation                               main.o
SD2_Inserted                                      main.o
SD_BackroundWriter_Init                           main.o
SD_ClearCRC                                       main.o
SD_Close                                          main.o
SD_Init                                           main.o
SD_Inserted                                       main.o
SD_MakeFileName                                   main.o
SD_Open                                           main.o
SD_StartLogFile                                   main.o
SD_Timer_Init                                     main.o
SD_Write16                                        main.o
SD_Write32                                        main.o
SD_Write8                                         main.o
SD_WriteAirSample                                 main.o
SD_WriteBuffer                                    main.o
SD_WriteCRC                                       main.o
SD_WriteHumidityBuffer                            main.o
SD_WriteLightBuffer                               main.o
SD_WriteMicrophoneBuffer                          main.o
SD_WritePressureBuffer                            main.o
SD_WriteRTCBlock                                  main.o
SD_WriteString                                    main.o
SD_WriteTemperatureBuffer                         main.o
Sensors_Init                                      main.o
Sensors_ReadHumidity                              main.o
Sensors_ReadMicrophone                            main.o
Sensors_ReadPressure                              main.o
Sensors_ReadTemperature                           main.o
Sensors_ResetHumidityBuffers                      main.o
Sensors_ResetLightBuffers                         main.o
Sensors_ResetMicrophoneBuffers                    main.o
Sensors_ResetPressureBuffers                      main.o
Sensors_ResetTemperatureBuffers                   main.o
Time_Get32BitTimer                                main.o
Time_Init                                         main.o
Time_Set                                          main.o
UNIX_time                                         main.o
Upload_File                                       main.o
WifiBuffer                                        main.o
Wifi_CharReadyToRead                              main.o
Wifi_ClearBuffer                                  main.o
Wifi_Connected                                    main.o
Wifi_EnterCMDMode                                 main.o
Wifi_ExitCMDMode                                  main.o
Wifi_GetByte                                      main.o
Wifi_GetMac                                       main.o
Wifi_GetSignalStrength                            main.o
Wifi_GetTime                                      main.o
Wifi_Init                                         main.o
Wifi_SendByte                                     main.o
Wifi_SendCommand                                  main.o
Wifi_SendString                                   main.o
Wifi_readLocation                                 main.o
Wifi_writeLocation                                main.o
__bad_interrupt                                   /usr/local/CrossPack-AVR-20100115/lib/gcc/avr/4.3.3/../../../../avr/lib/avrxmega6/crtx256a3.o
__bss_end                                         /usr/local/CrossPack-AVR-20100115/lib/gcc/avr/4.3.3/avrxmega6/libgcc.a(_clear_bss.o)
__bss_start                                       /usr/local/CrossPack-AVR-20100115/lib/gcc/avr/4.3.3/avrxmega6/libgcc.a(_clear_bss.o)
__data_end                                        /usr/local/CrossPack-AVR-20100115/lib/gcc/avr/4.3.3/../../../../avr/lib/avrxmega6/crtx256a3.o
__data_load_start                                 /usr/local/CrossPack-AVR-20100115/lib/gcc/avr/4.3.3/../../../../avr/lib/avrxmega6/crtx256a3.o
__data_start                                      /usr/local/CrossPack-AVR-20100115/lib/gcc/avr/4.3.3/../../../../avr/lib/avrxmega6/crtx256a3.o
__divmodhi4                                       /usr/local/CrossPack-AVR-20100115/lib/gcc/avr/4.3.3/avrxmega6/libgcc.a(_divmodhi4.o)
                                                  main.o
__do_clear_bss                                    /usr/local/CrossPack-AVR-20100115/lib/gcc/avr/4.3.3/avrxmega6/libgcc.a(_clear_bss.o)
                                                  /usr/local/CrossPack-AVR-20100115/lib/gcc/avr/4.3.3/../../../../avr/lib/avrxmega6/libc.a(strtok.o)
                                                  main.o
__do_copy_data                                    /usr/local/CrossPack-AVR-20100115/lib/gcc/avr/4.3.3/../../../../avr/lib/avrxmega6/crtx256a3.o
                                                  main.o
__heap_end                                        /usr/local/CrossPack-AVR-20100115/lib/gcc/avr/4.3.3/../../../../avr/lib/avrxmega6/crtx256a3.o
__init                                            /usr/local/CrossPack-AVR-20100115/lib/gcc/avr/4.3.3/../../../../avr/lib/avrxmega6/crtx256a3.o
__mulhi_const_10                                  /usr/local/CrossPack-AVR-20100115/lib/gcc/avr/4.3.3/../../../../avr/lib/avrxmega6/libc.a(mul10.o)
                                                  /usr/local/CrossPack-AVR-20100115/lib/gcc/avr/4.3.3/../../../../avr/lib/avrxmega6/libc.a(atoi.o)
__mulsi3                                          /usr/local/CrossPack-AVR-20100115/lib/gcc/avr/4.3.3/avrxmega6/libgcc.a(_mulsi3.o)
                                                  main.o
__mulsi_const_10                                  /usr/local/CrossPack-AVR-20100115/lib/gcc/avr/4.3.3/../../../../avr/lib/avrxmega6/libc.a(mulsi10.o)
                                                  /usr/local/CrossPack-AVR-20100115/lib/gcc/avr/4.3.3/../../../../avr/lib/avrxmega6/libc.a(atol.o)
__stack                                           /usr/local/CrossPack-AVR-20100115/lib/gcc/avr/4.3.3/../../../../avr/lib/avrxmega6/crtx256a3.o
__udivmodhi4                                      /usr/local/CrossPack-AVR-20100115/lib/gcc/avr/4.3.3/avrxmega6/libgcc.a(_udivmodhi4.o)
                                                  /usr/local/CrossPack-AVR-20100115/lib/gcc/avr/4.3.3/avrxmega6/libgcc.a(_divmodhi4.o)
                                                  main.o
__udivmodqi4                                      /usr/local/CrossPack-AVR-20100115/lib/gcc/avr/4.3.3/avrxmega6/libgcc.a(_udivmodqi4.o)
                                                  main.o
__udivmodsi4                                      /usr/local/CrossPack-AVR-20100115/lib/gcc/avr/4.3.3/avrxmega6/libgcc.a(_udivmodsi4.o)
                                                  /usr/local/CrossPack-AVR-20100115/lib/gcc/avr/4.3.3/../../../../avr/lib/avrxmega6/libc.a(ltoa.o)
                                                  main.o
__ultoa_invert                                    /usr/local/CrossPack-AVR-20100115/lib/gcc/avr/4.3.3/../../../../avr/lib/avrxmega6/libc.a(ultoa_invert.o)
                                                  /usr/local/CrossPack-AVR-20100115/lib/gcc/avr/4.3.3/../../../../avr/lib/avrxmega6/libc.a(vfprintf_std.o)
__vector_1                                        /usr/local/CrossPack-AVR-20100115/lib/gcc/avr/4.3.3/../../../../avr/lib/avrxmega6/crtx256a3.o
__vector_10                                       /usr/local/CrossPack-AVR-20100115/lib/gcc/avr/4.3.3/../../../../avr/lib/avrxmega6/crtx256a3.o
__vector_100                                      /usr/local/CrossPack-AVR-20100115/lib/gcc/avr/4.3.3/../../../../avr/lib/avrxmega6/crtx256a3.o
__vector_101                                      /usr/local/CrossPack-AVR-20100115/lib/gcc/avr/4.3.3/../../../../avr/lib/avrxmega6/crtx256a3.o
__vector_102                                      /usr/local/CrossPack-AVR-20100115/lib/gcc/avr/4.3.3/../../../../avr/lib/avrxmega6/crtx256a3.o
__vector_103                                      /usr/local/CrossPack-AVR-20100115/lib/gcc/avr/4.3.3/../../../../avr/lib/avrxmega6/crtx256a3.o
__vector_104                                      /usr/local/CrossPack-AVR-20100115/lib/gcc/avr/4.3.3/../../../../avr/lib/avrxmega6/crtx256a3.o
__vector_105                                      /usr/local/CrossPack-AVR-20100115/lib/gcc/avr/4.3.3/../../../../avr/lib/avrxmega6/crtx256a3.o
__vector_106                                      /usr/local/CrossPack-AVR-20100115/lib/gcc/avr/4.3.3/../../../../avr/lib/avrxmega6/crtx256a3.o
__vector_107                                      /usr/local/CrossPack-AVR-20100115/lib/gcc/avr/4.3.3/../../../../avr/lib/avrxmega6/crtx256a3.o
__vector_108                                      main.o
                                                  /usr/local/CrossPack-AVR-20100115/lib/gcc/avr/4.3.3/../../../../avr/lib/avrxmega6/crtx256a3.o
__vector_109                                      /usr/local/CrossPack-AVR-20100115/lib/gcc/avr/4.3.3/../../../../avr/lib/avrxmega6/crtx256a3.o
__vector_11                                       /usr/local/CrossPack-AVR-20100115/lib/gcc/avr/4.3.3/../../../../avr/lib/avrxmega6/crtx256a3.o
__vector_110                                      /usr/local/CrossPack-AVR-20100115/lib/gcc/avr/4.3.3/../../../../avr/lib/avrxmega6/crtx256a3.o
__vector_111                                      /usr/local/CrossPack-AVR-20100115/lib/gcc/avr/4.3.3/../../../../avr/lib/avrxmega6/crtx256a3.o
__vector_112                                      /usr/local/CrossPack-AVR-20100115/lib/gcc/avr/4.3.3/../../../../avr/lib/avrxmega6/crtx256a3.o
__vector_113                                      /usr/local/CrossPack-AVR-20100115/lib/gcc/avr/4.3.3/../../../../avr/lib/avrxmega6/crtx256a3.o
__vector_114                                      /usr/local/CrossPack-AVR-20100115/lib/gcc/avr/4.3.3/../../../../avr/lib/avrxmega6/crtx256a3.o
__vector_115                                      /usr/local/CrossPack-AVR-20100115/lib/gcc/avr/4.3.3/../../../../avr/lib/avrxmega6/crtx256a3.o
__vector_116                                      /usr/local/CrossPack-AVR-20100115/lib/gcc/avr/4.3.3/../../../../avr/lib/avrxmega6/crtx256a3.o
__vector_117                                      /usr/local/CrossPack-AVR-20100115/lib/gcc/avr/4.3.3/../../../../avr/lib/avrxmega6/crtx256a3.o
__vector_118                                      /usr/local/CrossPack-AVR-20100115/lib/gcc/avr/4.3.3/../../../../avr/lib/avrxmega6/crtx256a3.o
__vector_119                                      /usr/local/CrossPack-AVR-20100115/lib/gcc/avr/4.3.3/../../../../avr/lib/avrxmega6/crtx256a3.o
__vector_12                                       /usr/local/CrossPack-AVR-20100115/lib/gcc/avr/4.3.3/../../../../avr/lib/avrxmega6/crtx256a3.o
__vector_120                                      /usr/local/CrossPack-AVR-20100115/lib/gcc/avr/4.3.3/../../../../avr/lib/avrxmega6/crtx256a3.o
__vector_121                                      /usr/local/CrossPack-AVR-20100115/lib/gcc/avr/4.3.3/../../../../avr/lib/avrxmega6/crtx256a3.o
__vector_13                                       /usr/local/CrossPack-AVR-20100115/lib/gcc/avr/4.3.3/../../../../avr/lib/avrxmega6/crtx256a3.o
__vector_14                                       /usr/local/CrossPack-AVR-20100115/lib/gcc/avr/4.3.3/../../../../avr/lib/avrxmega6/crtx256a3.o
__vector_15                                       /usr/local/CrossPack-AVR-20100115/lib/gcc/avr/4.3.3/../../../../avr/lib/avrxmega6/crtx256a3.o
__vector_16                                       /usr/local/CrossPack-AVR-20100115/lib/gcc/avr/4.3.3/../../../../avr/lib/avrxmega6/crtx256a3.o
__vector_17                                       /usr/local/CrossPack-AVR-20100115/lib/gcc/avr/4.3.3/../../../../avr/lib/avrxmega6/crtx256a3.o
__vector_18                                       /usr/local/CrossPack-AVR-20100115/lib/gcc/avr/4.3.3/../../../../avr/lib/avrxmega6/crtx256a3.o
__vector_19                                       /usr/local/CrossPack-AVR-20100115/lib/gcc/avr/4.3.3/../../../../avr/lib/avrxmega6/crtx256a3.o
__vector_2                                        /usr/local/CrossPack-AVR-20100115/lib/gcc/avr/4.3.3/../../../../avr/lib/avrxmega6/crtx256a3.o
__vector_20                                       /usr/local/CrossPack-AVR-20100115/lib/gcc/avr/4.3.3/../../../../avr/lib/avrxmega6/crtx256a3.o
__vector_21                                       /usr/local/CrossPack-AVR-20100115/lib/gcc/avr/4.3.3/../../../../avr/lib/avrxmega6/crtx256a3.o
__vector_22                                       /usr/local/CrossPack-AVR-20100115/lib/gcc/avr/4.3.3/../../../../avr/lib/avrxmega6/crtx256a3.o
__vector_23                                       /usr/local/CrossPack-AVR-20100115/lib/gcc/avr/4.3.3/../../../../avr/lib/avrxmega6/crtx256a3.o
__vector_24                                       /usr/local/CrossPack-AVR-20100115/lib/gcc/avr/4.3.3/../../../../avr/lib/avrxmega6/crtx256a3.o
__vector_25                                       main.o
                                                  /usr/local/CrossPack-AVR-20100115/lib/gcc/avr/4.3.3/../../../../avr/lib/avrxmega6/crtx256a3.o
__vector_26                                       /usr/local/CrossPack-AVR-20100115/lib/gcc/avr/4.3.3/../../../../avr/lib/avrxmega6/crtx256a3.o
__vector_27                                       /usr/local/CrossPack-AVR-20100115/lib/gcc/avr/4.3.3/../../../../avr/lib/avrxmega6/crtx256a3.o
__vector_28                                       /usr/local/CrossPack-AVR-20100115/lib/gcc/avr/4.3.3/../../../../avr/lib/avrxmega6/crtx256a3.o
__vector_29                                       /usr/local/CrossPack-AVR-20100115/lib/gcc/avr/4.3.3/../../../../avr/lib/avrxmega6/crtx256a3.o
__vector_3                                        /usr/local/CrossPack-AVR-20100115/lib/gcc/avr/4.3.3/../../../../avr/lib/avrxmega6/crtx256a3.o
__vector_30                                       /usr/local/CrossPack-AVR-20100115/lib/gcc/avr/4.3.3/../../../../avr/lib/avrxmega6/crtx256a3.o
__vector_31                                       /usr/local/CrossPack-AVR-20100115/lib/gcc/avr/4.3.3/../../../../avr/lib/avrxmega6/crtx256a3.o
__vector_32                                       /usr/local/CrossPack-AVR-20100115/lib/gcc/avr/4.3.3/../../../../avr/lib/avrxmega6/crtx256a3.o
__vector_33                                       /usr/local/CrossPack-AVR-20100115/lib/gcc/avr/4.3.3/../../../../avr/lib/avrxmega6/crtx256a3.o
__vector_34                                       /usr/local/CrossPack-AVR-20100115/lib/gcc/avr/4.3.3/../../../../avr/lib/avrxmega6/crtx256a3.o
__vector_35                                       /usr/local/CrossPack-AVR-20100115/lib/gcc/avr/4.3.3/../../../../avr/lib/avrxmega6/crtx256a3.o
__vector_36                                       /usr/local/CrossPack-AVR-20100115/lib/gcc/avr/4.3.3/../../../../avr/lib/avrxmega6/crtx256a3.o
__vector_37                                       /usr/local/CrossPack-AVR-20100115/lib/gcc/avr/4.3.3/../../../../avr/lib/avrxmega6/crtx256a3.o
__vector_38                                       /usr/local/CrossPack-AVR-20100115/lib/gcc/avr/4.3.3/../../../../avr/lib/avrxmega6/crtx256a3.o
__vector_39                                       /usr/local/CrossPack-AVR-20100115/lib/gcc/avr/4.3.3/../../../../avr/lib/avrxmega6/crtx256a3.o
__vector_4                                        /usr/local/CrossPack-AVR-20100115/lib/gcc/avr/4.3.3/../../../../avr/lib/avrxmega6/crtx256a3.o
__vector_40                                       /usr/local/CrossPack-AVR-20100115/lib/gcc/avr/4.3.3/../../../../avr/lib/avrxmega6/crtx256a3.o
__vector_41                                       /usr/local/CrossPack-AVR-20100115/lib/gcc/avr/4.3.3/../../../../avr/lib/avrxmega6/crtx256a3.o
__vector_42                                       /usr/local/CrossPack-AVR-20100115/lib/gcc/avr/4.3.3/../../../../avr/lib/avrxmega6/crtx256a3.o
__vector_43                                       /usr/local/CrossPack-AVR-20100115/lib/gcc/avr/4.3.3/../../../../avr/lib/avrxmega6/crtx256a3.o
__vector_44                                       /usr/local/CrossPack-AVR-20100115/lib/gcc/avr/4.3.3/../../../../avr/lib/avrxmega6/crtx256a3.o
__vector_45                                       /usr/local/CrossPack-AVR-20100115/lib/gcc/avr/4.3.3/../../../../avr/lib/avrxmega6/crtx256a3.o
__vector_46                                       /usr/local/CrossPack-AVR-20100115/lib/gcc/avr/4.3.3/../../../../avr/lib/avrxmega6/crtx256a3.o
__vector_47                                       main.o
                                                  /usr/local/CrossPack-AVR-20100115/lib/gcc/avr/4.3.3/../../../../avr/lib/avrxmega6/crtx256a3.o
__vector_48                                       /usr/local/CrossPack-AVR-20100115/lib/gcc/avr/4.3.3/../../../../avr/lib/avrxmega6/crtx256a3.o
__vector_49                                       /usr/local/CrossPack-AVR-20100115/lib/gcc/avr/4.3.3/../../../../avr/lib/avrxmega6/crtx256a3.o
__vector_5                                        /usr/local/CrossPack-AVR-20100115/lib/gcc/avr/4.3.3/../../../../avr/lib/avrxmega6/crtx256a3.o
__vector_50                                       /usr/local/CrossPack-AVR-20100115/lib/gcc/avr/4.3.3/../../../../avr/lib/avrxmega6/crtx256a3.o
__vector_51                                       /usr/local/CrossPack-AVR-20100115/lib/gcc/avr/4.3.3/../../../../avr/lib/avrxmega6/crtx256a3.o
__vector_52                                       /usr/local/CrossPack-AVR-20100115/lib/gcc/avr/4.3.3/../../../../avr/lib/avrxmega6/crtx256a3.o
__vector_53                                       main.o
                                                  /usr/local/CrossPack-AVR-20100115/lib/gcc/avr/4.3.3/../../../../avr/lib/avrxmega6/crtx256a3.o
__vector_54                                       /usr/local/CrossPack-AVR-20100115/lib/gcc/avr/4.3.3/../../../../avr/lib/avrxmega6/crtx256a3.o
__vector_55                                       /usr/local/CrossPack-AVR-20100115/lib/gcc/avr/4.3.3/../../../../avr/lib/avrxmega6/crtx256a3.o
__vector_56                                       /usr/local/CrossPack-AVR-20100115/lib/gcc/avr/4.3.3/../../../../avr/lib/avrxmega6/crtx256a3.o
__vector_57                                       /usr/local/CrossPack-AVR-20100115/lib/gcc/avr/4.3.3/../../../../avr/lib/avrxmega6/crtx256a3.o
__vector_58                                       /usr/local/CrossPack-AVR-20100115/lib/gcc/avr/4.3.3/../../../../avr/lib/avrxmega6/crtx256a3.o
__vector_59                                       /usr/local/CrossPack-AVR-20100115/lib/gcc/avr/4.3.3/../../../../avr/lib/avrxmega6/crtx256a3.o
__vector_6                                        /usr/local/CrossPack-AVR-20100115/lib/gcc/avr/4.3.3/../../../../avr/lib/avrxmega6/crtx256a3.o
__vector_60                                       /usr/local/CrossPack-AVR-20100115/lib/gcc/avr/4.3.3/../../../../avr/lib/avrxmega6/crtx256a3.o
__vector_61                                       /usr/local/CrossPack-AVR-20100115/lib/gcc/avr/4.3.3/../../../../avr/lib/avrxmega6/crtx256a3.o
__vector_62                                       /usr/local/CrossPack-AVR-20100115/lib/gcc/avr/4.3.3/../../../../avr/lib/avrxmega6/crtx256a3.o
__vector_63                                       /usr/local/CrossPack-AVR-20100115/lib/gcc/avr/4.3.3/../../../../avr/lib/avrxmega6/crtx256a3.o
__vector_64                                       /usr/local/CrossPack-AVR-20100115/lib/gcc/avr/4.3.3/../../../../avr/lib/avrxmega6/crtx256a3.o
__vector_65                                       /usr/local/CrossPack-AVR-20100115/lib/gcc/avr/4.3.3/../../../../avr/lib/avrxmega6/crtx256a3.o
__vector_66                                       /usr/local/CrossPack-AVR-20100115/lib/gcc/avr/4.3.3/../../../../avr/lib/avrxmega6/crtx256a3.o
__vector_67                                       /usr/local/CrossPack-AVR-20100115/lib/gcc/avr/4.3.3/../../../../avr/lib/avrxmega6/crtx256a3.o
__vector_68                                       /usr/local/CrossPack-AVR-20100115/lib/gcc/avr/4.3.3/../../../../avr/lib/avrxmega6/crtx256a3.o
__vector_69                                       /usr/local/CrossPack-AVR-20100115/lib/gcc/avr/4.3.3/../../../../avr/lib/avrxmega6/crtx256a3.o
__vector_7                                        /usr/local/CrossPack-AVR-20100115/lib/gcc/avr/4.3.3/../../../../avr/lib/avrxmega6/crtx256a3.o
__vector_70                                       /usr/local/CrossPack-AVR-20100115/lib/gcc/avr/4.3.3/../../../../avr/lib/avrxmega6/crtx256a3.o
__vector_71                                       /usr/local/CrossPack-AVR-20100115/lib/gcc/avr/4.3.3/../../../../avr/lib/avrxmega6/crtx256a3.o
__vector_72                                       /usr/local/CrossPack-AVR-20100115/lib/gcc/avr/4.3.3/../../../../avr/lib/avrxmega6/crtx256a3.o
__vector_73                                       /usr/local/CrossPack-AVR-20100115/lib/gcc/avr/4.3.3/../../../../avr/lib/avrxmega6/crtx256a3.o
__vector_74                                       /usr/local/CrossPack-AVR-20100115/lib/gcc/avr/4.3.3/../../../../avr/lib/avrxmega6/crtx256a3.o
__vector_75                                       /usr/local/CrossPack-AVR-20100115/lib/gcc/avr/4.3.3/../../../../avr/lib/avrxmega6/crtx256a3.o
__vector_76                                       /usr/local/CrossPack-AVR-20100115/lib/gcc/avr/4.3.3/../../../../avr/lib/avrxmega6/crtx256a3.o
__vector_77                                       main.o
                                                  /usr/local/CrossPack-AVR-20100115/lib/gcc/avr/4.3.3/../../../../avr/lib/avrxmega6/crtx256a3.o
__vector_78                                       /usr/local/CrossPack-AVR-20100115/lib/gcc/avr/4.3.3/../../../../avr/lib/avrxmega6/crtx256a3.o
__vector_79                                       /usr/local/CrossPack-AVR-20100115/lib/gcc/avr/4.3.3/../../../../avr/lib/avrxmega6/crtx256a3.o
__vector_8                                        /usr/local/CrossPack-AVR-20100115/lib/gcc/avr/4.3.3/../../../../avr/lib/avrxmega6/crtx256a3.o
__vector_80                                       /usr/local/CrossPack-AVR-20100115/lib/gcc/avr/4.3.3/../../../../avr/lib/avrxmega6/crtx256a3.o
__vector_81                                       /usr/local/CrossPack-AVR-20100115/lib/gcc/avr/4.3.3/../../../../avr/lib/avrxmega6/crtx256a3.o
__vector_82                                       /usr/local/CrossPack-AVR-20100115/lib/gcc/avr/4.3.3/../../../../avr/lib/avrxmega6/crtx256a3.o
__vector_83                                       main.o
                                                  /usr/local/CrossPack-AVR-20100115/lib/gcc/avr/4.3.3/../../../../avr/lib/avrxmega6/crtx256a3.o
__vector_84                                       /usr/local/CrossPack-AVR-20100115/lib/gcc/avr/4.3.3/../../../../avr/lib/avrxmega6/crtx256a3.o
__vector_85                                       /usr/local/CrossPack-AVR-20100115/lib/gcc/avr/4.3.3/../../../../avr/lib/avrxmega6/crtx256a3.o
__vector_86                                       /usr/local/CrossPack-AVR-20100115/lib/gcc/avr/4.3.3/../../../../avr/lib/avrxmega6/crtx256a3.o
__vector_87                                       /usr/local/CrossPack-AVR-20100115/lib/gcc/avr/4.3.3/../../../../avr/lib/avrxmega6/crtx256a3.o
__vector_88                                       main.o
                                                  /usr/local/CrossPack-AVR-20100115/lib/gcc/avr/4.3.3/../../../../avr/lib/avrxmega6/crtx256a3.o
__vector_89                                       /usr/local/CrossPack-AVR-20100115/lib/gcc/avr/4.3.3/../../../../avr/lib/avrxmega6/crtx256a3.o
__vector_9                                        /usr/local/CrossPack-AVR-20100115/lib/gcc/avr/4.3.3/../../../../avr/lib/avrxmega6/crtx256a3.o
__vector_90                                       /usr/local/CrossPack-AVR-20100115/lib/gcc/avr/4.3.3/../../../../avr/lib/avrxmega6/crtx256a3.o
__vector_91                                       /usr/local/CrossPack-AVR-20100115/lib/gcc/avr/4.3.3/../../../../avr/lib/avrxmega6/crtx256a3.o
__vector_92                                       /usr/local/CrossPack-AVR-20100115/lib/gcc/avr/4.3.3/../../../../avr/lib/avrxmega6/crtx256a3.o
__vector_93                                       /usr/local/CrossPack-AVR-20100115/lib/gcc/avr/4.3.3/../../../../avr/lib/avrxmega6/crtx256a3.o
__vector_94                                       /usr/local/CrossPack-AVR-20100115/lib/gcc/avr/4.3.3/../../../../avr/lib/avrxmega6/crtx256a3.o
__vector_95                                       /usr/local/CrossPack-AVR-20100115/lib/gcc/avr/4.3.3/../../../../avr/lib/avrxmega6/crtx256a3.o
__vector_96                                       /usr/local/CrossPack-AVR-20100115/lib/gcc/avr/4.3.3/../../../../avr/lib/avrxmega6/crtx256a3.o
__vector_97                                       /usr/local/CrossPack-AVR-20100115/lib/gcc/avr/4.3.3/../../../../avr/lib/avrxmega6/crtx256a3.o
__vector_98                                       /usr/local/CrossPack-AVR-20100115/lib/gcc/avr/4.3.3/../../../../avr/lib/avrxmega6/crtx256a3.o
__vector_99                                       /usr/local/CrossPack-AVR-20100115/lib/gcc/avr/4.3.3/../../../../avr/lib/avrxmega6/crtx256a3.o
__vector_default                                  /usr/local/CrossPack-AVR-20100115/lib/gcc/avr/4.3.3/../../../../avr/lib/avrxmega6/crtx256a3.o
__vectors                                         /usr/local/CrossPack-AVR-20100115/lib/gcc/avr/4.3.3/../../../../avr/lib/avrxmega6/crtx256a3.o
_div                                              /usr/local/CrossPack-AVR-20100115/lib/gcc/avr/4.3.3/avrxmega6/libgcc.a(_divmodhi4.o)
_exit                                             /usr/local/CrossPack-AVR-20100115/lib/gcc/avr/4.3.3/avrxmega6/libgcc.a(_exit.o)
airQualityString                                  main.o
airSampleTime                                     main.o
am                                                main.o
atoi                                              /usr/local/CrossPack-AVR-20100115/lib/gcc/avr/4.3.3/../../../../avr/lib/avrxmega6/libc.a(atoi.o)
                                                  main.o
atol                                              /usr/local/CrossPack-AVR-20100115/lib/gcc/avr/4.3.3/../../../../avr/lib/avrxmega6/libc.a(atol.o)
                                                  main.o
auth                                              main.o
authRead                                          main.o
bufferDelayCounter                                main.o
byteReceived                                      main.o
chargeComplete                                    main.o
chargeCounter                                     main.o
chargePercent                                     main.o
chk_mounted                                       main.o
clockHour                                         main.o
clust2sect                                        main.o
colors                                            main.o
colors8                                           main.o
commandCode                                       main.o
connected                                         main.o
connectionClosed                                  main.o
connectionStatus                                  main.o
connectionTimeoutTimer                            main.o
crc_table                                         main.o
currentLogFile                                    main.o
currentMode                                       main.o
daylightTime                                      main.o
demoMode                                          main.o
demoModeFirstFile                                 main.o
deviceAddress                                     main.o
dir                                               main.o
directoryOpened                                   main.o
disk_initialize                                   main.o
disk_ioctl                                        main.o
disk_read                                         main.o
disk_status                                       main.o
disk_timerproc                                    main.o
disk_write                                        main.o
displayAM                                         main.o
displayBuffer                                     main.o
displayPM                                         main.o
display_clearBuffer                               main.o
display_clearPage                                 main.o
display_drawLine                                  main.o
display_drawPixel                                 main.o
display_drawRectangle                             main.o
display_init                                      main.o
display_putString                                 main.o
display_sendCommand                               main.o
display_sendData                                  main.o
display_setCursor                                 main.o
display_writeBufferToScreen                       main.o
doneUploading                                     main.o
exit                                              /usr/local/CrossPack-AVR-20100115/lib/gcc/avr/4.3.3/avrxmega6/libgcc.a(_exit.o)
                                                  /usr/local/CrossPack-AVR-20100115/lib/gcc/avr/4.3.3/../../../../avr/lib/avrxmega6/crtx256a3.o
f_chmod                                           main.o
f_close                                           main.o
f_getfree                                         main.o
f_gets                                            main.o
f_lseek                                           main.o
f_mkdir                                           main.o
f_mkfs                                            main.o
f_mount                                           main.o
f_open                                            main.o
f_opendir                                         main.o
f_printf                                          main.o
f_putc                                            main.o
f_puts                                            main.o
f_read                                            main.o
f_readdir                                         main.o
f_rename                                          main.o
f_stat                                            main.o
f_sync                                            main.o
f_truncate                                        main.o
f_unlink                                          main.o
f_utime                                           main.o
f_write                                           main.o
failedBinaryRecordsString                         main.o
fileName                                          main.o
fileToUpload                                      main.o
fno                                               main.o
fputc                                             /usr/local/CrossPack-AVR-20100115/lib/gcc/avr/4.3.3/../../../../avr/lib/avrxmega6/libc.a(fputc.o)