Archive member included because of file (symbol)

/usr/local/CrossPack-AVR-20100115/lib/gcc/avr/4.3.3/avrxmega6/libgcc.a(_mulsi3.o)
                              mainChestStrap.o (__mulsi3)
/usr/local/CrossPack-AVR-20100115/lib/gcc/avr/4.3.3/avrxmega6/libgcc.a(_divmodhi4.o)
                              mainChestStrap.o (__divmodhi4)
/usr/local/CrossPack-AVR-20100115/lib/gcc/avr/4.3.3/avrxmega6/libgcc.a(_udivmodsi4.o)
                              mainChestStrap.o (__udivmodsi4)
/usr/local/CrossPack-AVR-20100115/lib/gcc/avr/4.3.3/avrxmega6/libgcc.a(_exit.o)
                              /usr/local/CrossPack-AVR-20100115/lib/gcc/avr/4.3.3/../../../../avr/lib/avrxmega6/crtx256a3b.o (exit)
/usr/local/CrossPack-AVR-20100115/lib/gcc/avr/4.3.3/avrxmega6/libgcc.a(_clear_bss.o)
                              mainChestStrap.o (__do_clear_bss)
/usr/local/CrossPack-AVR-20100115/lib/gcc/avr/4.3.3/avrxmega6/libgcc.a(_udivmodhi4.o)
                              /usr/local/CrossPack-AVR-20100115/lib/gcc/avr/4.3.3/avrxmega6/libgcc.a(_divmodhi4.o) (__udivmodhi4)
/usr/local/CrossPack-AVR-20100115/lib/gcc/avr/4.3.3/../../../../avr/lib/avrxmega6/libc.a(strtok.o)
                              mainChestStrap.o (strtok)
/usr/local/CrossPack-AVR-20100115/lib/gcc/avr/4.3.3/../../../../avr/lib/avrxmega6/libc.a(memmove.o)
                              mainChestStrap.o (memmove)
/usr/local/CrossPack-AVR-20100115/lib/gcc/avr/4.3.3/../../../../avr/lib/avrxmega6/libc.a(strcasecmp.o)
                              mainChestStrap.o (strcasecmp)
/usr/local/CrossPack-AVR-20100115/lib/gcc/avr/4.3.3/../../../../avr/lib/avrxmega6/libc.a(strcasestr.o)
                              mainChestStrap.o (strcasestr)
/usr/local/CrossPack-AVR-20100115/lib/gcc/avr/4.3.3/../../../../avr/lib/avrxmega6/libc.a(strcat.o)
                              mainChestStrap.o (strcat)
/usr/local/CrossPack-AVR-20100115/lib/gcc/avr/4.3.3/../../../../avr/lib/avrxmega6/libc.a(strcmp.o)
                              mainChestStrap.o (strcmp)
/usr/local/CrossPack-AVR-20100115/lib/gcc/avr/4.3.3/../../../../avr/lib/avrxmega6/libc.a(strcpy.o)
                              mainChestStrap.o (strcpy)
/usr/local/CrossPack-AVR-20100115/lib/gcc/avr/4.3.3/../../../../avr/lib/avrxmega6/libc.a(strstr.o)
                              mainChestStrap.o (strstr)
/usr/local/CrossPack-AVR-20100115/lib/gcc/avr/4.3.3/../../../../avr/lib/avrxmega6/libc.a(strtok_r.o)
                              /usr/local/CrossPack-AVR-20100115/lib/gcc/avr/4.3.3/../../../../avr/lib/avrxmega6/libc.a(strtok.o) (strtok_r)
/usr/local/CrossPack-AVR-20100115/lib/gcc/avr/4.3.3/../../../../avr/lib/avrxmega6/libc.a(strupr.o)
                              mainChestStrap.o (strupr)
/usr/local/CrossPack-AVR-20100115/lib/gcc/avr/4.3.3/../../../../avr/lib/avrxmega6/libc.a(itoa.o)
                              mainChestStrap.o (itoa)
/usr/local/CrossPack-AVR-20100115/lib/gcc/avr/4.3.3/../../../../avr/lib/avrxmega6/libc.a(ltoa.o)
                              mainChestStrap.o (ltoa)
/usr/local/CrossPack-AVR-20100115/lib/gcc/avr/4.3.3/../../../../avr/lib/avrxmega6/libc.a(memcpy.o)
                              /usr/local/CrossPack-AVR-20100115/lib/gcc/avr/4.3.3/../../../../avr/lib/avrxmega6/libc.a(memmove.o) (memcpy)
/usr/local/CrossPack-AVR-20100115/lib/gcc/avr/4.3.3/../../../../avr/lib/avrxmega6/libc.a(strrev.o)
                              /usr/local/CrossPack-AVR-20100115/lib/gcc/avr/4.3.3/../../../../avr/lib/avrxmega6/libc.a(itoa.o) (strrev)

Allocating common symbols
Common symbol       size              file

ssid                0x32              mainChestStrap.o
zeroOffsetB         0x2               mainChestStrap.o
uploadFileBuffer    0x3e8             mainChestStrap.o
tmpString           0xa               mainChestStrap.o
fileToUpload        0xf               mainChestStrap.o
okToSendRespirationBuffer
                    0x3               mainChestStrap.o
temperatureBuffer   0x28              mainChestStrap.o
currentLogFile      0xf               mainChestStrap.o
temperatureSampleStartTime
                    0x28              mainChestStrap.o
fno                 0x16              mainChestStrap.o
fs                  0x2               mainChestStrap.o
fileName            0x14              mainChestStrap.o
auth                0x32              mainChestStrap.o
okToSendAccelBuffer
                    0x2               mainChestStrap.o
tmp32               0x4               mainChestStrap.o
command             0x32              mainChestStrap.o
temp                0x32              mainChestStrap.o
respirationBuffer   0x12c             mainChestStrap.o
accelSampleStartTime
                    0x4b0             mainChestStrap.o
user                0xa               mainChestStrap.o
ledState            0x2               mainChestStrap.o
demoModeString      0xa               mainChestStrap.o
server              0x32              mainChestStrap.o
deviceID            0x32              mainChestStrap.o
humiditySampleStartTime
                    0x28              mainChestStrap.o
okToSendHumidityBuffer
                    0x2               mainChestStrap.o
fno2                0x16              mainChestStrap.o
daylightTime        0xa               mainChestStrap.o
uploadCRC           0x4               mainChestStrap.o
tmp8                0x1               mainChestStrap.o
accelBuffer         0xe10             mainChestStrap.o
eraseFileReturn     0x1               mainChestStrap.o
ledCounter          0x2               mainChestStrap.o
EKGSampleStartTime  0x4b0             mainChestStrap.o
phrase              0x32              mainChestStrap.o
DebugBuffer         0x64              mainChestStrap.o
time                0x8               mainChestStrap.o
key                 0x32              mainChestStrap.o
Log_File            0x220             mainChestStrap.o
respirationSampleStartTime
                    0xc8              mainChestStrap.o
dir                 0x16              mainChestStrap.o
Upload_File         0x220             mainChestStrap.o
okToSendEKGBuffer   0x3               mainChestStrap.o
fileToErase         0x14              mainChestStrap.o
zeroOffsetA         0x2               mainChestStrap.o
EKGBuffer           0x708             mainChestStrap.o
okToSendTemperatureBuffer
                    0x2               mainChestStrap.o
CRC                 0x4               mainChestStrap.o
availableFileName   0xf               mainChestStrap.o
port                0x32              mainChestStrap.o
nickname            0x32              mainChestStrap.o
humidityBuffer      0x28              mainChestStrap.o
fastString          0xa               mainChestStrap.o
tmp16               0x2               mainChestStrap.o

Memory Configuration

Name             Origin             Length             Attributes
text             0x00000000         0x00100000         xr
data             0x00802000         0x0000ffa0         rw !x
eeprom           0x00810000         0x00010000         rw !x
fuse             0x00820000         0x00000400         rw !x
lock             0x00830000         0x00000400         rw !x
signature        0x00840000         0x00000400         rw !x
*default*        0x00000000         0xffffffff

Linker script and memory map

LOAD /usr/local/CrossPack-AVR-20100115/lib/gcc/avr/4.3.3/../../../../avr/lib/avrxmega6/crtx256a3b.o
LOAD mainChestStrap.o
LOAD /usr/local/CrossPack-AVR-20100115/lib/gcc/avr/4.3.3/../../../../avr/lib/avrxmega6/libm.a
LOAD /usr/local/CrossPack-AVR-20100115/lib/gcc/avr/4.3.3/avrxmega6/libgcc.a
LOAD /usr/local/CrossPack-AVR-20100115/lib/gcc/avr/4.3.3/../../../../avr/lib/avrxmega6/libc.a
LOAD /usr/local/CrossPack-AVR-20100115/lib/gcc/avr/4.3.3/avrxmega6/libgcc.a

.hash
 *(.hash)

.dynsym
 *(.dynsym)

.dynstr
 *(.dynstr)

.gnu.version
 *(.gnu.version)

.gnu.version_d
 *(.gnu.version_d)

.gnu.version_r
 *(.gnu.version_r)

.rel.init
 *(.rel.init)

.rela.init
 *(.rela.init)

.rel.text
 *(.rel.text)
 *(.rel.text.*)
 *(.rel.gnu.linkonce.t*)

.rela.text
 *(.rela.text)
 *(.rela.text.*)
 *(.rela.gnu.linkonce.t*)

.rel.fini
 *(.rel.fini)

.rela.fini
 *(.rela.fini)

.rel.rodata
 *(.rel.rodata)
 *(.rel.rodata.*)
 *(.rel.gnu.linkonce.r*)

.rela.rodata
 *(.rela.rodata)
 *(.rela.rodata.*)
 *(.rela.gnu.linkonce.r*)

.rel.data
 *(.rel.data)
 *(.rel.data.*)
 *(.rel.gnu.linkonce.d*)

.rela.data
 *(.rela.data)
 *(.rela.data.*)
 *(.rela.gnu.linkonce.d*)

.rel.ctors
 *(.rel.ctors)

.rela.ctors
 *(.rela.ctors)

.rel.dtors
 *(.rel.dtors)

.rela.dtors
 *(.rela.dtors)

.rel.got
 *(.rel.got)

.rela.got
 *(.rela.got)

.rel.bss
 *(.rel.bss)

.rela.bss
 *(.rela.bss)

.rel.plt
 *(.rel.plt)

.rela.plt
 *(.rela.plt)

.text           0x00000000     0x8f54
 *(.vectors)
 .vectors       0x00000000      0x1e8 /usr/local/CrossPack-AVR-20100115/lib/gcc/avr/4.3.3/../../../../avr/lib/avrxmega6/crtx256a3b.o
                0x00000000                __vectors
                0x00000000                __vector_default
 *(.vectors)
 *(.progmem.gcc*)
 *(.progmem*)
                0x000001e8                . = ALIGN (0x2)
                0x000001e8                __trampolines_start = .
 *(.trampolines)
 .trampolines   0x000001e8        0x0 linker stubs
 *(.trampolines*)
                0x000001e8                __trampolines_end = .
 *(.jumptables)
 *(.jumptables*)
 *(.lowtext)
 *(.lowtext*)
                0x000001e8                __ctors_start = .
 *(.ctors)
                0x000001e8                __ctors_end = .
                0x000001e8                __dtors_start = .
 *(.dtors)
                0x000001e8                __dtors_end = .
 SORT(*)(.ctors)
 SORT(*)(.dtors)
 *(.init0)
 .init0         0x000001e8        0x0 /usr/local/CrossPack-AVR-20100115/lib/gcc/avr/4.3.3/../../../../avr/lib/avrxmega6/crtx256a3b.o
                0x000001e8                __init
 *(.init0)
 *(.init1)
 *(.init1)
 *(.init2)
 .init2         0x000001e8       0x10 /usr/local/CrossPack-AVR-20100115/lib/gcc/avr/4.3.3/../../../../avr/lib/avrxmega6/crtx256a3b.o
 *(.init2)
 *(.init3)
 *(.init3)
 *(.init4)
 .init4         0x000001f8       0x1a /usr/local/CrossPack-AVR-20100115/lib/gcc/avr/4.3.3/../../../../avr/lib/avrxmega6/crtx256a3b.o
                0x000001f8                __do_copy_data
 .init4         0x00000212       0x10 /usr/local/CrossPack-AVR-20100115/lib/gcc/avr/4.3.3/avrxmega6/libgcc.a(_clear_bss.o)
                0x00000212                __do_clear_bss
 *(.init4)
 *(.init5)
 *(.init5)
 *(.init6)
 *(.init6)
 *(.init7)
 *(.init7)
 *(.init8)
 *(.init8)
 *(.init9)
 .init9         0x00000222        0x8 /usr/local/CrossPack-AVR-20100115/lib/gcc/avr/4.3.3/../../../../avr/lib/avrxmega6/crtx256a3b.o
 *(.init9)
 *(.text)
 .text          0x0000022a        0x4 /usr/local/CrossPack-AVR-20100115/lib/gcc/avr/4.3.3/../../../../avr/lib/avrxmega6/crtx256a3b.o
                0x0000022a                __vector_38
                0x0000022a                __vector_22
                0x0000022a                __vector_63
                0x0000022a                __vector_28
                0x0000022a                __vector_67
                0x0000022a                __vector_1
                0x0000022a                __vector_119
                0x0000022a                __vector_32
                0x0000022a                __vector_75
                0x0000022a                __vector_71
                0x0000022a                __vector_91
                0x0000022a                __vector_34
                0x0000022a                __vector_62
                0x0000022a                __vector_102
                0x0000022a                __vector_24
                0x0000022a                __vector_12
                0x0000022a                __vector_55
                0x0000022a                __vector_69
                0x0000022a                __vector_81
                0x0000022a                __vector_90
                0x0000022a                __vector_46
                0x0000022a                __bad_interrupt
                0x0000022a                __vector_72
                0x0000022a                __vector_114
                0x0000022a                __vector_6
                0x0000022a                __vector_110
                0x0000022a                __vector_31
                0x0000022a                __vector_92
                0x0000022a                __vector_35
                0x0000022a                __vector_78
                0x0000022a                __vector_74
                0x0000022a                __vector_117
                0x0000022a                __vector_39
                0x0000022a                __vector_107
                0x0000022a                __vector_3
                0x0000022a                __vector_105
                0x0000022a                __vector_98
                0x0000022a                __vector_23
                0x0000022a                __vector_68
                0x0000022a                __vector_30
                0x0000022a                __vector_73
                0x0000022a                __vector_45
                0x0000022a                __vector_25
                0x0000022a                __vector_93
                0x0000022a                __vector_61
                0x0000022a                __vector_11
                0x0000022a                __vector_54
                0x0000022a                __vector_99
                0x0000022a                __vector_13
                0x0000022a                __vector_17
                0x0000022a                __vector_19
                0x0000022a                __vector_56
                0x0000022a                __vector_7
                0x0000022a                __vector_49
                0x0000022a                __vector_41
                0x0000022a                __vector_86
                0x0000022a                __vector_100
                0x0000022a                __vector_101
                0x0000022a                __vector_64
                0x0000022a                __vector_88
                0x0000022a                __vector_109
                0x0000022a                __vector_43
                0x0000022a                __vector_27
                0x0000022a                __vector_5
                0x0000022a                __vector_113
                0x0000022a                __vector_33
                0x0000022a                __vector_76
                0x0000022a                __vector_115
                0x0000022a                __vector_52
                0x0000022a                __vector_37
                0x0000022a                __vector_95
                0x0000022a                __vector_103
                0x0000022a                __vector_96
                0x0000022a                __vector_89
                0x0000022a                __vector_4
                0x0000022a                __vector_44
                0x0000022a                __vector_82
                0x0000022a                __vector_106
                0x0000022a                __vector_118
                0x0000022a                __vector_51
                0x0000022a                __vector_9
                0x0000022a                __vector_2
                0x0000022a                __vector_21
                0x0000022a                __vector_15
                0x0000022a                __vector_66
                0x0000022a                __vector_36
                0x0000022a                __vector_79
                0x0000022a                __vector_58
                0x0000022a                __vector_70
                0x0000022a                __vector_29
                0x0000022a                __vector_60
                0x0000022a                __vector_121
                0x0000022a                __vector_40
                0x0000022a                __vector_85
                0x0000022a                __vector_94
                0x0000022a                __vector_8
                0x0000022a                __vector_26
                0x0000022a                __vector_48
                0x0000022a                __vector_116
                0x0000022a                __vector_112
                0x0000022a                __vector_111
                0x0000022a                __vector_80
                0x0000022a                __vector_14
                0x0000022a                __vector_84
                0x0000022a                __vector_57
                0x0000022a                __vector_10
                0x0000022a                __vector_50
                0x0000022a                __vector_16
                0x0000022a                __vector_59
                0x0000022a                __vector_18
                0x0000022a                __vector_97
                0x0000022a                __vector_20
                0x0000022a                __vector_42
                0x0000022a                __vector_87
                0x0000022a                __vector_65
                0x0000022a                __vector_120
 .text          0x0000022e     0x8a0c mainChestStrap.o
                0x00006d5e                Charged
                0x00006c84                __vector_104
                0x0000663c                Uploader_eraseFile
                0x00005f16                Sensors_ResetTemperatureBuffers
                0x00005732                f_gets
                0x0000670c                Uploader_WriteCRC
                0x000015d6                get_fat
                0x00000258                Debug_CharReadyToRead
                0x000004fc                Leds_Toggle
                0x00008988                f_printf
                0x000066f2                Uploader_ClearCRC
                0x00007c82                Uploader_Update
                0x00006774                Uploader_uploadFile
                0x00005e84                Sensors_ReadRespiration
                0x00006c46                Disable_JTAG
                0x00005d42                Accel_Init
                0x00005e90                Sensors_ReadEKG
                0x00006d92                __vector_77
                0x0000762e                SD_WriteHumidityBuffer
                0x00007b70                Uploader_sendSSID
                0x00005bb4                Accel_Read_Byte
                0x00000b7e                disk_initialize
                0x000049e0                f_rename
                0x00006b70                Uploader_UpdateCRC
                0x00000d4a                disk_status
                0x00004354                f_truncate
                0x00005a5a                SD_Timer_Init
                0x00006c76                Interrupt_Init
                0x000059b6                SD_WriteCRC
                0x00006d74                GUI_Init
                0x000004d0                Leds_Set
                0x00000f08                disk_ioctl
                0x0000022e                CCPWrite
                0x00006bec                Clock_Init
                0x00007948                Uploader_sendServer
                0x00007bea                Uploader_sendFilename
                0x0000446e                f_unlink
                0x00000308                Debug_Init
                0x00005ba4                Accel_Write_Byte
                0x000064d2                SP_ReadCalibrationByte
                0x000057ce                f_putc
                0x00005872                SD_WriteBuffer
                0x00007a50                Uploader_sendKey
                0x00007dc8                SD_Open
                0x0000581a                f_puts
                0x00006ffc                SD_WriteRTCBlock
                0x00000534                Time_Set
                0x000005dc                Time_CheckVBatSystem
                0x00005e78                Sensors_ReadTemperature
                0x00005e9c                Sensors_ReadHumidity
                0x00007322                SD_WriteAccelBuffer
                0x00005d2c                Sensors_ResetAccelBuffers
                0x000083a6                SD_Read_config_file
                0x00005940                SD_Write32
                0x00005862                SD_Close
                0x00005f60                Sensors_ResetHumidityBuffers
                0x000012ae                disk_timerproc
                0x00003aba                f_close
                0x00005bf8                Accel_ReadFromAddress
                0x00003138                f_read
                0x00003ff4                f_readdir
                0x00005a78                SD_Init
                0x00000424                Debug_SendByte
                0x00005f46                Sensors_ResetEKGBuffers
                0x00000512                Time_Init
                0x00006fde                SD_BackroundWriter_Init
                0x000048bc                f_chmod
                0x00005974                SD_Write16
                0x0000726c                SD_WriteString
                0x0000586c                SD_Inserted
                0x00007af6                Uploader_sendAuthType
                0x000077e6                Debug_SendString
                0x00000686                Time_UTCSecsToTime
                0x0000784e                Uploader_connectToComputer
                0x00005ac4                __vector_47
                0x00005bc8                Accel_WriteToAddress
                0x000012d6                get_fattime
                0x00005c2c                Accel_ReadResults
                0x000059d4                SD_GetSpaceRemaining
                0x000004c4                Leds_State
                0x0000599c                SD_ClearCRC
                0x000087de                main
                0x000039ac                f_sync
                0x00005d9c                __vector_108
                0x000079f8                Uploader_sendUser
                0x00005f2c                Sensors_ResetRespirationBuffers
                0x000027ec                chk_mounted
                0x00007d9c                SD_MakeFileName
                0x00007094                getDeviceID
                0x00004c2e                f_mkfs
                0x00002e0c                f_mount
                0x00003f2e                f_opendir
                0x000002b2                Debug_ClearBuffer
                0x000017aa                put_fat
                0x00003ad2                f_lseek
                0x000003de                Debug_GetByte
                0x00005b28                Button_Init
                0x0000598a                SD_Write8
                0x000079a0                Uploader_sendNickname
                0x000004a0                Leds_Init
                0x0000408a                f_stat
                0x00006106                __vector_83
                0x00005b7e                Button_Pressed
                0x00001c5e                clust2sect
                0x00004946                f_utime
                0x00003524                f_write
                0x00002e4e                f_open
                0x00000e18                disk_write
                0x00000636                Time_Get32BitTimer
                0x0000744c                SD_WriteEKGBuffer
                0x000064e6                Uploader_getTime
                0x00006d50                Charger_Init
                0x000045a2                f_mkdir
                0x00000d58                disk_read
                0x00007f9c                __vector_53
                0x00005f76                Sensors_Init
                0x00004108                f_getfree
                0x000004e6                Leds_Clear
                0x0000060c                Time_Get
                0x0000753e                SD_WriteRespirationBuffer
                0x000078f0                Uploader_sendPort
                0x0000770a                SD_WriteTemperatureBuffer
                0x00007e26                SD_StartLogFile
 .text          0x00008c3a        0x0 /usr/local/CrossPack-AVR-20100115/lib/gcc/avr/4.3.3/avrxmega6/libgcc.a(_mulsi3.o)
 .text          0x00008c3a        0x0 /usr/local/CrossPack-AVR-20100115/lib/gcc/avr/4.3.3/avrxmega6/libgcc.a(_divmodhi4.o)
 .text          0x00008c3a        0x0 /usr/local/CrossPack-AVR-20100115/lib/gcc/avr/4.3.3/avrxmega6/libgcc.a(_udivmodsi4.o)
 .text          0x00008c3a        0x0 /usr/local/CrossPack-AVR-20100115/lib/gcc/avr/4.3.3/avrxmega6/libgcc.a(_exit.o)
 .text          0x00008c3a        0x0 /usr/local/CrossPack-AVR-20100115/lib/gcc/avr/4.3.3/avrxmega6/libgcc.a(_clear_bss.o)
 .text          0x00008c3a        0x0 /usr/local/CrossPack-AVR-20100115/lib/gcc/avr/4.3.3/avrxmega6/libgcc.a(_udivmodhi4.o)
 .text          0x00008c3a        0x0 /usr/local/CrossPack-AVR-20100115/lib/gcc/avr/4.3.3/../../../../avr/lib/avrxmega6/libc.a(strtok.o)
 .text          0x00008c3a        0x0 /usr/local/CrossPack-AVR-20100115/lib/gcc/avr/4.3.3/../../../../avr/lib/avrxmega6/libc.a(memmove.o)
 .text          0x00008c3a        0x0 /usr/local/CrossPack-AVR-20100115/lib/gcc/avr/4.3.3/../../../../avr/lib/avrxmega6/libc.a(strcasecmp.o)
 .text          0x00008c3a        0x0 /usr/local/CrossPack-AVR-20100115/lib/gcc/avr/4.3.3/../../../../avr/lib/avrxmega6/libc.a(strcasestr.o)
 .text          0x00008c3a        0x0 /usr/local/CrossPack-AVR-20100115/lib/gcc/avr/4.3.3/../../../../avr/lib/avrxmega6/libc.a(strcat.o)
 .text          0x00008c3a        0x0 /usr/local/CrossPack-AVR-20100115/lib/gcc/avr/4.3.3/../../../../avr/lib/avrxmega6/libc.a(strcmp.o)
 .text          0x00008c3a        0x0 /usr/local/CrossPack-AVR-20100115/lib/gcc/avr/4.3.3/../../../../avr/lib/avrxmega6/libc.a(strcpy.o)
 .text          0x00008c3a        0x0 /usr/local/CrossPack-AVR-20100115/lib/gcc/avr/4.3.3/../../../../avr/lib/avrxmega6/libc.a(strstr.o)
 .text          0x00008c3a        0x0 /usr/local/CrossPack-AVR-20100115/lib/gcc/avr/4.3.3/../../../../avr/lib/avrxmega6/libc.a(strtok_r.o)
 .text          0x00008c3a        0x0 /usr/local/CrossPack-AVR-20100115/lib/gcc/avr/4.3.3/../../../../avr/lib/avrxmega6/libc.a(strupr.o)
 .text          0x00008c3a        0x0 /usr/local/CrossPack-AVR-20100115/lib/gcc/avr/4.3.3/../../../../avr/lib/avrxmega6/libc.a(itoa.o)
 .text          0x00008c3a        0x0 /usr/local/CrossPack-AVR-20100115/lib/gcc/avr/4.3.3/../../../../avr/lib/avrxmega6/libc.a(ltoa.o)
 .text          0x00008c3a        0x0 /usr/local/CrossPack-AVR-20100115/lib/gcc/avr/4.3.3/../../../../avr/lib/avrxmega6/libc.a(memcpy.o)
 .text          0x00008c3a        0x0 /usr/local/CrossPack-AVR-20100115/lib/gcc/avr/4.3.3/../../../../avr/lib/avrxmega6/libc.a(strrev.o)
                0x00008c3a                . = ALIGN (0x2)
 *(.text.*)
 .text.libgcc   0x00008c3a       0x3e /usr/local/CrossPack-AVR-20100115/lib/gcc/avr/4.3.3/avrxmega6/libgcc.a(_mulsi3.o)
                0x00008c3a                __mulsi3
 .text.libgcc   0x00008c78       0x26 /usr/local/CrossPack-AVR-20100115/lib/gcc/avr/4.3.3/avrxmega6/libgcc.a(_divmodhi4.o)
                0x00008c78                __divmodhi4
                0x00008c78                _div
 .text.libgcc   0x00008c9e       0x44 /usr/local/CrossPack-AVR-20100115/lib/gcc/avr/4.3.3/avrxmega6/libgcc.a(_udivmodsi4.o)
                0x00008c9e                __udivmodsi4
 .text.libgcc   0x00008ce2        0x0 /usr/local/CrossPack-AVR-20100115/lib/gcc/avr/4.3.3/avrxmega6/libgcc.a(_exit.o)
 .text.libgcc   0x00008ce2        0x0 /usr/local/CrossPack-AVR-20100115/lib/gcc/avr/4.3.3/avrxmega6/libgcc.a(_clear_bss.o)
 .text.libgcc   0x00008ce2       0x28 /usr/local/CrossPack-AVR-20100115/lib/gcc/avr/4.3.3/avrxmega6/libgcc.a(_udivmodhi4.o)
                0x00008ce2                __udivmodhi4
 .text.avr-libc
                0x00008d0a        0xa /usr/local/CrossPack-AVR-20100115/lib/gcc/avr/4.3.3/../../../../avr/lib/avrxmega6/libc.a(strtok.o)
                0x00008d0a                strtok
 .text.avr-libc
                0x00008d14       0x24 /usr/local/CrossPack-AVR-20100115/lib/gcc/avr/4.3.3/../../../../avr/lib/avrxmega6/libc.a(memmove.o)
                0x00008d14                memmove
 .text.avr-libc
                0x00008d38       0x26 /usr/local/CrossPack-AVR-20100115/lib/gcc/avr/4.3.3/../../../../avr/lib/avrxmega6/libc.a(strcasecmp.o)
                0x00008d38                strcasecmp
 .text.avr-libc
                0x00008d5e       0x4a /usr/local/CrossPack-AVR-20100115/lib/gcc/avr/4.3.3/../../../../avr/lib/avrxmega6/libc.a(strcasestr.o)
                0x00008d5e                strcasestr
 .text.avr-libc
                0x00008da8       0x16 /usr/local/CrossPack-AVR-20100115/lib/gcc/avr/4.3.3/../../../../avr/lib/avrxmega6/libc.a(strcat.o)
                0x00008da8                strcat
 .text.avr-libc
                0x00008dbe       0x12 /usr/local/CrossPack-AVR-20100115/lib/gcc/avr/4.3.3/../../../../avr/lib/avrxmega6/libc.a(strcmp.o)
                0x00008dbe                strcmp
 .text.avr-libc
                0x00008dd0        0xe /usr/local/CrossPack-AVR-20100115/lib/gcc/avr/4.3.3/../../../../avr/lib/avrxmega6/libc.a(strcpy.o)
                0x00008dd0                strcpy
 .text.avr-libc
                0x00008dde       0x34 /usr/local/CrossPack-AVR-20100115/lib/gcc/avr/4.3.3/../../../../avr/lib/avrxmega6/libc.a(strstr.o)
                0x00008dde                strstr
 .text.avr-libc
                0x00008e12       0x4e /usr/local/CrossPack-AVR-20100115/lib/gcc/avr/4.3.3/../../../../avr/lib/avrxmega6/libc.a(strtok_r.o)
                0x00008e12                strtok_r
 .text.avr-libc
                0x00008e60       0x14 /usr/local/CrossPack-AVR-20100115/lib/gcc/avr/4.3.3/../../../../avr/lib/avrxmega6/libc.a(strupr.o)
                0x00008e60                strupr
 .text.avr-libc
                0x00008e74       0x42 /usr/local/CrossPack-AVR-20100115/lib/gcc/avr/4.3.3/../../../../avr/lib/avrxmega6/libc.a(itoa.o)
                0x00008e74                itoa
 .text.avr-libc
                0x00008eb6       0x68 /usr/local/CrossPack-AVR-20100115/lib/gcc/avr/4.3.3/../../../../avr/lib/avrxmega6/libc.a(ltoa.o)
                0x00008eb6                ltoa
 .text.avr-libc
                0x00008f1e       0x12 /usr/local/CrossPack-AVR-20100115/lib/gcc/avr/4.3.3/../../../../avr/lib/avrxmega6/libc.a(memcpy.o)
                0x00008f1e                memcpy
 .text.avr-libc
                0x00008f30       0x20 /usr/local/CrossPack-AVR-20100115/lib/gcc/avr/4.3.3/../../../../avr/lib/avrxmega6/libc.a(strrev.o)
                0x00008f30                strrev
                0x00008f50                . = ALIGN (0x2)
 *(.fini9)
 .fini9         0x00008f50        0x0 /usr/local/CrossPack-AVR-20100115/lib/gcc/avr/4.3.3/avrxmega6/libgcc.a(_exit.o)
                0x00008f50                exit
                0x00008f50                _exit
 *(.fini9)
 *(.fini8)
 *(.fini8)
 *(.fini7)
 *(.fini7)
 *(.fini6)
 *(.fini6)
 *(.fini5)
 *(.fini5)
 *(.fini4)
 *(.fini4)
 *(.fini3)
 *(.fini3)
 *(.fini2)
 *(.fini2)
 *(.fini1)
 *(.fini1)
 *(.fini0)
 .fini0         0x00008f50        0x4 /usr/local/CrossPack-AVR-20100115/lib/gcc/avr/4.3.3/avrxmega6/libgcc.a(_exit.o)
 *(.fini0)
                0x00008f54                _etext = .

.data           0x00802000      0x764 load address 0x00008f54
                0x00802000                PROVIDE (__data_start, .)
 *(.data)
 .data          0x00802000        0x0 /usr/local/CrossPack-AVR-20100115/lib/gcc/avr/4.3.3/../../../../avr/lib/avrxmega6/crtx256a3b.o
 .data          0x00802000      0x764 mainChestStrap.o
                0x008022c9                Drives
                0x008022c2                wantToRecordEKG
                0x008022c1                wantToRecordHumidity
                0x008022ff                zone
                0x00802714                batteryVoltageOk
                0x00802313                crc_table
                0x008022cd                serverOpenCommand
                0x00802713                commandCounter
                0x008022c5                lastRespirationBufferSent
                0x008022c3                wantToRecordRespiration
                0x008022c7                lastHumidityBufferSent
                0x008022c8                lastAccelerometerBufferSent
                0x008022c4                lastTemperatureBufferSent
                0x00802309                am
                0x008022c0                wantToRecordTemperature
                0x0080230e                pm
                0x008022c6                lastEKGBufferSent
 .data          0x00802764        0x0 /usr/local/CrossPack-AVR-20100115/lib/gcc/avr/4.3.3/avrxmega6/libgcc.a(_mulsi3.o)
 .data          0x00802764        0x0 /usr/local/CrossPack-AVR-20100115/lib/gcc/avr/4.3.3/avrxmega6/libgcc.a(_divmodhi4.o)
 .data          0x00802764        0x0 /usr/local/CrossPack-AVR-20100115/lib/gcc/avr/4.3.3/avrxmega6/libgcc.a(_udivmodsi4.o)
 .data          0x00802764        0x0 /usr/local/CrossPack-AVR-20100115/lib/gcc/avr/4.3.3/avrxmega6/libgcc.a(_exit.o)
 .data          0x00802764        0x0 /usr/local/CrossPack-AVR-20100115/lib/gcc/avr/4.3.3/avrxmega6/libgcc.a(_clear_bss.o)
 .data          0x00802764        0x0 /usr/local/CrossPack-AVR-20100115/lib/gcc/avr/4.3.3/avrxmega6/libgcc.a(_udivmodhi4.o)
 .data          0x00802764        0x0 /usr/local/CrossPack-AVR-20100115/lib/gcc/avr/4.3.3/../../../../avr/lib/avrxmega6/libc.a(strtok.o)
 .data          0x00802764        0x0 /usr/local/CrossPack-AVR-20100115/lib/gcc/avr/4.3.3/../../../../avr/lib/avrxmega6/libc.a(memmove.o)
 .data          0x00802764        0x0 /usr/local/CrossPack-AVR-20100115/lib/gcc/avr/4.3.3/../../../../avr/lib/avrxmega6/libc.a(strcasecmp.o)
 .data          0x00802764        0x0 /usr/local/CrossPack-AVR-20100115/lib/gcc/avr/4.3.3/../../../../avr/lib/avrxmega6/libc.a(strcasestr.o)
 .data          0x00802764        0x0 /usr/local/CrossPack-AVR-20100115/lib/gcc/avr/4.3.3/../../../../avr/lib/avrxmega6/libc.a(strcat.o)
 .data          0x00802764        0x0 /usr/local/CrossPack-AVR-20100115/lib/gcc/avr/4.3.3/../../../../avr/lib/avrxmega6/libc.a(strcmp.o)
 .data          0x00802764        0x0 /usr/local/CrossPack-AVR-20100115/lib/gcc/avr/4.3.3/../../../../avr/lib/avrxmega6/libc.a(strcpy.o)
 .data          0x00802764        0x0 /usr/local/CrossPack-AVR-20100115/lib/gcc/avr/4.3.3/../../../../avr/lib/avrxmega6/libc.a(strstr.o)
 .data          0x00802764        0x0 /usr/local/CrossPack-AVR-20100115/lib/gcc/avr/4.3.3/../../../../avr/lib/avrxmega6/libc.a(strtok_r.o)
 .data          0x00802764        0x0 /usr/local/CrossPack-AVR-20100115/lib/gcc/avr/4.3.3/../../../../avr/lib/avrxmega6/libc.a(strupr.o)
 .data          0x00802764        0x0 /usr/local/CrossPack-AVR-20100115/lib/gcc/avr/4.3.3/../../../../avr/lib/avrxmega6/libc.a(itoa.o)
 .data          0x00802764        0x0 /usr/local/CrossPack-AVR-20100115/lib/gcc/avr/4.3.3/../../../../avr/lib/avrxmega6/libc.a(ltoa.o)
 .data          0x00802764        0x0 /usr/local/CrossPack-AVR-20100115/lib/gcc/avr/4.3.3/../../../../avr/lib/avrxmega6/libc.a(memcpy.o)
 .data          0x00802764        0x0 /usr/local/CrossPack-AVR-20100115/lib/gcc/avr/4.3.3/../../../../avr/lib/avrxmega6/libc.a(strrev.o)
 *(.data*)
 *(.rodata)
 *(.rodata*)
 *(.gnu.linkonce.d*)
                0x00802764                . = ALIGN (0x2)
                0x00802764                _edata = .
                0x00802764                PROVIDE (__data_end, .)

.bss            0x00802764     0x314d
                0x00802764                PROVIDE (__bss_start, .)
 *(.bss)
 .bss           0x00802764        0x0 /usr/local/CrossPack-AVR-20100115/lib/gcc/avr/4.3.3/../../../../avr/lib/avrxmega6/crtx256a3b.o
 .bss           0x00802764      0x4c8 mainChestStrap.o
                0x0080276a                respirationBufferCounter
                0x00802789                timeZoneShift
                0x0080278c                keyRead
                0x00802798                ekgCounter
                0x008027b5                okToFillUploadFileBuffer
                0x008027c4                debounceTimer
                0x00802777                timeRecordingStarted
                0x008027a9                leftOverBytesToUpload
                0x00802772                accelBufferToWriteTo
                0x008027c5                debounceEnabled
                0x008027a5                numberOfPacketsToUpload
                0x0080277f                Debug_writeLocation
                0x008027ae                uploading
                0x00802790                percentDiskUsed
                0x0080278b                phraseRead
                0x00802770                humidityBufferCounter
                0x00802767                temperatureBufferCounter
                0x008027b3                okToOpenFileToUpload
                0x008027b0                okToGrabNextFileName
                0x00802766                temperatureBufferToWriteTo
                0x008027c2                syncCounter
                0x008027a4                uploadPercentBS
                0x00802775                okToSendRTCBlock
                0x0080278a                authRead
                0x008027ad                connected
                0x008027b4                uploadFileOpened
                0x0080277b                demoMode
                0x00802785                UNIX_Time
                0x008027b7                okToCloseUploadFile
                0x008027b8                okToEraseFile
                0x0080277d                Debug_readLocation
                0x008027b1                okToUpload
                0x0080278f                sdValid
                0x008027b2                doneUploading
                0x0080276f                humidityBufferToWriteTo
                0x008027be                okToGetRemainingSpace
                0x008027a0                uploadFileSize
                0x008027b6                uploadFileBufferFull
                0x00802765                recording
                0x008027b9                fileExists
                0x00802773                accelBufferCounter
                0x00802769                respirationBufferToWriteTo
                0x008027ba                timeIsValid
                0x008027af                okToOpenDirectory
                0x008027bb                okToOpenLogFile
                0x008027c0                lengthOfCurrentFile
                0x00802796                HZ_RefeshCounter2
                0x008027bd                okToCloseLogFile
                0x0080279a                tempTime
                0x00802794                HZ_RefeshCounter
                0x0080279e                timeOutCounter
                0x0080276d                EKGBufferCounter
                0x00802781                Debug_timeOutCounter
                0x0080277c                useWifiForUploading
                0x00802776                rtcBlockCounter
                0x0080278d                ssidRead
                0x0080276c                EKGBufferToWriteTo
                0x008027bf                restartingFile
                0x008027bc                okToWriteToLogFile
                0x008027c6                spaceRemainingCounter
                0x0080278e                zoneChanged
                0x00802764                wantToRecordFast
 .bss           0x00802c2c        0x0 /usr/local/CrossPack-AVR-20100115/lib/gcc/avr/4.3.3/avrxmega6/libgcc.a(_mulsi3.o)
 .bss           0x00802c2c        0x0 /usr/local/CrossPack-AVR-20100115/lib/gcc/avr/4.3.3/avrxmega6/libgcc.a(_divmodhi4.o)
 .bss           0x00802c2c        0x0 /usr/local/CrossPack-AVR-20100115/lib/gcc/avr/4.3.3/avrxmega6/libgcc.a(_udivmodsi4.o)
 .bss           0x00802c2c        0x0 /usr/local/CrossPack-AVR-20100115/lib/gcc/avr/4.3.3/avrxmega6/libgcc.a(_exit.o)
 .bss           0x00802c2c        0x0 /usr/local/CrossPack-AVR-20100115/lib/gcc/avr/4.3.3/avrxmega6/libgcc.a(_clear_bss.o)
 .bss           0x00802c2c        0x0 /usr/local/CrossPack-AVR-20100115/lib/gcc/avr/4.3.3/avrxmega6/libgcc.a(_udivmodhi4.o)
 .bss           0x00802c2c        0x2 /usr/local/CrossPack-AVR-20100115/lib/gcc/avr/4.3.3/../../../../avr/lib/avrxmega6/libc.a(strtok.o)
 .bss           0x00802c2e        0x0 /usr/local/CrossPack-AVR-20100115/lib/gcc/avr/4.3.3/../../../../avr/lib/avrxmega6/libc.a(memmove.o)
 .bss           0x00802c2e        0x0 /usr/local/CrossPack-AVR-20100115/lib/gcc/avr/4.3.3/../../../../avr/lib/avrxmega6/libc.a(strcasecmp.o)
 .bss           0x00802c2e        0x0 /usr/local/CrossPack-AVR-20100115/lib/gcc/avr/4.3.3/../../../../avr/lib/avrxmega6/libc.a(strcasestr.o)
 .bss           0x00802c2e        0x0 /usr/local/CrossPack-AVR-20100115/lib/gcc/avr/4.3.3/../../../../avr/lib/avrxmega6/libc.a(strcat.o)
 .bss           0x00802c2e        0x0 /usr/local/CrossPack-AVR-20100115/lib/gcc/avr/4.3.3/../../../../avr/lib/avrxmega6/libc.a(strcmp.o)
 .bss           0x00802c2e        0x0 /usr/local/CrossPack-AVR-20100115/lib/gcc/avr/4.3.3/../../../../avr/lib/avrxmega6/libc.a(strcpy.o)
 .bss           0x00802c2e        0x0 /usr/local/CrossPack-AVR-20100115/lib/gcc/avr/4.3.3/../../../../avr/lib/avrxmega6/libc.a(strstr.o)
 .bss           0x00802c2e        0x0 /usr/local/CrossPack-AVR-20100115/lib/gcc/avr/4.3.3/../../../../avr/lib/avrxmega6/libc.a(strtok_r.o)
 .bss           0x00802c2e        0x0 /usr/local/CrossPack-AVR-20100115/lib/gcc/avr/4.3.3/../../../../avr/lib/avrxmega6/libc.a(strupr.o)
 .bss           0x00802c2e        0x0 /usr/local/CrossPack-AVR-20100115/lib/gcc/avr/4.3.3/../../../../avr/lib/avrxmega6/libc.a(itoa.o)
 .bss           0x00802c2e        0x0 /usr/local/CrossPack-AVR-20100115/lib/gcc/avr/4.3.3/../../../../avr/lib/avrxmega6/libc.a(ltoa.o)
 .bss           0x00802c2e        0x0 /usr/local/CrossPack-AVR-20100115/lib/gcc/avr/4.3.3/../../../../avr/lib/avrxmega6/libc.a(memcpy.o)
 .bss           0x00802c2e        0x0 /usr/local/CrossPack-AVR-20100115/lib/gcc/avr/4.3.3/../../../../avr/lib/avrxmega6/libc.a(strrev.o)
 *(.bss*)
 *(COMMON)
 COMMON         0x00802c2e     0x2c83 mainChestStrap.o
                0x00802c2e                ssid
                0x00802c60                zeroOffsetB
                0x00802c62                uploadFileBuffer
                0x0080304a                tmpString
                0x00803054                fileToUpload
                0x00803063                okToSendRespirationBuffer
                0x00803066                temperatureBuffer
                0x0080308e                currentLogFile
                0x0080309d                temperatureSampleStartTime
                0x008030c5                fno
                0x008030db                fs
                0x008030dd                fileName
                0x008030f1                auth
                0x00803123                okToSendAccelBuffer
                0x00803125                tmp32
                0x00803129                command
                0x0080315b                temp
                0x0080318d                respirationBuffer
                0x008032b9                accelSampleStartTime
                0x00803769                user
                0x00803773                ledState
                0x00803775                demoModeString
                0x0080377f                server
                0x008037b1                deviceID
                0x008037e3                humiditySampleStartTime
                0x0080380b                okToSendHumidityBuffer
                0x0080380d                fno2
                0x00803823                daylightTime
                0x0080382d                uploadCRC
                0x00803831                tmp8
                0x00803832                accelBuffer
                0x00804642                eraseFileReturn
                0x00804643                ledCounter
                0x00804645                EKGSampleStartTime
                0x00804af5                phrase
                0x00804b27                DebugBuffer
                0x00804b8b                time
                0x00804b93                key
                0x00804bc5                Log_File
                0x00804de5                respirationSampleStartTime
                0x00804ead                dir
                0x00804ec3                Upload_File
                0x008050e3                okToSendEKGBuffer
                0x008050e6                fileToErase
                0x008050fa                zeroOffsetA
                0x008050fc                EKGBuffer
                0x00805804                okToSendTemperatureBuffer
                0x00805806                CRC
                0x0080580a                availableFileName
                0x00805819                port
                0x0080584b                nickname
                0x0080587d                humidityBuffer
                0x008058a5                fastString
                0x008058af                tmp16
                0x008058b1                PROVIDE (__bss_end, .)
                0x00008f54                __data_load_start = LOADADDR (.data)
                0x000096b8                __data_load_end = (__data_load_start + SIZEOF (.data))

.noinit         0x008058b1        0x0
                0x008058b1                PROVIDE (__noinit_start, .)
 *(.noinit*)
                0x008058b1                PROVIDE (__noinit_end, .)
                0x008058b1                _end = .
                0x008058b1                PROVIDE (__heap_start, .)

.eeprom         0x00810000        0x0
 *(.eeprom*)
                0x00810000                __eeprom_end = .

.fuse
 *(.fuse)
 *(.lfuse)
 *(.hfuse)
 *(.efuse)

.lock
 *(.lock*)

.signature
 *(.signature*)

.stab           0x00000000     0x1644
 *(.stab)
 .stab          0x00000000      0x768 /usr/local/CrossPack-AVR-20100115/lib/gcc/avr/4.3.3/../../../../avr/lib/avrxmega6/crtx256a3b.o
 .stab          0x00000768       0xe4 /usr/local/CrossPack-AVR-20100115/lib/gcc/avr/4.3.3/../../../../avr/lib/avrxmega6/libc.a(memmove.o)
                                 0xf0 (size before relaxing)
 .stab          0x0000084c       0xfc /usr/local/CrossPack-AVR-20100115/lib/gcc/avr/4.3.3/../../../../avr/lib/avrxmega6/libc.a(strcasecmp.o)
                                0x108 (size before relaxing)
 .stab          0x00000948      0x1ec /usr/local/CrossPack-AVR-20100115/lib/gcc/avr/4.3.3/../../../../avr/lib/avrxmega6/libc.a(strcasestr.o)
                                0x1f8 (size before relaxing)
 .stab          0x00000b34       0x9c /usr/local/CrossPack-AVR-20100115/lib/gcc/avr/4.3.3/../../../../avr/lib/avrxmega6/libc.a(strcat.o)
                                 0xa8 (size before relaxing)
 .stab          0x00000bd0       0x84 /usr/local/CrossPack-AVR-20100115/lib/gcc/avr/4.3.3/../../../../avr/lib/avrxmega6/libc.a(strcmp.o)
                                 0x90 (size before relaxing)
 .stab          0x00000c54       0x6c /usr/local/CrossPack-AVR-20100115/lib/gcc/avr/4.3.3/../../../../avr/lib/avrxmega6/libc.a(strcpy.o)
                                 0x78 (size before relaxing)
 .stab          0x00000cc0      0x150 /usr/local/CrossPack-AVR-20100115/lib/gcc/avr/4.3.3/../../../../avr/lib/avrxmega6/libc.a(strstr.o)
                                0x15c (size before relaxing)
 .stab          0x00000e10      0x204 /usr/local/CrossPack-AVR-20100115/lib/gcc/avr/4.3.3/../../../../avr/lib/avrxmega6/libc.a(strtok_r.o)
                                0x210 (size before relaxing)
 .stab          0x00001014       0x90 /usr/local/CrossPack-AVR-20100115/lib/gcc/avr/4.3.3/../../../../avr/lib/avrxmega6/libc.a(strupr.o)
                                 0x9c (size before relaxing)
 .stab          0x000010a4      0x1b0 /usr/local/CrossPack-AVR-20100115/lib/gcc/avr/4.3.3/../../../../avr/lib/avrxmega6/libc.a(itoa.o)
                                0x1bc (size before relaxing)
 .stab          0x00001254      0x294 /usr/local/CrossPack-AVR-20100115/lib/gcc/avr/4.3.3/../../../../avr/lib/avrxmega6/libc.a(ltoa.o)
                                0x2a0 (size before relaxing)
 .stab          0x000014e8       0x84 /usr/local/CrossPack-AVR-20100115/lib/gcc/avr/4.3.3/../../../../avr/lib/avrxmega6/libc.a(memcpy.o)
                                 0x90 (size before relaxing)
 .stab          0x0000156c       0xd8 /usr/local/CrossPack-AVR-20100115/lib/gcc/avr/4.3.3/../../../../avr/lib/avrxmega6/libc.a(strrev.o)
                                 0xe4 (size before relaxing)

.stabstr        0x00000000      0x541
 *(.stabstr)
 .stabstr       0x00000000      0x541 /usr/local/CrossPack-AVR-20100115/lib/gcc/avr/4.3.3/../../../../avr/lib/avrxmega6/crtx256a3b.o

.stab.excl
 *(.stab.excl)

.stab.exclstr
 *(.stab.exclstr)

.stab.index
 *(.stab.index)

.stab.indexstr
 *(.stab.indexstr)

.comment
 *(.comment)

.debug
 *(.debug)

.line
 *(.line)

.debug_srcinfo
 *(.debug_srcinfo)

.debug_sfnames
 *(.debug_sfnames)

.debug_aranges  0x00000000       0x40
 *(.debug_aranges)
 .debug_aranges
                0x00000000       0x20 mainChestStrap.o
 .debug_aranges
                0x00000020       0x20 /usr/local/CrossPack-AVR-20100115/lib/gcc/avr/4.3.3/../../../../avr/lib/avrxmega6/libc.a(strtok.o)

.debug_pubnames
                0x00000000     0x12db
 *(.debug_pubnames)
 .debug_pubnames
                0x00000000     0x12be mainChestStrap.o
 .debug_pubnames
                0x000012be       0x1d /usr/local/CrossPack-AVR-20100115/lib/gcc/avr/4.3.3/../../../../avr/lib/avrxmega6/libc.a(strtok.o)

.debug_info     0x00000000     0x7825
 *(.debug_info)
 .debug_info    0x00000000     0x7794 mainChestStrap.o
 .debug_info    0x00007794       0x91 /usr/local/CrossPack-AVR-20100115/lib/gcc/avr/4.3.3/../../../../avr/lib/avrxmega6/libc.a(strtok.o)
 *(.gnu.linkonce.wi.*)

.debug_abbrev   0x00000000      0x6ba
 *(.debug_abbrev)
 .debug_abbrev  0x00000000      0x643 mainChestStrap.o
 .debug_abbrev  0x00000643       0x77 /usr/local/CrossPack-AVR-20100115/lib/gcc/avr/4.3.3/../../../../avr/lib/avrxmega6/libc.a(strtok.o)

.debug_line     0x00000000     0x5868
 *(.debug_line)
 .debug_line    0x00000000     0x57e7 mainChestStrap.o
 .debug_line    0x000057e7       0x81 /usr/local/CrossPack-AVR-20100115/lib/gcc/avr/4.3.3/../../../../avr/lib/avrxmega6/libc.a(strtok.o)

.debug_frame    0x00000000      0x900
 *(.debug_frame)
 .debug_frame   0x00000000      0x8e0 mainChestStrap.o
 .debug_frame   0x000008e0       0x20 /usr/local/CrossPack-AVR-20100115/lib/gcc/avr/4.3.3/../../../../avr/lib/avrxmega6/libc.a(strtok.o)

.debug_str      0x00000000     0x4173
 *(.debug_str)
 .debug_str     0x00000000     0x40e1 mainChestStrap.o
                               0x41df (size before relaxing)
 .debug_str     0x000040e1       0x92 /usr/local/CrossPack-AVR-20100115/lib/gcc/avr/4.3.3/../../../../avr/lib/avrxmega6/libc.a(strtok.o)
                                 0xb0 (size before relaxing)

.debug_loc      0x00000000     0x5a23
 *(.debug_loc)
 .debug_loc     0x00000000     0x59f3 mainChestStrap.o
 .debug_loc     0x000059f3       0x30 /usr/local/CrossPack-AVR-20100115/lib/gcc/avr/4.3.3/../../../../avr/lib/avrxmega6/libc.a(strtok.o)

.debug_macinfo
 *(.debug_macinfo)
OUTPUT(mainChestStrap.elf elf32-avr)
LOAD linker stubs

.debug_ranges   0x00000000      0x288
 .debug_ranges  0x00000000      0x270 mainChestStrap.o
 .debug_ranges  0x00000270       0x18 /usr/local/CrossPack-AVR-20100115/lib/gcc/avr/4.3.3/../../../../avr/lib/avrxmega6/libc.a(strtok.o)

Cross Reference Table

Symbol                                            File
Accel_Init                                        mainChestStrap.o
Accel_ReadFromAddress                             mainChestStrap.o
Accel_ReadResults                                 mainChestStrap.o
Accel_Read_Byte                                   mainChestStrap.o
Accel_WriteToAddress                              mainChestStrap.o
Accel_Write_Byte                                  mainChestStrap.o
Button_Init                                       mainChestStrap.o
Button_Pressed                                    mainChestStrap.o
CCPWrite                                          mainChestStrap.o
CRC                                               mainChestStrap.o
Charged                                           mainChestStrap.o
Charger_Init                                      mainChestStrap.o
Clock_Init                                        mainChestStrap.o
DebugBuffer                                       mainChestStrap.o
Debug_CharReadyToRead                             mainChestStrap.o
Debug_ClearBuffer                                 mainChestStrap.o
Debug_GetByte                                     mainChestStrap.o
Debug_Init                                        mainChestStrap.o
Debug_SendByte                                    mainChestStrap.o
Debug_SendString                                  mainChestStrap.o
Debug_readLocation                                mainChestStrap.o
Debug_timeOutCounter                              mainChestStrap.o
Debug_writeLocation                               mainChestStrap.o
Disable_JTAG                                      mainChestStrap.o
Drives                                            mainChestStrap.o
EKGBuffer                                         mainChestStrap.o
EKGBufferCounter                                  mainChestStrap.o
EKGBufferToWriteTo                                mainChestStrap.o
EKGSampleStartTime                                mainChestStrap.o
GUI_Init                                          mainChestStrap.o
HZ_RefeshCounter                                  mainChestStrap.o
HZ_RefeshCounter2                                 mainChestStrap.o
Interrupt_Init                                    mainChestStrap.o
Leds_Clear                                        mainChestStrap.o
Leds_Init                                         mainChestStrap.o
Leds_Set                                          mainChestStrap.o
Leds_State                                        mainChestStrap.o
Leds_Toggle                                       mainChestStrap.o
Log_File                                          mainChestStrap.o
SD_BackroundWriter_Init                           mainChestStrap.o
SD_ClearCRC                                       mainChestStrap.o
SD_Close                                          mainChestStrap.o
SD_GetSpaceRemaining                              mainChestStrap.o
SD_Init                                           mainChestStrap.o
SD_Inserted                                       mainChestStrap.o
SD_MakeFileName                                   mainChestStrap.o
SD_Open                                           mainChestStrap.o
SD_Read_config_file                               mainChestStrap.o
SD_StartLogFile                                   mainChestStrap.o
SD_Timer_Init                                     mainChestStrap.o
SD_Write16                                        mainChestStrap.o
SD_Write32                                        mainChestStrap.o
SD_Write8                                         mainChestStrap.o
SD_WriteAccelBuffer                               mainChestStrap.o
SD_WriteBuffer                                    mainChestStrap.o
SD_WriteCRC                                       mainChestStrap.o
SD_WriteEKGBuffer                                 mainChestStrap.o
SD_WriteHumidityBuffer                            mainChestStrap.o
SD_WriteRTCBlock                                  mainChestStrap.o
SD_WriteRespirationBuffer                         mainChestStrap.o
SD_WriteString                                    mainChestStrap.o
SD_WriteTemperatureBuffer                         mainChestStrap.o
SP_ReadCalibrationByte                            mainChestStrap.o
Sensors_Init                                      mainChestStrap.o
Sensors_ReadEKG                                   mainChestStrap.o
Sensors_ReadHumidity                              mainChestStrap.o
Sensors_ReadRespiration                           mainChestStrap.o
Sensors_ReadTemperature                           mainChestStrap.o
Sensors_ResetAccelBuffers                         mainChestStrap.o
Sensors_ResetEKGBuffers                           mainChestStrap.o
Sensors_ResetHumidityBuffers                      mainChestStrap.o
Sensors_ResetRespirationBuffers                   mainChestStrap.o
Sensors_ResetTemperatureBuffers                   mainChestStrap.o
Time_CheckVBatSystem                              mainChestStrap.o
Time_Get                                          mainChestStrap.o
Time_Get32BitTimer                                mainChestStrap.o
Time_Init                                         mainChestStrap.o
Time_Set                                          mainChestStrap.o
Time_UTCSecsToTime                                mainChestStrap.o
UNIX_Time                                         mainChestStrap.o
Upload_File                                       mainChestStrap.o
Uploader_ClearCRC                                 mainChestStrap.o
Uploader_Update                                   mainChestStrap.o
Uploader_UpdateCRC                                mainChestStrap.o
Uploader_WriteCRC                                 mainChestStrap.o
Uploader_connectToComputer                        mainChestStrap.o
Uploader_eraseFile                                mainChestStrap.o
Uploader_getTime                                  mainChestStrap.o
Uploader_sendAuthType                             mainChestStrap.o
Uploader_sendFilename                             mainChestStrap.o
Uploader_sendKey                                  mainChestStrap.o
Uploader_sendNickname                             mainChestStrap.o
Uploader_sendPort                                 mainChestStrap.o
Uploader_sendSSID                                 mainChestStrap.o
Uploader_sendServer                               mainChestStrap.o
Uploader_sendUser                                 mainChestStrap.o
Uploader_uploadFile                               mainChestStrap.o
__bad_interrupt                                   /usr/local/CrossPack-AVR-20100115/lib/gcc/avr/4.3.3/../../../../avr/lib/avrxmega6/crtx256a3b.o
__bss_end                                         /usr/local/CrossPack-AVR-20100115/lib/gcc/avr/4.3.3/avrxmega6/libgcc.a(_clear_bss.o)
__bss_start                                       /usr/local/CrossPack-AVR-20100115/lib/gcc/avr/4.3.3/avrxmega6/libgcc.a(_clear_bss.o)
__data_end                                        /usr/local/CrossPack-AVR-20100115/lib/gcc/avr/4.3.3/../../../../avr/lib/avrxmega6/crtx256a3b.o
__data_load_start                                 /usr/local/CrossPack-AVR-20100115/lib/gcc/avr/4.3.3/../../../../avr/lib/avrxmega6/crtx256a3b.o
__data_start                                      /usr/local/CrossPack-AVR-20100115/lib/gcc/avr/4.3.3/../../../../avr/lib/avrxmega6/crtx256a3b.o
__divmodhi4                                       /usr/local/CrossPack-AVR-20100115/lib/gcc/avr/4.3.3/avrxmega6/libgcc.a(_divmodhi4.o)
                                                  mainChestStrap.o
__do_clear_bss                                    /usr/local/CrossPack-AVR-20100115/lib/gcc/avr/4.3.3/avrxmega6/libgcc.a(_clear_bss.o)
                                                  /usr/local/CrossPack-AVR-20100115/lib/gcc/avr/4.3.3/../../../../avr/lib/avrxmega6/libc.a(strtok.o)
                                                  mainChestStrap.o
__do_copy_data                                    /usr/local/CrossPack-AVR-20100115/lib/gcc/avr/4.3.3/../../../../avr/lib/avrxmega6/crtx256a3b.o
                                                  mainChestStrap.o
__heap_end                                        /usr/local/CrossPack-AVR-20100115/lib/gcc/avr/4.3.3/../../../../avr/lib/avrxmega6/crtx256a3b.o
__init                                            /usr/local/CrossPack-AVR-20100115/lib/gcc/avr/4.3.3/../../../../avr/lib/avrxmega6/crtx256a3b.o
__mulsi3                                          /usr/local/CrossPack-AVR-20100115/lib/gcc/avr/4.3.3/avrxmega6/libgcc.a(_mulsi3.o)
                                                  mainChestStrap.o
__stack                                           /usr/local/CrossPack-AVR-20100115/lib/gcc/avr/4.3.3/../../../../avr/lib/avrxmega6/crtx256a3b.o
__udivmodhi4                                      /usr/local/CrossPack-AVR-20100115/lib/gcc/avr/4.3.3/avrxmega6/libgcc.a(_udivmodhi4.o)
                                                  /usr/local/CrossPack-AVR-20100115/lib/gcc/avr/4.3.3/../../../../avr/lib/avrxmega6/libc.a(itoa.o)
                                                  /usr/local/CrossPack-AVR-20100115/lib/gcc/avr/4.3.3/avrxmega6/libgcc.a(_divmodhi4.o)
__udivmodsi4                                      /usr/local/CrossPack-AVR-20100115/lib/gcc/avr/4.3.3/avrxmega6/libgcc.a(_udivmodsi4.o)
                                                  /usr/local/CrossPack-AVR-20100115/lib/gcc/avr/4.3.3/../../../../avr/lib/avrxmega6/libc.a(ltoa.o)
                                                  mainChestStrap.o
__vector_1                                        /usr/local/CrossPack-AVR-20100115/lib/gcc/avr/4.3.3/../../../../avr/lib/avrxmega6/crtx256a3b.o
__vector_10                                       /usr/local/CrossPack-AVR-20100115/lib/gcc/avr/4.3.3/../../../../avr/lib/avrxmega6/crtx256a3b.o
__vector_100                                      /usr/local/CrossPack-AVR-20100115/lib/gcc/avr/4.3.3/../../../../avr/lib/avrxmega6/crtx256a3b.o
__vector_101                                      /usr/local/CrossPack-AVR-20100115/lib/gcc/avr/4.3.3/../../../../avr/lib/avrxmega6/crtx256a3b.o
__vector_102                                      /usr/local/CrossPack-AVR-20100115/lib/gcc/avr/4.3.3/../../../../avr/lib/avrxmega6/crtx256a3b.o
__vector_103                                      /usr/local/CrossPack-AVR-20100115/lib/gcc/avr/4.3.3/../../../../avr/lib/avrxmega6/crtx256a3b.o
__vector_104                                      mainChestStrap.o
                                                  /usr/local/CrossPack-AVR-20100115/lib/gcc/avr/4.3.3/../../../../avr/lib/avrxmega6/crtx256a3b.o
__vector_105                                      /usr/local/CrossPack-AVR-20100115/lib/gcc/avr/4.3.3/../../../../avr/lib/avrxmega6/crtx256a3b.o
__vector_106                                      /usr/local/CrossPack-AVR-20100115/lib/gcc/avr/4.3.3/../../../../avr/lib/avrxmega6/crtx256a3b.o
__vector_107                                      /usr/local/CrossPack-AVR-20100115/lib/gcc/avr/4.3.3/../../../../avr/lib/avrxmega6/crtx256a3b.o
__vector_108                                      mainChestStrap.o
                                                  /usr/local/CrossPack-AVR-20100115/lib/gcc/avr/4.3.3/../../../../avr/lib/avrxmega6/crtx256a3b.o
__vector_109                                      /usr/local/CrossPack-AVR-20100115/lib/gcc/avr/4.3.3/../../../../avr/lib/avrxmega6/crtx256a3b.o
__vector_11                                       /usr/local/CrossPack-AVR-20100115/lib/gcc/avr/4.3.3/../../../../avr/lib/avrxmega6/crtx256a3b.o
__vector_110                                      /usr/local/CrossPack-AVR-20100115/lib/gcc/avr/4.3.3/../../../../avr/lib/avrxmega6/crtx256a3b.o
__vector_111                                      /usr/local/CrossPack-AVR-20100115/lib/gcc/avr/4.3.3/../../../../avr/lib/avrxmega6/crtx256a3b.o
__vector_112                                      /usr/local/CrossPack-AVR-20100115/lib/gcc/avr/4.3.3/../../../../avr/lib/avrxmega6/crtx256a3b.o
__vector_113                                      /usr/local/CrossPack-AVR-20100115/lib/gcc/avr/4.3.3/../../../../avr/lib/avrxmega6/crtx256a3b.o
__vector_114                                      /usr/local/CrossPack-AVR-20100115/lib/gcc/avr/4.3.3/../../../../avr/lib/avrxmega6/crtx256a3b.o
__vector_115                                      /usr/local/CrossPack-AVR-20100115/lib/gcc/avr/4.3.3/../../../../avr/lib/avrxmega6/crtx256a3b.o
__vector_116                                      /usr/local/CrossPack-AVR-20100115/lib/gcc/avr/4.3.3/../../../../avr/lib/avrxmega6/crtx256a3b.o
__vector_117                                      /usr/local/CrossPack-AVR-20100115/lib/gcc/avr/4.3.3/../../../../avr/lib/avrxmega6/crtx256a3b.o
__vector_118                                      /usr/local/CrossPack-AVR-20100115/lib/gcc/avr/4.3.3/../../../../avr/lib/avrxmega6/crtx256a3b.o
__vector_119                                      /usr/local/CrossPack-AVR-20100115/lib/gcc/avr/4.3.3/../../../../avr/lib/avrxmega6/crtx256a3b.o
__vector_12                                       /usr/local/CrossPack-AVR-20100115/lib/gcc/avr/4.3.3/../../../../avr/lib/avrxmega6/crtx256a3b.o
__vector_120                                      /usr/local/CrossPack-AVR-20100115/lib/gcc/avr/4.3.3/../../../../avr/lib/avrxmega6/crtx256a3b.o
__vector_121                                      /usr/local/CrossPack-AVR-20100115/lib/gcc/avr/4.3.3/../../../../avr/lib/avrxmega6/crtx256a3b.o
__vector_13                                       /usr/local/CrossPack-AVR-20100115/lib/gcc/avr/4.3.3/../../../../avr/lib/avrxmega6/crtx256a3b.o
__vector_14                                       /usr/local/CrossPack-AVR-20100115/lib/gcc/avr/4.3.3/../../../../avr/lib/avrxmega6/crtx256a3b.o
__vector_15                                       /usr/local/CrossPack-AVR-20100115/lib/gcc/avr/4.3.3/../../../../avr/lib/avrxmega6/crtx256a3b.o
__vector_16                                       /usr/local/CrossPack-AVR-20100115/lib/gcc/avr/4.3.3/../../../../avr/lib/avrxmega6/crtx256a3b.o
__vector_17                                       /usr/local/CrossPack-AVR-20100115/lib/gcc/avr/4.3.3/../../../../avr/lib/avrxmega6/crtx256a3b.o
__vector_18                                       /usr/local/CrossPack-AVR-20100115/lib/gcc/avr/4.3.3/../../../../avr/lib/avrxmega6/crtx256a3b.o
__vector_19                                       /usr/local/CrossPack-AVR-20100115/lib/gcc/avr/4.3.3/../../../../avr/lib/avrxmega6/crtx256a3b.o
__vector_2                                        /usr/local/CrossPack-AVR-20100115/lib/gcc/avr/4.3.3/../../../../avr/lib/avrxmega6/crtx256a3b.o
__vector_20                                       /usr/local/CrossPack-AVR-20100115/lib/gcc/avr/4.3.3/../../../../avr/lib/avrxmega6/crtx256a3b.o
__vector_21                                       /usr/local/CrossPack-AVR-20100115/lib/gcc/avr/4.3.3/../../../../avr/lib/avrxmega6/crtx256a3b.o
__vector_22                                       /usr/local/CrossPack-AVR-20100115/lib/gcc/avr/4.3.3/../../../../avr/lib/avrxmega6/crtx256a3b.o
__vector_23                                       /usr/local/CrossPack-AVR-20100115/lib/gcc/avr/4.3.3/../../../../avr/lib/avrxmega6/crtx256a3b.o
__vector_24                                       /usr/local/CrossPack-AVR-20100115/lib/gcc/avr/4.3.3/../../../../avr/lib/avrxmega6/crtx256a3b.o
__vector_25                                       /usr/local/CrossPack-AVR-20100115/lib/gcc/avr/4.3.3/../../../../avr/lib/avrxmega6/crtx256a3b.o
__vector_26                                       /usr/local/CrossPack-AVR-20100115/lib/gcc/avr/4.3.3/../../../../avr/lib/avrxmega6/crtx256a3b.o
__vector_27                                       /usr/local/CrossPack-AVR-20100115/lib/gcc/avr/4.3.3/../../../../avr/lib/avrxmega6/crtx256a3b.o
__vector_28                                       /usr/local/CrossPack-AVR-20100115/lib/gcc/avr/4.3.3/../../../../avr/lib/avrxmega6/crtx256a3b.o
__vector_29                                       /usr/local/CrossPack-AVR-20100115/lib/gcc/avr/4.3.3/../../../../avr/lib/avrxmega6/crtx256a3b.o
__vector_3                                        /usr/local/CrossPack-AVR-20100115/lib/gcc/avr/4.3.3/../../../../avr/lib/avrxmega6/crtx256a3b.o
__vector_30                                       /usr/local/CrossPack-AVR-20100115/lib/gcc/avr/4.3.3/../../../../avr/lib/avrxmega6/crtx256a3b.o
__vector_31                                       /usr/local/CrossPack-AVR-20100115/lib/gcc/avr/4.3.3/../../../../avr/lib/avrxmega6/crtx256a3b.o
__vector_32                                       /usr/local/CrossPack-AVR-20100115/lib/gcc/avr/4.3.3/../../../../avr/lib/avrxmega6/crtx256a3b.o
__vector_33                                       /usr/local/CrossPack-AVR-20100115/lib/gcc/avr/4.3.3/../../../../avr/lib/avrxmega6/crtx256a3b.o
__vector_34                                       /usr/local/CrossPack-AVR-20100115/lib/gcc/avr/4.3.3/../../../../avr/lib/avrxmega6/crtx256a3b.o
__vector_35                                       /usr/local/CrossPack-AVR-20100115/lib/gcc/avr/4.3.3/../../../../avr/lib/avrxmega6/crtx256a3b.o
__vector_36                                       /usr/local/CrossPack-AVR-20100115/lib/gcc/avr/4.3.3/../../../../avr/lib/avrxmega6/crtx256a3b.o
__vector_37                                       /usr/local/CrossPack-AVR-20100115/lib/gcc/avr/4.3.3/../../../../avr/lib/avrxmega6/crtx256a3b.o
__vector_38                                       /usr/local/CrossPack-AVR-20100115/lib/gcc/avr/4.3.3/../../../../avr/lib/avrxmega6/crtx256a3b.o
__vector_39                                       /usr/local/CrossPack-AVR-20100115/lib/gcc/avr/4.3.3/../../../../avr/lib/avrxmega6/crtx256a3b.o
__vector_4                                        /usr/local/CrossPack-AVR-20100115/lib/gcc/avr/4.3.3/../../../../avr/lib/avrxmega6/crtx256a3b.o
__vector_40                                       /usr/local/CrossPack-AVR-20100115/lib/gcc/avr/4.3.3/../../../../avr/lib/avrxmega6/crtx256a3b.o
__vector_41                                       /usr/local/CrossPack-AVR-20100115/lib/gcc/avr/4.3.3/../../../../avr/lib/avrxmega6/crtx256a3b.o
__vector_42                                       /usr/local/CrossPack-AVR-20100115/lib/gcc/avr/4.3.3/../../../../avr/lib/avrxmega6/crtx256a3b.o
__vector_43                                       /usr/local/CrossPack-AVR-20100115/lib/gcc/avr/4.3.3/../../../../avr/lib/avrxmega6/crtx256a3b.o
__vector_44                                       /usr/local/CrossPack-AVR-20100115/lib/gcc/avr/4.3.3/../../../../avr/lib/avrxmega6/crtx256a3b.o
__vector_45                                       /usr/local/CrossPack-AVR-20100115/lib/gcc/avr/4.3.3/../../../../avr/lib/avrxmega6/crtx256a3b.o
__vector_46                                       /usr/local/CrossPack-AVR-20100115/lib/gcc/avr/4.3.3/../../../../avr/lib/avrxmega6/crtx256a3b.o
__vector_47                                       mainChestStrap.o
                                                  /usr/local/CrossPack-AVR-20100115/lib/gcc/avr/4.3.3/../../../../avr/lib/avrxmega6/crtx256a3b.o
__vector_48                                       /usr/local/CrossPack-AVR-20100115/lib/gcc/avr/4.3.3/../../../../avr/lib/avrxmega6/crtx256a3b.o
__vector_49                                       /usr/local/CrossPack-AVR-20100115/lib/gcc/avr/4.3.3/../../../../avr/lib/avrxmega6/crtx256a3b.o
__vector_5                                        /usr/local/CrossPack-AVR-20100115/lib/gcc/avr/4.3.3/../../../../avr/lib/avrxmega6/crtx256a3b.o
__vector_50                                       /usr/local/CrossPack-AVR-20100115/lib/gcc/avr/4.3.3/../../../../avr/lib/avrxmega6/crtx256a3b.o
__vector_51                                       /usr/local/CrossPack-AVR-20100115/lib/gcc/avr/4.3.3/../../../../avr/lib/avrxmega6/crtx256a3b.o
__vector_52                                       /usr/local/CrossPack-AVR-20100115/lib/gcc/avr/4.3.3/../../../../avr/lib/avrxmega6/crtx256a3b.o
__vector_53                                       mainChestStrap.o
                                                  /usr/local/CrossPack-AVR-20100115/lib/gcc/avr/4.3.3/../../../../avr/lib/avrxmega6/crtx256a3b.o
__vector_54                                       /usr/local/CrossPack-AVR-20100115/lib/gcc/avr/4.3.3/../../../../avr/lib/avrxmega6/crtx256a3b.o
__vector_55                                       /usr/local/CrossPack-AVR-20100115/lib/gcc/avr/4.3.3/../../../../avr/lib/avrxmega6/crtx256a3b.o
__vector_56                                       /usr/local/CrossPack-AVR-20100115/lib/gcc/avr/4.3.3/../../../../avr/lib/avrxmega6/crtx256a3b.o
__vector_57                                       /usr/local/CrossPack-AVR-20100115/lib/gcc/avr/4.3.3/../../../../avr/lib/avrxmega6/crtx256a3b.o
__vector_58                                       /usr/local/CrossPack-AVR-20100115/lib/gcc/avr/4.3.3/../../../../avr/lib/avrxmega6/crtx256a3b.o
__vector_59                                       /usr/local/CrossPack-AVR-20100115/lib/gcc/avr/4.3.3/../../../../avr/lib/avrxmega6/crtx256a3b.o
__vector_6                                        /usr/local/CrossPack-AVR-20100115/lib/gcc/avr/4.3.3/../../../../avr/lib/avrxmega6/crtx256a3b.o
__vector_60                                       /usr/local/CrossPack-AVR-20100115/lib/gcc/avr/4.3.3/../../../../avr/lib/avrxmega6/crtx256a3b.o
__vector_61                                       /usr/local/CrossPack-AVR-20100115/lib/gcc/avr/4.3.3/../../../../avr/lib/avrxmega6/crtx256a3b.o
__vector_62                                       /usr/local/CrossPack-AVR-20100115/lib/gcc/avr/4.3.3/../../../../avr/lib/avrxmega6/crtx256a3b.o
__vector_63                                       /usr/local/CrossPack-AVR-20100115/lib/gcc/avr/4.3.3/../../../../avr/lib/avrxmega6/crtx256a3b.o
__vector_64                                       /usr/local/CrossPack-AVR-20100115/lib/gcc/avr/4.3.3/../../../../avr/lib/avrxmega6/crtx256a3b.o
__vector_65                                       /usr/local/CrossPack-AVR-20100115/lib/gcc/avr/4.3.3/../../../../avr/lib/avrxmega6/crtx256a3b.o
__vector_66                                       /usr/local/CrossPack-AVR-20100115/lib/gcc/avr/4.3.3/../../../../avr/lib/avrxmega6/crtx256a3b.o
__vector_67                                       /usr/local/CrossPack-AVR-20100115/lib/gcc/avr/4.3.3/../../../../avr/lib/avrxmega6/crtx256a3b.o
__vector_68                                       /usr/local/CrossPack-AVR-20100115/lib/gcc/avr/4.3.3/../../../../avr/lib/avrxmega6/crtx256a3b.o
__vector_69                                       /usr/local/CrossPack-AVR-20100115/lib/gcc/avr/4.3.3/../../../../avr/lib/avrxmega6/crtx256a3b.o
__vector_7                                        /usr/local/CrossPack-AVR-20100115/lib/gcc/avr/4.3.3/../../../../avr/lib/avrxmega6/crtx256a3b.o
__vector_70                                       /usr/local/CrossPack-AVR-20100115/lib/gcc/avr/4.3.3/../../../../avr/lib/avrxmega6/crtx256a3b.o
__vector_71                                       /usr/local/CrossPack-AVR-20100115/lib/gcc/avr/4.3.3/../../../../avr/lib/avrxmega6/crtx256a3b.o
__vector_72                                       /usr/local/CrossPack-AVR-20100115/lib/gcc/avr/4.3.3/../../../../avr/lib/avrxmega6/crtx256a3b.o
__vector_73                                       /usr/local/CrossPack-AVR-20100115/lib/gcc/avr/4.3.3/../../../../avr/lib/avrxmega6/crtx256a3b.o
__vector_74                                       /usr/local/CrossPack-AVR-20100115/lib/gcc/avr/4.3.3/../../../../avr/lib/avrxmega6/crtx256a3b.o
__vector_75                                       /usr/local/CrossPack-AVR-20100115/lib/gcc/avr/4.3.3/../../../../avr/lib/avrxmega6/crtx256a3b.o
__vector_76                                       /usr/local/CrossPack-AVR-20100115/lib/gcc/avr/4.3.3/../../../../avr/lib/avrxmega6/crtx256a3b.o
__vector_77                                       mainChestStrap.o
                                                  /usr/local/CrossPack-AVR-20100115/lib/gcc/avr/4.3.3/../../../../avr/lib/avrxmega6/crtx256a3b.o
__vector_78                                       /usr/local/CrossPack-AVR-20100115/lib/gcc/avr/4.3.3/../../../../avr/lib/avrxmega6/crtx256a3b.o
__vector_79                                       /usr/local/CrossPack-AVR-20100115/lib/gcc/avr/4.3.3/../../../../avr/lib/avrxmega6/crtx256a3b.o
__vector_8                                        /usr/local/CrossPack-AVR-20100115/lib/gcc/avr/4.3.3/../../../../avr/lib/avrxmega6/crtx256a3b.o
__vector_80                                       /usr/local/CrossPack-AVR-20100115/lib/gcc/avr/4.3.3/../../../../avr/lib/avrxmega6/crtx256a3b.o
__vector_81                                       /usr/local/CrossPack-AVR-20100115/lib/gcc/avr/4.3.3/../../../../avr/lib/avrxmega6/crtx256a3b.o
__vector_82                                       /usr/local/CrossPack-AVR-20100115/lib/gcc/avr/4.3.3/../../../../avr/lib/avrxmega6/crtx256a3b.o
__vector_83                                       mainChestStrap.o
                                                  /usr/local/CrossPack-AVR-20100115/lib/gcc/avr/4.3.3/../../../../avr/lib/avrxmega6/crtx256a3b.o
__vector_84                                       /usr/local/CrossPack-AVR-20100115/lib/gcc/avr/4.3.3/../../../../avr/lib/avrxmega6/crtx256a3b.o
__vector_85                                       /usr/local/CrossPack-AVR-20100115/lib/gcc/avr/4.3.3/../../../../avr/lib/avrxmega6/crtx256a3b.o
__vector_86                                       /usr/local/CrossPack-AVR-20100115/lib/gcc/avr/4.3.3/../../../../avr/lib/avrxmega6/crtx256a3b.o
__vector_87                                       /usr/local/CrossPack-AVR-20100115/lib/gcc/avr/4.3.3/../../../../avr/lib/avrxmega6/crtx256a3b.o
__vector_88                                       /usr/local/CrossPack-AVR-20100115/lib/gcc/avr/4.3.3/../../../../avr/lib/avrxmega6/crtx256a3b.o
__vector_89                                       /usr/local/CrossPack-AVR-20100115/lib/gcc/avr/4.3.3/../../../../avr/lib/avrxmega6/crtx256a3b.o
__vector_9                                        /usr/local/CrossPack-AVR-20100115/lib/gcc/avr/4.3.3/../../../../avr/lib/avrxmega6/crtx256a3b.o
__vector_90                                       /usr/local/CrossPack-AVR-20100115/lib/gcc/avr/4.3.3/../../../../avr/lib/avrxmega6/crtx256a3b.o
__vector_91                                       /usr/local/CrossPack-AVR-20100115/lib/gcc/avr/4.3.3/../../../../avr/lib/avrxmega6/crtx256a3b.o
__vector_92                                       /usr/local/CrossPack-AVR-20100115/lib/gcc/avr/4.3.3/../../../../avr/lib/avrxmega6/crtx256a3b.o
__vector_93                                       /usr/local/CrossPack-AVR-20100115/lib/gcc/avr/4.3.3/../../../../avr/lib/avrxmega6/crtx256a3b.o
__vector_94                                       /usr/local/CrossPack-AVR-20100115/lib/gcc/avr/4.3.3/../../../../avr/lib/avrxmega6/crtx256a3b.o
__vector_95                                       /usr/local/CrossPack-AVR-20100115/lib/gcc/avr/4.3.3/../../../../avr/lib/avrxmega6/crtx256a3b.o
__vector_96                                       /usr/local/CrossPack-AVR-20100115/lib/gcc/avr/4.3.3/../../../../avr/lib/avrxmega6/crtx256a3b.o
__vector_97                                       /usr/local/CrossPack-AVR-20100115/lib/gcc/avr/4.3.3/../../../../avr/lib/avrxmega6/crtx256a3b.o
__vector_98                                       /usr/local/CrossPack-AVR-20100115/lib/gcc/avr/4.3.3/../../../../avr/lib/avrxmega6/crtx256a3b.o
__vector_99                                       /usr/local/CrossPack-AVR-20100115/lib/gcc/avr/4.3.3/../../../../avr/lib/avrxmega6/crtx256a3b.o
__vector_default                                  /usr/local/CrossPack-AVR-20100115/lib/gcc/avr/4.3.3/../../../../avr/lib/avrxmega6/crtx256a3b.o
__vectors                                         /usr/local/CrossPack-AVR-20100115/lib/gcc/avr/4.3.3/../../../../avr/lib/avrxmega6/crtx256a3b.o
_div                                              /usr/local/CrossPack-AVR-20100115/lib/gcc/avr/4.3.3/avrxmega6/libgcc.a(_divmodhi4.o)
_exit                                             /usr/local/CrossPack-AVR-20100115/lib/gcc/avr/4.3.3/avrxmega6/libgcc.a(_exit.o)
accelBuffer                                       mainChestStrap.o
accelBufferCounter                                mainChestStrap.o
accelBufferToWriteTo                              mainChestStrap.o
accelSampleStartTime                              mainChestStrap.o
am                                                mainChestStrap.o
auth                                              mainChestStrap.o
authRead                                          mainChestStrap.o
availableFileName                                 mainChestStrap.o
batteryVoltageOk                                  mainChestStrap.o
chk_mounted                                       mainChestStrap.o
clust2sect                                        mainChestStrap.o
command                                           mainChestStrap.o
commandCounter                                    mainChestStrap.o
connected                                         mainChestStrap.o
crc_table                                         mainChestStrap.o
currentLogFile                                    mainChestStrap.o
daylightTime                                      mainChestStrap.o
debounceEnabled                                   mainChestStrap.o
debounceTimer                                     mainChestStrap.o
demoMode                                          mainChestStrap.o
demoModeString                                    mainChestStrap.o
deviceID                                          mainChestStrap.o
dir                                               mainChestStrap.o
disk_initialize                                   mainChestStrap.o
disk_ioctl                                        mainChestStrap.o
disk_read                                         mainChestStrap.o
disk_status                                       mainChestStrap.o
disk_timerproc                                    mainChestStrap.o
disk_write                                        mainChestStrap.o
doneUploading                                     mainChestStrap.o
ekgCounter                                        mainChestStrap.o
eraseFileReturn                                   mainChestStrap.o
exit                                              /usr/local/CrossPack-AVR-20100115/lib/gcc/avr/4.3.3/avrxmega6/libgcc.a(_exit.o)
                                                  /usr/local/CrossPack-AVR-20100115/lib/gcc/avr/4.3.3/../../../../avr/lib/avrxmega6/crtx256a3b.o
f_chmod                                           mainChestStrap.o
f_close                                           mainChestStrap.o
f_getfree                                         mainChestStrap.o
f_gets                                            mainChestStrap.o
f_lseek                                           mainChestStrap.o
f_mkdir                                           mainChestStrap.o
f_mkfs                                            mainChestStrap.o
f_mount                                           mainChestStrap.o
f_open                                            mainChestStrap.o
f_opendir                                         mainChestStrap.o
f_printf                                          mainChestStrap.o
f_putc                                            mainChestStrap.o
f_puts                                            mainChestStrap.o
f_read                                            mainChestStrap.o
f_readdir                                         mainChestStrap.o
f_rename                                          mainChestStrap.o
f_stat                                            mainChestStrap.o
f_sync                                            mainChestStrap.o
f_truncate                                        mainChestStrap.o
f_unlink                                          mainChestStrap.o
f_utime                                           mainChestStrap.o
f_write                                           mainChestStrap.o
fastString                                        mainChestStrap.o
fileExists                                        mainChestStrap.o
fileName                                          mainChestStrap.o
fileToErase                                       mainChestStrap.o
fileToUpload                                      mainChestStrap.o
fno                                               mainChestStrap.o
fno2                                              mainChestStrap.o
fs                                                mainChestStrap.o
getDeviceID                                       mainChestStrap.o
get_fat                                           mainChestStrap.o
get_fattime                                       mainChestStrap.o
humidityBuffer                                    mainChestStrap.o
humidityBufferCounter                             mainChestStrap.o
humidityBufferToWriteTo                           mainChestStrap.o
humiditySampleStartTime                           mainChestStrap.o
itoa                                              /usr/local/CrossPack-AVR-20100115/lib/gcc/avr/4.3.3/../../../../avr/lib/avrxmega6/libc.a(itoa.o)
                                                  mainChestStrap.o
key                                               mainChestStrap.o
keyRead                                           mainChestStrap.o
lastAccelerometerBufferSent                       mainChestStrap.o
lastEKGBufferSent                                 mainChestStrap.o
lastHumidityBufferSent                            mainChestStrap.o
lastRespirationBufferSent                         mainChestStrap.o
lastTemperatureBufferSent                         mainChestStrap.o
ledCounter                                        mainChestStrap.o
ledState                                          mainChestStrap.o
leftOverBytesToUpload                             mainChestStrap.o
lengthOfCurrentFile                               mainChestStrap.o
ltoa                                              /usr/local/CrossPack-AVR-20100115/lib/gcc/avr/4.3.3/../../../../avr/lib/avrxmega6/libc.a(ltoa.o)
                                                  mainChestStrap.o
main                                              mainChestStrap.o
                                                  /usr/local/CrossPack-AVR-20100115/lib/gcc/avr/4.3.3/../../../../avr/lib/avrxmega6/crtx256a3b.o
memcpy                                            /usr/local/CrossPack-AVR-20100115/lib/gcc/avr/4.3.3/../../../../avr/lib/avrxmega6/libc.a(memcpy.o)
                                                  /usr/local/CrossPack-AVR-20100115/lib/gcc/avr/4.3.3/../../../../avr/lib/avrxmega6/libc.a(memmove.o)
memmove                                           /usr/local/CrossPack-AVR-20100115/lib/gcc/avr/4.3.3/../../../../avr/lib/avrxmega6/libc.a(memmove.o)
                                                  mainChestStrap.o
nickname                                          mainChestStrap.o
numberOfPacketsToUpload                           mainChestStrap.o
okToCloseLogFile                                  mainChestStrap.o
okToCloseUploadFile                               mainChestStrap.o
okToEraseFile                                     mainChestStrap.o
okToFillUploadFileBuffer                          mainChestStrap.o
okToGetRemainingSpace                             mainChestStrap.o
okToGrabNextFileName                              mainChestStrap.o
okToOpenDirectory                                 mainChestStrap.o
okToOpenFileToUpload                              mainChestStrap.o
okToOpenLogFile                                   mainChestStrap.o
okToSendAccelBuffer                               mainChestStrap.o
okToSendEKGBuffer                                 mainChestStrap.o
okToSendHumidityBuffer                            mainChestStrap.o
okToSendRTCBlock                                  mainChestStrap.o
okToSendRespirationBuffer                         mainChestStrap.o
okToSendTemperatureBuffer                         mainChestStrap.o
okToUpload                                        mainChestStrap.o
okToWriteToLogFile                                mainChestStrap.o
percentDiskUsed                                   mainChestStrap.o
phrase                                            mainChestStrap.o
phraseRead                                        mainChestStrap.o
pm                                                mainChestStrap.o
port                                              mainChestStrap.o
put_fat                                           mainChestStrap.o
recording                                         mainChestStrap.o
respirationBuffer                                 mainChestStrap.o
respirationBufferCounter                          mainChestStrap.o
respirationBufferToWriteTo                        mainChestStrap.o
respirationSampleStartTime                        mainChestStrap.o
restartingFile                                    mainChestStrap.o
rtcBlockCounter                                   mainChestStrap.o
sdValid                                           mainChestStrap.o
server                                            mainChestStrap.o
serverOpenCommand                                 mainChestStrap.o
spaceRemainingCounter                             mainChestStrap.o
ssid                                              mainChestStrap.o
ssidRead                                          mainChestStrap.o
strcasecmp                                        /usr/local/CrossPack-AVR-20100115/lib/gcc/avr/4.3.3/../../../../avr/lib/avrxmega6/libc.a(strcasecmp.o)
                                                  mainChestStrap.o
strcasestr                                        /usr/local/CrossPack-AVR-20100115/lib/gcc/avr/4.3.3/../../../../avr/lib/avrxmega6/libc.a(strcasestr.o)
                                                  mainChestStrap.o
strcat                                            /usr/local/CrossPack-AVR-20100115/lib/gcc/avr/4.3.3/../../../../avr/lib/avrxmega6/libc.a(strcat.o)
                                                  mainChestStrap.o
strcmp                                            /usr/local/CrossPack-AVR-20100115/lib/gcc/avr/4.3.3/../../../../avr/lib/avrxmega6/libc.a(strcmp.o)
                                                  mainChestStrap.o
strcpy                                            /usr/local/CrossPack-AVR-20100115/lib/gcc/avr/4.3.3/../../../../avr/lib/avrxmega6/libc.a(strcpy.o)
                                                  mainChestStrap.o
strrev                                            /usr/local/CrossPack-AVR-20100115/lib/gcc/avr/4.3.3/../../../../avr/lib/avrxmega6/libc.a(strrev.o)
                                                  /usr/local/CrossPack-AVR-20100115/lib/gcc/avr/4.3.3/../../../../avr/lib/avrxmega6/libc.a(ltoa.o)
                                                  /usr/local/CrossPack-AVR-20100115/lib/gcc/avr/4.3.3/../../../../avr/lib/avrxmega6/libc.a(itoa.o)
strstr                                            /usr/local/CrossPack-AVR-20100115/lib/gcc/avr/4.3.3/../../../../avr/lib/avrxmega6/libc.a(strstr.o)
                                                  mainChestStrap.o
strtok                                            /usr/local/CrossPack-AVR-20100115/lib/gcc/avr/4.3.3/../../../../avr/lib/avrxmega6/libc.a(strtok.o)
                                                  mainChestStrap.o
strtok_r                                          /usr/local/CrossPack-AVR-20100115/lib/gcc/avr/4.3.3/../../../../avr/lib/avrxmega6/libc.a(strtok_r.o)
                                                  /usr/local/CrossPack-AVR-20100115/lib/gcc/avr/4.3.3/../../../../avr/lib/avrxmega6/libc.a(strtok.o)
strupr                                            /usr/local/CrossPack-AVR-20100115/lib/gcc/avr/4.3.3/../../../../avr/lib/avrxmega6/libc.a(strupr.o)
                                                  mainChestStrap.o
syncCounter                                       mainChestStrap.o
temp                                              mainChestStrap.o
tempTime                                          mainChestStrap.o
temperatureBuffer                                 mainChestStrap.o
temperatureBufferCounter                          mainChestStrap.o
temperatureBufferToWriteTo                        mainChestStrap.o
temperatureSampleStartTime                        mainChestStrap.o
time                                              mainChestStrap.o
timeIsValid                                       mainChestStrap.o
timeOutCounter                                    mainChestStrap.o
timeRecordingStarted                              mainChestStrap.o
timeZoneShift                                     mainChestStrap.o
tmp16                                             mainChestStrap.o
tmp32                                             mainChestStrap.o
tmp8                                              mainChestStrap.o
tmpString                                         mainChestStrap.o
uploadCRC                                         mainChestStrap.o
uploadFileBuffer                                  mainChestStrap.o
uploadFileBufferFull                              mainChestStrap.o
uploadFileOpened                                  mainChestStrap.o
uploadFileSize                                    mainChestStrap.o
uploadPercentBS                                   mainChestStrap.o
uploading                                         mainChestStrap.o
useWifiForUploading                               mainChestStrap.o
user                                              mainChestStrap.o
wantToRecordEKG                                   mainChestStrap.o
wantToRecordFast                                  mainChestStrap.o
wantToRecordHumidity                              mainChestStrap.o
wantToRecordRespiration                           mainChestStrap.o
wantToRecordTemperature                           mainChestStrap.o
zeroOffsetA                                       mainChestStrap.o
zeroOffsetB                                       mainChestStrap.o
zone                                              mainChestStrap.o
zoneChanged                                       mainChestStrap.o
