Archive member included because of file (symbol)

/usr/local/CrossPack-AVR-20100115/lib/gcc/avr/4.3.3/avrxmega6/libgcc.a(_mulsi3.o)
                              main.o (__mulsi3)
/usr/local/CrossPack-AVR-20100115/lib/gcc/avr/4.3.3/avrxmega6/libgcc.a(_udivmodqi4.o)
                              main.o (__udivmodqi4)
/usr/local/CrossPack-AVR-20100115/lib/gcc/avr/4.3.3/avrxmega6/libgcc.a(_udivmodhi4.o)
                              main.o (__udivmodhi4)
/usr/local/CrossPack-AVR-20100115/lib/gcc/avr/4.3.3/avrxmega6/libgcc.a(_divmodhi4.o)
                              main.o (__divmodhi4)
/usr/local/CrossPack-AVR-20100115/lib/gcc/avr/4.3.3/avrxmega6/libgcc.a(_udivmodsi4.o)
                              main.o (__udivmodsi4)
/usr/local/CrossPack-AVR-20100115/lib/gcc/avr/4.3.3/avrxmega6/libgcc.a(_exit.o)
                              /usr/local/CrossPack-AVR-20100115/lib/gcc/avr/4.3.3/../../../../avr/lib/avrxmega6/crtx256a3.o (exit)
/usr/local/CrossPack-AVR-20100115/lib/gcc/avr/4.3.3/avrxmega6/libgcc.a(_clear_bss.o)
                              main.o (__do_clear_bss)
/usr/local/CrossPack-AVR-20100115/lib/gcc/avr/4.3.3/../../../../avr/lib/avrxmega6/libc.a(atoi.o)
                              main.o (atoi)
/usr/local/CrossPack-AVR-20100115/lib/gcc/avr/4.3.3/../../../../avr/lib/avrxmega6/libc.a(atol.o)
                              main.o (atol)
/usr/local/CrossPack-AVR-20100115/lib/gcc/avr/4.3.3/../../../../avr/lib/avrxmega6/libc.a(strtok.o)
                              main.o (strtok)
/usr/local/CrossPack-AVR-20100115/lib/gcc/avr/4.3.3/../../../../avr/lib/avrxmega6/libc.a(memmove.o)
                              main.o (memmove)
/usr/local/CrossPack-AVR-20100115/lib/gcc/avr/4.3.3/../../../../avr/lib/avrxmega6/libc.a(strcasecmp.o)
                              main.o (strcasecmp)
/usr/local/CrossPack-AVR-20100115/lib/gcc/avr/4.3.3/../../../../avr/lib/avrxmega6/libc.a(strcasestr.o)
                              main.o (strcasestr)
/usr/local/CrossPack-AVR-20100115/lib/gcc/avr/4.3.3/../../../../avr/lib/avrxmega6/libc.a(strcat.o)
                              main.o (strcat)
/usr/local/CrossPack-AVR-20100115/lib/gcc/avr/4.3.3/../../../../avr/lib/avrxmega6/libc.a(strcmp.o)
                              main.o (strcmp)
/usr/local/CrossPack-AVR-20100115/lib/gcc/avr/4.3.3/../../../../avr/lib/avrxmega6/libc.a(strcpy.o)
                              main.o (strcpy)
/usr/local/CrossPack-AVR-20100115/lib/gcc/avr/4.3.3/../../../../avr/lib/avrxmega6/libc.a(strstr.o)
                              main.o (strstr)
/usr/local/CrossPack-AVR-20100115/lib/gcc/avr/4.3.3/../../../../avr/lib/avrxmega6/libc.a(strtok_r.o)
                              /usr/local/CrossPack-AVR-20100115/lib/gcc/avr/4.3.3/../../../../avr/lib/avrxmega6/libc.a(strtok.o) (strtok_r)
/usr/local/CrossPack-AVR-20100115/lib/gcc/avr/4.3.3/../../../../avr/lib/avrxmega6/libc.a(strupr.o)
                              main.o (strupr)
/usr/local/CrossPack-AVR-20100115/lib/gcc/avr/4.3.3/../../../../avr/lib/avrxmega6/libc.a(ltoa.o)
                              main.o (ltoa)
/usr/local/CrossPack-AVR-20100115/lib/gcc/avr/4.3.3/../../../../avr/lib/avrxmega6/libc.a(mulsi10.o)
                              /usr/local/CrossPack-AVR-20100115/lib/gcc/avr/4.3.3/../../../../avr/lib/avrxmega6/libc.a(atol.o) (__mulsi_const_10)
/usr/local/CrossPack-AVR-20100115/lib/gcc/avr/4.3.3/../../../../avr/lib/avrxmega6/libc.a(mul10.o)
                              /usr/local/CrossPack-AVR-20100115/lib/gcc/avr/4.3.3/../../../../avr/lib/avrxmega6/libc.a(atoi.o) (__mulhi_const_10)
/usr/local/CrossPack-AVR-20100115/lib/gcc/avr/4.3.3/../../../../avr/lib/avrxmega6/libc.a(sprintf.o)
                              main.o (sprintf)
/usr/local/CrossPack-AVR-20100115/lib/gcc/avr/4.3.3/../../../../avr/lib/avrxmega6/libc.a(vfprintf_std.o)
                              /usr/local/CrossPack-AVR-20100115/lib/gcc/avr/4.3.3/../../../../avr/lib/avrxmega6/libc.a(sprintf.o) (vfprintf)
/usr/local/CrossPack-AVR-20100115/lib/gcc/avr/4.3.3/../../../../avr/lib/avrxmega6/libc.a(strnlen_P.o)
                              /usr/local/CrossPack-AVR-20100115/lib/gcc/avr/4.3.3/../../../../avr/lib/avrxmega6/libc.a(vfprintf_std.o) (strnlen_P)
/usr/local/CrossPack-AVR-20100115/lib/gcc/avr/4.3.3/../../../../avr/lib/avrxmega6/libc.a(memcpy.o)
                              /usr/local/CrossPack-AVR-20100115/lib/gcc/avr/4.3.3/../../../../avr/lib/avrxmega6/libc.a(memmove.o) (memcpy)
/usr/local/CrossPack-AVR-20100115/lib/gcc/avr/4.3.3/../../../../avr/lib/avrxmega6/libc.a(strnlen.o)
                              /usr/local/CrossPack-AVR-20100115/lib/gcc/avr/4.3.3/../../../../avr/lib/avrxmega6/libc.a(vfprintf_std.o) (strnlen)
/usr/local/CrossPack-AVR-20100115/lib/gcc/avr/4.3.3/../../../../avr/lib/avrxmega6/libc.a(strrev.o)
                              /usr/local/CrossPack-AVR-20100115/lib/gcc/avr/4.3.3/../../../../avr/lib/avrxmega6/libc.a(ltoa.o) (strrev)
[...]
Memory Configuration

Name             Origin             Length             Attributes
text             0x00000000         0x00100000         xr
data             0x00802000         0x0000ffa0         rw !x
eeprom           0x00810000         0x00010000         rw !x
fuse             0x00820000         0x00000400         rw !x
lock             0x00830000         0x00000400         rw !x
signature        0x00840000         0x00000400         rw !x
*default*        0x00000000         0xffffffff

Linker script and memory map

LOAD /usr/local/CrossPack-AVR-20100115/lib/gcc/avr/4.3.3/../../../../avr/lib/avrxmega6/crtx256a3.o
LOAD main.o
LOAD /usr/local/CrossPack-AVR-20100115/lib/gcc/avr/4.3.3/../../../../avr/lib/avrxmega6/libm.a
LOAD /usr/local/CrossPack-AVR-20100115/lib/gcc/avr/4.3.3/avrxmega6/libgcc.a
LOAD /usr/local/CrossPack-AVR-20100115/lib/gcc/avr/4.3.3/../../../../avr/lib/avrxmega6/libc.a
LOAD /usr/local/CrossPack-AVR-20100115/lib/gcc/avr/4.3.3/avrxmega6/libgcc.a

.hash
 *(.hash)

.dynsym
 *(.dynsym)

.dynstr
 *(.dynstr)

.gnu.version
 *(.gnu.version)

.gnu.version_d
 *(.gnu.version_d)

.gnu.version_r
 *(.gnu.version_r)

.rel.init
 *(.rel.init)

.rela.init
 *(.rela.init)

.rel.text
 *(.rel.text)
 *(.rel.text.*)
 *(.rel.gnu.linkonce.t*)

.rela.text
 *(.rela.text)
 *(.rela.text.*)
 *(.rela.gnu.linkonce.t*)

.rel.fini
 *(.rel.fini)

.rela.fini
 *(.rela.fini)

.rel.rodata
 *(.rel.rodata)
 *(.rel.rodata.*)
 *(.rel.gnu.linkonce.r*)

.rela.rodata
 *(.rela.rodata)
 *(.rela.rodata.*)
 *(.rela.gnu.linkonce.r*)

.rel.data
 *(.rel.data)
 *(.rel.data.*)
 *(.rel.gnu.linkonce.d*)

.rela.data
 *(.rela.data)
 *(.rela.data.*)
 *(.rela.gnu.linkonce.d*)

.rel.ctors
 *(.rel.ctors)

.rela.ctors
 *(.rela.ctors)

.rel.dtors
 *(.rel.dtors)

.rela.dtors
 *(.rela.dtors)

.rel.got
 *(.rel.got)

.rela.got
 *(.rela.got)

.rel.bss
 *(.rel.bss)

.rela.bss
 *(.rela.bss)

.rel.plt
 *(.rel.plt)

.rela.plt
 *(.rela.plt)

.text           0x00000000     0xc112
 *(.vectors)
 .vectors       0x00000000      0x1e8 /usr/local/CrossPack-AVR-20100115/lib/gcc/avr/4.3.3/../../../../avr/lib/avrxmega6/crtx256a3.o
                0x00000000                __vectors
                0x00000000                __vector_default
 *(.vectors)
 *(.progmem.gcc*)
 *(.progmem*)
                0x000001e8                . = ALIGN (0x2)
                0x000001e8                __trampolines_start = .
 *(.trampolines)
 .trampolines   0x000001e8        0x0 linker stubs
 *(.trampolines*)
                0x000001e8                __trampolines_end = .
 *(.jumptables)
 *(.jumptables*)
 *(.lowtext)
 *(.lowtext*)
                0x000001e8                __ctors_start = .
 *(.ctors)
                0x000001e8                __ctors_end = .
                0x000001e8                __dtors_start = .
 *(.dtors)
                0x000001e8                __dtors_end = .
 SORT(*)(.ctors)
 SORT(*)(.dtors)
 *(.init0)
 .init0         0x000001e8        0x0 /usr/local/CrossPack-AVR-20100115/lib/gcc/avr/4.3.3/../../../../avr/lib/avrxmega6/crtx256a3.o
                0x000001e8                __init
 *(.init0)
 *(.init1)
 *(.init1)
 *(.init2)
 .init2         0x000001e8       0x10 /usr/local/CrossPack-AVR-20100115/lib/gcc/avr/4.3.3/../../../../avr/lib/avrxmega6/crtx256a3.o
 *(.init2)
 *(.init3)
 *(.init3)
 *(.init4)
 .init4         0x000001f8       0x1a /usr/local/CrossPack-AVR-20100115/lib/gcc/avr/4.3.3/../../../../avr/lib/avrxmega6/crtx256a3.o
                0x000001f8                __do_copy_data
 .init4         0x00000212       0x10 /usr/local/CrossPack-AVR-20100115/lib/gcc/avr/4.3.3/avrxmega6/libgcc.a(_clear_bss.o)
                0x00000212                __do_clear_bss
 *(.init4)
 *(.init5)
 *(.init5)
 *(.init6)
 *(.init6)
 *(.init7)
 *(.init7)
 *(.init8)
 *(.init8)
 *(.init9)
 .init9         0x00000222        0x8 /usr/local/CrossPack-AVR-20100115/lib/gcc/avr/4.3.3/../../../../avr/lib/avrxmega6/crtx256a3.o
 *(.init9)
 *(.text)
 .text          0x0000022a        0x4 /usr/local/CrossPack-AVR-20100115/lib/gcc/avr/4.3.3/../../../../avr/lib/avrxmega6/crtx256a3.o
                0x0000022a                __vector_38
                0x0000022a                __vector_104
                0x0000022a                __vector_22
                0x0000022a                __vector_63
                0x0000022a                __vector_28
                0x0000022a                __vector_67
                0x0000022a                __vector_1
                0x0000022a                __vector_119
                0x0000022a                __vector_32
                0x0000022a                __vector_75
                0x0000022a                __vector_71
                0x0000022a                __vector_91
                0x0000022a                __vector_34
                0x0000022a                __vector_62
                0x0000022a                __vector_102
                0x0000022a                __vector_24
                0x0000022a                __vector_12
                0x0000022a                __vector_55
                0x0000022a                __vector_69
                0x0000022a                __vector_81
                0x0000022a                __vector_90
                0x0000022a                __vector_46
                0x0000022a                __bad_interrupt
                0x0000022a                __vector_72
                0x0000022a                __vector_114
                0x0000022a                __vector_6
                0x0000022a                __vector_110
                0x0000022a                __vector_31
                0x0000022a                __vector_92
                0x0000022a                __vector_35
                0x0000022a                __vector_78
                0x0000022a                __vector_74
                0x0000022a                __vector_117
                0x0000022a                __vector_39
                0x0000022a                __vector_107
                0x0000022a                __vector_3
                0x0000022a                __vector_105
                0x0000022a                __vector_98
                0x0000022a                __vector_23
                0x0000022a                __vector_68
                0x0000022a                __vector_30
                0x0000022a                __vector_73
                0x0000022a                __vector_45
                0x0000022a                __vector_93
                0x0000022a                __vector_61
                0x0000022a                __vector_11
                0x0000022a                __vector_54
                0x0000022a                __vector_99
                0x0000022a                __vector_13
                0x0000022a                __vector_17
                0x0000022a                __vector_19
                0x0000022a                __vector_56
                0x0000022a                __vector_7
                0x0000022a                __vector_49
                0x0000022a                __vector_41
                0x0000022a                __vector_86
                0x0000022a                __vector_100
                0x0000022a                __vector_101
                0x0000022a                __vector_64
                0x0000022a                __vector_109
                0x0000022a                __vector_43
                0x0000022a                __vector_27
                0x0000022a                __vector_5
                0x0000022a                __vector_113
                0x0000022a                __vector_33
                0x0000022a                __vector_76
                0x0000022a                __vector_115
                0x0000022a                __vector_52
                0x0000022a                __vector_37
                0x0000022a                __vector_95
                0x0000022a                __vector_103
                0x0000022a                __vector_96
                0x0000022a                __vector_89
                0x0000022a                __vector_4
                0x0000022a                __vector_44
                0x0000022a                __vector_82
                0x0000022a                __vector_106
                0x0000022a                __vector_118
                0x0000022a                __vector_51
                0x0000022a                __vector_9
                0x0000022a                __vector_2
                0x0000022a                __vector_21
                0x0000022a                __vector_15
                0x0000022a                __vector_66
                0x0000022a                __vector_36
                0x0000022a                __vector_79
                0x0000022a                __vector_58
                0x0000022a                __vector_70
                0x0000022a                __vector_29
                0x0000022a                __vector_60
                0x0000022a                __vector_121
                0x0000022a                __vector_40
                0x0000022a                __vector_85
                0x0000022a                __vector_94
                0x0000022a                __vector_8
                0x0000022a                __vector_26
                0x0000022a                __vector_48
                0x0000022a                __vector_116
                0x0000022a                __vector_112
                0x0000022a                __vector_111
                0x0000022a                __vector_80
                0x0000022a                __vector_14
                0x0000022a                __vector_84
                0x0000022a                __vector_57
                0x0000022a                __vector_10
                0x0000022a                __vector_50
                0x0000022a                __vector_16
                0x0000022a                __vector_59
                0x0000022a                __vector_18
                0x0000022a                __vector_97
                0x0000022a                __vector_20
                0x0000022a                __vector_42
                0x0000022a                __vector_87
                0x0000022a                __vector_65
                0x0000022a                __vector_120
 .text          0x0000022e     0xb59a main.o
                0x00006290                Sensors_ResetTemperatureBuffers
                0x000055a4                f_gets
                0x0000769c                Uploader_ClearBuffer
                0x000014fe                get_fat
                0x0000a29e                Config_Wifi
                0x000002a6                Debug_CharReadyToRead
                0x00000738                Leds_Toggle
                0x00009f28                f_printf
                0x0000721a                RTC_getTime
                0x000074a2                Display_BackgroundWriter_Init
                0x00007f04                Uploader_SendByte
                0x00007a1c                SD_WriteMicrophoneBuffer
                0x000056ec                SD2_Inserted
                0x000076bc                Uploader_GetByte
                0x0000742a                Disable_JTAG
                0x000062e4                Sensors_ResetLightBuffers
                0x00008342                __vector_77
                0x000007ee                Rs232_ClearBuffer
                0x000062a4                Sensors_ResetPressureBuffers
                0x00007bc4                SD_WriteHumidityBuffer
                0x0000745a                DMA_Init
                0x000065c4                Light_returnColor
                0x0000063c                Wifi_GetByte
                0x000006d8                Dpad_CheckButton
                0x0000772a                Uploader_Connected
                0x00000b8c                disk_initialize
                0x00005ef8                swap
                0x000048b8                f_rename
                0x00005988                display_setCursor
                0x00006cb6                RTC_UTCSecsToTime
                0x00000d58                disk_status
                0x00004254                f_truncate
                0x0000585c                SD_Timer_Init
                0x00007494                Interrupt_Init
                0x0000583e                SD_WriteCRC
                0x0000706e                RTC_sendBytes
                0x0000070c                Leds_Set
                0x00000f16                disk_ioctl
                0x0000592e                CCPWrite
                0x000073d0                Clock_Init
                0x0000661c                Light_setGain
                0x0000044c                Debug_Connected
                0x000006b6                Dpad_Init
                0x000071e0                RTC_receiveBytes
                0x00000800                Rs232_SendByte
                0x00007f28                Wifi_SendString
                0x000059d8                display_writeBufferToScreen
                0x00005fa0                display_drawRectangle
                0x0000032c                __vector_25
                0x0000436e                f_unlink
                0x0000022e                Debug_Init
                0x00005cac                display_putString
                0x00007f98                Wifi_EnterCMDMode
                0x00007688                SP_ReadCalibrationByte
                0x00005640                f_putc
                0x000056fa                SD_WriteBuffer
                0x00008304                Wifi_ExitCMDMode
                0x0000756e                Rs232_To_Debug
                0x000090e4                SD_Open
                0x0000568c                f_puts
                0x00000396                Debug_GetTime
                0x0000056c                Wifi_Init
                0x00005f06                display_drawLine
                0x000074de                SD_WriteRTCBlock
                0x00005958                display_sendCommand
                0x00005a92                display_clearBuffer
                0x000060fe                Time_Set
                0x00007d8c                Rs232_SendString
                0x000061ec                Sensors_ReadTemperature
                0x0000621c                Sensors_ReadHumidity
                0x000057c8                SD_Write32
                0x000065d6                Light_writeByte
                0x000056d4                SD_Close
                0x000062b8                Sensors_ResetHumidityBuffers
                0x000012bc                disk_timerproc
                0x000039ba                f_close
                0x00000810                __vector_88
                0x00003056                f_read
                0x00000682                Wifi_Connected
                0x00003ef4                f_readdir
                0x0000587a                SD_Init
                0x0000077c                Rs232_CharReadyToRead
                0x00000318                Debug_SendByte
                0x000060dc                Time_Init
                0x000074c0                SD_BackroundWriter_Init
                0x00004794                f_chmod
                0x000057fc                SD_Write16
                0x00007744                SD_WriteString
                0x00007f7e                Uploader_SendString
                0x000056de                SD_Inserted
                0x00006656                Light_Init
                0x0000074e                Rs232_Init
                0x00007de0                Debug_SendString
                0x000071d2                RTC_setUTCSecs
                0x000058ac                __vector_47
                0x00005970                display_sendData
                0x000012e4                get_fattime
                0x00006260                Sensors_ReadPressure
                0x000073c2                RTC_getUTCSecs
                0x000078da                SD_WriteLightBuffer
                0x00005824                SD_ClearCRC
                0x0000a826                main
                0x000038ca                f_sync
                0x00007e94                Wifi_SendByte
                0x000062f8                __vector_108
                0x00006ebc                RTC_TimeToUTCSecs
                0x00002714                chk_mounted
                0x00008316                SD_MakeFileName
                0x000075a2                getDeviceID
                0x00004b06                f_mkfs
                0x00002d34                f_mount
                0x000064f6                Light_readColors
                0x0000624c                Sensors_ReadMicrophone
                0x00003e2e                f_opendir
                0x00006ca0                RTC_init
                0x000006ce                Dpad_Read
                0x000076fc                Uploader_CharReadyToRead
                0x0000079a                Rs232_GetByte
                0x00000294                Debug_ClearBuffer
                0x000016d2                put_fat
                0x000039d2                f_lseek
                0x000002c4                Debug_GetByte
                0x00005a60                display_clearPage
                0x00009142                Read_config_file
                0x0000902a                Wifi_GetTime
                0x0000a1da                Wifi_GetSignalStrength
                0x000062cc                Sensors_ResetMicrophoneBuffers
                0x00005812                SD_Write8
                0x00000700                Leds_Init
                0x000064a6                Light_readByte
                0x00003f8a                f_stat
                0x00007ae2                SD_WritePressureBuffer
                0x00005ad0                display_init
                0x00006678                __vector_83
                0x0000805e                Wifi_SendCommand
                0x00001b86                clust2sect
                0x00000516                Wifi_ClearBuffer
                0x0000481e                f_utime
                0x00003442                f_write
                0x00005e78                display_drawPixel
                0x000070a2                RTC_setTime
                0x00002d76                f_open
                0x00000e26                disk_write
                0x00008f36                Debug_TriggerUpload
                0x00006114                Time_Get32BitTimer
                0x000044a2                f_mkdir
                0x0000827a                Wifi_GetMac
                0x00000d66                disk_read
                0x0000968c                __vector_53
                0x000004bc                Wifi_CharReadyToRead
                0x00006164                Sensors_Init
                0x00004008                f_getfree
                0x00000722                Leds_Clear
                0x00007e40                Debug_To_Wifi
                0x000077fa                SD_WriteAirSample
                0x00007ca6                SD_WriteTemperatureBuffer
                0x0000952e                SD_StartLogFile
 .text          0x0000b7c8        0x0 /usr/local/CrossPack-AVR-20100115/lib/gcc/avr/4.3.3/avrxmega6/libgcc.a(_mulsi3.o)
 .text          0x0000b7c8        0x0 /usr/local/CrossPack-AVR-20100115/lib/gcc/avr/4.3.3/avrxmega6/libgcc.a(_udivmodqi4.o)
 .text          0x0000b7c8        0x0 /usr/local/CrossPack-AVR-20100115/lib/gcc/avr/4.3.3/avrxmega6/libgcc.a(_udivmodhi4.o)
 .text          0x0000b7c8        0x0 /usr/local/CrossPack-AVR-20100115/lib/gcc/avr/4.3.3/avrxmega6/libgcc.a(_divmodhi4.o)
 .text          0x0000b7c8        0x0 /usr/local/CrossPack-AVR-20100115/lib/gcc/avr/4.3.3/avrxmega6/libgcc.a(_udivmodsi4.o)
 .text          0x0000b7c8        0x0 /usr/local/CrossPack-AVR-20100115/lib/gcc/avr/4.3.3/avrxmega6/libgcc.a(_exit.o)
 .text          0x0000b7c8        0x0 /usr/local/CrossPack-AVR-20100115/lib/gcc/avr/4.3.3/avrxmega6/libgcc.a(_clear_bss.o)
 .text          0x0000b7c8        0x0 /usr/local/CrossPack-AVR-20100115/lib/gcc/avr/4.3.3/../../../../avr/lib/avrxmega6/libc.a(atoi.o)
 .text          0x0000b7c8        0x0 /usr/local/CrossPack-AVR-20100115/lib/gcc/avr/4.3.3/../../../../avr/lib/avrxmega6/libc.a(atol.o)
 .text          0x0000b7c8        0x0 /usr/local/CrossPack-AVR-20100115/lib/gcc/avr/4.3.3/../../../../avr/lib/avrxmega6/libc.a(strtok.o)
 .text          0x0000b7c8        0x0 /usr/local/CrossPack-AVR-20100115/lib/gcc/avr/4.3.3/../../../../avr/lib/avrxmega6/libc.a(memmove.o)
 .text          0x0000b7c8        0x0 /usr/local/CrossPack-AVR-20100115/lib/gcc/avr/4.3.3/../../../../avr/lib/avrxmega6/libc.a(strcasecmp.o)
 .text          0x0000b7c8        0x0 /usr/local/CrossPack-AVR-20100115/lib/gcc/avr/4.3.3/../../../../avr/lib/avrxmega6/libc.a(strcasestr.o)
 .text          0x0000b7c8        0x0 /usr/local/CrossPack-AVR-20100115/lib/gcc/avr/4.3.3/../../../../avr/lib/avrxmega6/libc.a(strcat.o)
 .text          0x0000b7c8        0x0 /usr/local/CrossPack-AVR-20100115/lib/gcc/avr/4.3.3/../../../../avr/lib/avrxmega6/libc.a(strcmp.o)
 .text          0x0000b7c8        0x0 /usr/local/CrossPack-AVR-20100115/lib/gcc/avr/4.3.3/../../../../avr/lib/avrxmega6/libc.a(strcpy.o)
 .text          0x0000b7c8        0x0 /usr/local/CrossPack-AVR-20100115/lib/gcc/avr/4.3.3/../../../../avr/lib/avrxmega6/libc.a(strstr.o)
 .text          0x0000b7c8        0x0 /usr/local/CrossPack-AVR-20100115/lib/gcc/avr/4.3.3/../../../../avr/lib/avrxmega6/libc.a(strtok_r.o)
 .text          0x0000b7c8        0x0 /usr/local/CrossPack-AVR-20100115/lib/gcc/avr/4.3.3/../../../../avr/lib/avrxmega6/libc.a(strupr.o)
 .text          0x0000b7c8        0x0 /usr/local/CrossPack-AVR-20100115/lib/gcc/avr/4.3.3/../../../../avr/lib/avrxmega6/libc.a(ltoa.o)
 .text          0x0000b7c8        0x0 /usr/local/CrossPack-AVR-20100115/lib/gcc/avr/4.3.3/../../../../avr/lib/avrxmega6/libc.a(mulsi10.o)
 .text          0x0000b7c8        0x0 /usr/local/CrossPack-AVR-20100115/lib/gcc/avr/4.3.3/../../../../avr/lib/avrxmega6/libc.a(mul10.o)
 .text          0x0000b7c8        0x0 /usr/local/CrossPack-AVR-20100115/lib/gcc/avr/4.3.3/../../../../avr/lib/avrxmega6/libc.a(sprintf.o)
 .text          0x0000b7c8        0x0 /usr/local/CrossPack-AVR-20100115/lib/gcc/avr/4.3.3/../../../../avr/lib/avrxmega6/libc.a(vfprintf_std.o)
 .text          0x0000b7c8        0x0 /usr/local/CrossPack-AVR-20100115/lib/gcc/avr/4.3.3/../../../../avr/lib/avrxmega6/libc.a(strnlen_P.o)
 .text          0x0000b7c8        0x0 /usr/local/CrossPack-AVR-20100115/lib/gcc/avr/4.3.3/../../../../avr/lib/avrxmega6/libc.a(memcpy.o)
 .text          0x0000b7c8        0x0 /usr/local/CrossPack-AVR-20100115/lib/gcc/avr/4.3.3/../../../../avr/lib/avrxmega6/libc.a(strnlen.o)
 .text          0x0000b7c8        0x0 /usr/local/CrossPack-AVR-20100115/lib/gcc/avr/4.3.3/../../../../avr/lib/avrxmega6/libc.a(strrev.o)
 .text          0x0000b7c8        0x0 /usr/local/CrossPack-AVR-20100115/lib/gcc/avr/4.3.3/../../../../avr/lib/avrxmega6/libc.a(fputc.o)
 .text          0x0000b7c8        0x0 /usr/local/CrossPack-AVR-20100115/lib/gcc/avr/4.3.3/../../../../avr/lib/avrxmega6/libc.a(ultoa_invert.o)
                0x0000b7c8                . = ALIGN (0x2)
 *(.text.*)
 .text.libgcc   0x0000b7c8       0x3e /usr/local/CrossPack-AVR-20100115/lib/gcc/avr/4.3.3/avrxmega6/libgcc.a(_mulsi3.o)
                0x0000b7c8                __mulsi3
 .text.libgcc   0x0000b806       0x18 /usr/local/CrossPack-AVR-20100115/lib/gcc/avr/4.3.3/avrxmega6/libgcc.a(_udivmodqi4.o)
                0x0000b806                __udivmodqi4
 .text.libgcc   0x0000b81e       0x28 /usr/local/CrossPack-AVR-20100115/lib/gcc/avr/4.3.3/avrxmega6/libgcc.a(_udivmodhi4.o)
                0x0000b81e                __udivmodhi4
 .text.libgcc   0x0000b846       0x26 /usr/local/CrossPack-AVR-20100115/lib/gcc/avr/4.3.3/avrxmega6/libgcc.a(_divmodhi4.o)
                0x0000b846                __divmodhi4
                0x0000b846                _div
 .text.libgcc   0x0000b86c       0x44 /usr/local/CrossPack-AVR-20100115/lib/gcc/avr/4.3.3/avrxmega6/libgcc.a(_udivmodsi4.o)
                0x0000b86c                __udivmodsi4
 .text.libgcc   0x0000b8b0        0x0 /usr/local/CrossPack-AVR-20100115/lib/gcc/avr/4.3.3/avrxmega6/libgcc.a(_exit.o)
 .text.libgcc   0x0000b8b0        0x0 /usr/local/CrossPack-AVR-20100115/lib/gcc/avr/4.3.3/avrxmega6/libgcc.a(_clear_bss.o)
 .text.avr-libc
                0x0000b8b0       0x3c /usr/local/CrossPack-AVR-20100115/lib/gcc/avr/4.3.3/../../../../avr/lib/avrxmega6/libc.a(atoi.o)
                0x0000b8b0                atoi
 .text.avr-libc
                0x0000b8ec       0x4e /usr/local/CrossPack-AVR-20100115/lib/gcc/avr/4.3.3/../../../../avr/lib/avrxmega6/libc.a(atol.o)
                0x0000b8ec                atol
 .text.avr-libc
                0x0000b93a        0xa /usr/local/CrossPack-AVR-20100115/lib/gcc/avr/4.3.3/../../../../avr/lib/avrxmega6/libc.a(strtok.o)
                0x0000b93a                strtok
 .text.avr-libc
                0x0000b944       0x24 /usr/local/CrossPack-AVR-20100115/lib/gcc/avr/4.3.3/../../../../avr/lib/avrxmega6/libc.a(memmove.o)
                0x0000b944                memmove
 .text.avr-libc
                0x0000b968       0x26 /usr/local/CrossPack-AVR-20100115/lib/gcc/avr/4.3.3/../../../../avr/lib/avrxmega6/libc.a(strcasecmp.o)
                0x0000b968                strcasecmp
 .text.avr-libc
                0x0000b98e       0x4a /usr/local/CrossPack-AVR-20100115/lib/gcc/avr/4.3.3/../../../../avr/lib/avrxmega6/libc.a(strcasestr.o)
                0x0000b98e                strcasestr
 .text.avr-libc
                0x0000b9d8       0x16 /usr/local/CrossPack-AVR-20100115/lib/gcc/avr/4.3.3/../../../../avr/lib/avrxmega6/libc.a(strcat.o)
                0x0000b9d8                strcat
 .text.avr-libc
                0x0000b9ee       0x12 /usr/local/CrossPack-AVR-20100115/lib/gcc/avr/4.3.3/../../../../avr/lib/avrxmega6/libc.a(strcmp.o)
                0x0000b9ee                strcmp
 .text.avr-libc
                0x0000ba00        0xe /usr/local/CrossPack-AVR-20100115/lib/gcc/avr/4.3.3/../../../../avr/lib/avrxmega6/libc.a(strcpy.o)
                0x0000ba00                strcpy
 .text.avr-libc
                0x0000ba0e       0x34 /usr/local/CrossPack-AVR-20100115/lib/gcc/avr/4.3.3/../../../../avr/lib/avrxmega6/libc.a(strstr.o)
                0x0000ba0e                strstr
 .text.avr-libc
                0x0000ba42       0x4e /usr/local/CrossPack-AVR-20100115/lib/gcc/avr/4.3.3/../../../../avr/lib/avrxmega6/libc.a(strtok_r.o)
                0x0000ba42                strtok_r
 .text.avr-libc
                0x0000ba90       0x14 /usr/local/CrossPack-AVR-20100115/lib/gcc/avr/4.3.3/../../../../avr/lib/avrxmega6/libc.a(strupr.o)
                0x0000ba90                strupr
 .text.avr-libc
                0x0000baa4       0x68 /usr/local/CrossPack-AVR-20100115/lib/gcc/avr/4.3.3/../../../../avr/lib/avrxmega6/libc.a(ltoa.o)
                0x0000baa4                ltoa
 .text.avr-libc
                0x0000bb0c       0x2a /usr/local/CrossPack-AVR-20100115/lib/gcc/avr/4.3.3/../../../../avr/lib/avrxmega6/libc.a(mulsi10.o)
                0x0000bb0c                __mulsi_const_10
 .text.avr-libc
                0x0000bb36       0x10 /usr/local/CrossPack-AVR-20100115/lib/gcc/avr/4.3.3/../../../../avr/lib/avrxmega6/libc.a(mul10.o)
                0x0000bb36                __mulhi_const_10
 .text.avr-libc
                0x0000bb46       0x56 /usr/local/CrossPack-AVR-20100115/lib/gcc/avr/4.3.3/../../../../avr/lib/avrxmega6/libc.a(sprintf.o)
                0x0000bb46                sprintf
 .text.avr-libc
                0x0000bb9c      0x400 /usr/local/CrossPack-AVR-20100115/lib/gcc/avr/4.3.3/../../../../avr/lib/avrxmega6/libc.a(vfprintf_std.o)
                0x0000bb9c                vfprintf
 .text.avr-libc
                0x0000bf9c       0x16 /usr/local/CrossPack-AVR-20100115/lib/gcc/avr/4.3.3/../../../../avr/lib/avrxmega6/libc.a(strnlen_P.o)
                0x0000bf9c                strnlen_P
 .text.avr-libc
                0x0000bfb2       0x12 /usr/local/CrossPack-AVR-20100115/lib/gcc/avr/4.3.3/../../../../avr/lib/avrxmega6/libc.a(memcpy.o)
                0x0000bfb2                memcpy
 .text.avr-libc
                0x0000bfc4       0x16 /usr/local/CrossPack-AVR-20100115/lib/gcc/avr/4.3.3/../../../../avr/lib/avrxmega6/libc.a(strnlen.o)
                0x0000bfc4                strnlen
 .text.avr-libc
                0x0000bfda       0x20 /usr/local/CrossPack-AVR-20100115/lib/gcc/avr/4.3.3/../../../../avr/lib/avrxmega6/libc.a(strrev.o)
                0x0000bfda                strrev
 .text.avr-libc
                0x0000bffa       0x58 /usr/local/CrossPack-AVR-20100115/lib/gcc/avr/4.3.3/../../../../avr/lib/avrxmega6/libc.a(fputc.o)
                0x0000bffa                fputc
 .text.avr-libc
                0x0000c052       0xbc /usr/local/CrossPack-AVR-20100115/lib/gcc/avr/4.3.3/../../../../avr/lib/avrxmega6/libc.a(ultoa_invert.o)
                0x0000c052                __ultoa_invert
                0x0000c10e                . = ALIGN (0x2)
 *(.fini9)
 .fini9         0x0000c10e        0x0 /usr/local/CrossPack-AVR-20100115/lib/gcc/avr/4.3.3/avrxmega6/libgcc.a(_exit.o)
                0x0000c10e                exit
                0x0000c10e                _exit
 *(.fini9)
 *(.fini8)
 *(.fini8)
 *(.fini7)
 *(.fini7)
 *(.fini6)
 *(.fini6)
 *(.fini5)
 *(.fini5)
 *(.fini4)
 *(.fini4)
 *(.fini3)
 *(.fini3)
 *(.fini2)
 *(.fini2)
 *(.fini1)
 *(.fini1)
 *(.fini0)
 .fini0         0x0000c10e        0x4 /usr/local/CrossPack-AVR-20100115/lib/gcc/avr/4.3.3/avrxmega6/libgcc.a(_exit.o)
 *(.fini0)
                0x0000c112                _etext = .

.data           0x00802000     0x133c load address 0x0000c112
                0x00802000                PROVIDE (__data_start, .)
 *(.data)
 .data          0x00802000        0x0 /usr/local/CrossPack-AVR-20100115/lib/gcc/avr/4.3.3/../../../../avr/lib/avrxmega6/crtx256a3.o
 .data          0x00802000     0x133c main.o
                0x00802bb2                Drives
                0x0080308d                ssid
                0x00802ff6                wantToRecordMicrophone
                0x00802ff4                wantToRecordLight
                0x00802ff0                lightBufferToWriteTo
                0x00802ff3                wantToRecordHumidity
                0x00802fed                pressureBufferToWriteTo
                0x00802ff7                auth
                0x008030f1                zone
                0x00802fb6                integrationTime
                0x00802fec                temperatureBufferToWriteTo
                0x00802bb6                crc_table
                0x008030bf                serverOpenCommand
                0x00803105                uploadFileOpened
                0x00802fbf                gainSetting
                0x00803106                demoModeFirstFile
                0x00802fee                humidityBufferToWriteTo
                0x00803029                phrase
                0x0080305b                key
                0x00802fc8                resultMultiplier
                0x00802fef                microphoneBufferToWriteTo
                0x008030fb                am
                0x00802ff1                wantToRecordTemperature
                0x00802ff2                wantToRecordPressure
                0x00803100                pm
                0x00802ff5                wantToRecordAirQuality
 .data          0x0080333c        0x0 /usr/local/CrossPack-AVR-20100115/lib/gcc/avr/4.3.3/avrxmega6/libgcc.a(_mulsi3.o)
 .data          0x0080333c        0x0 /usr/local/CrossPack-AVR-20100115/lib/gcc/avr/4.3.3/avrxmega6/libgcc.a(_udivmodqi4.o)
 .data          0x0080333c        0x0 /usr/local/CrossPack-AVR-20100115/lib/gcc/avr/4.3.3/avrxmega6/libgcc.a(_udivmodhi4.o)
 .data          0x0080333c        0x0 /usr/local/CrossPack-AVR-20100115/lib/gcc/avr/4.3.3/avrxmega6/libgcc.a(_divmodhi4.o)
 .data          0x0080333c        0x0 /usr/local/CrossPack-AVR-20100115/lib/gcc/avr/4.3.3/avrxmega6/libgcc.a(_udivmodsi4.o)
 .data          0x0080333c        0x0 /usr/local/CrossPack-AVR-20100115/lib/gcc/avr/4.3.3/avrxmega6/libgcc.a(_exit.o)
 .data          0x0080333c        0x0 /usr/local/CrossPack-AVR-20100115/lib/gcc/avr/4.3.3/avrxmega6/libgcc.a(_clear_bss.o)
 .data          0x0080333c        0x0 /usr/local/CrossPack-AVR-20100115/lib/gcc/avr/4.3.3/../../../../avr/lib/avrxmega6/libc.a(atoi.o)
 .data          0x0080333c        0x0 /usr/local/CrossPack-AVR-20100115/lib/gcc/avr/4.3.3/../../../../avr/lib/avrxmega6/libc.a(atol.o)
 .data          0x0080333c        0x0 /usr/local/CrossPack-AVR-20100115/lib/gcc/avr/4.3.3/../../../../avr/lib/avrxmega6/libc.a(strtok.o)
 .data          0x0080333c        0x0 /usr/local/CrossPack-AVR-20100115/lib/gcc/avr/4.3.3/../../../../avr/lib/avrxmega6/libc.a(memmove.o)
 .data          0x0080333c        0x0 /usr/local/CrossPack-AVR-20100115/lib/gcc/avr/4.3.3/../../../../avr/lib/avrxmega6/libc.a(strcasecmp.o)
 .data          0x0080333c        0x0 /usr/local/CrossPack-AVR-20100115/lib/gcc/avr/4.3.3/../../../../avr/lib/avrxmega6/libc.a(strcasestr.o)
 .data          0x0080333c        0x0 /usr/local/CrossPack-AVR-20100115/lib/gcc/avr/4.3.3/../../../../avr/lib/avrxmega6/libc.a(strcat.o)
 .data          0x0080333c        0x0 /usr/local/CrossPack-AVR-20100115/lib/gcc/avr/4.3.3/../../../../avr/lib/avrxmega6/libc.a(strcmp.o)
 .data          0x0080333c        0x0 /usr/local/CrossPack-AVR-20100115/lib/gcc/avr/4.3.3/../../../../avr/lib/avrxmega6/libc.a(strcpy.o)
 .data          0x0080333c        0x0 /usr/local/CrossPack-AVR-20100115/lib/gcc/avr/4.3.3/../../../../avr/lib/avrxmega6/libc.a(strstr.o)
 .data          0x0080333c        0x0 /usr/local/CrossPack-AVR-20100115/lib/gcc/avr/4.3.3/../../../../avr/lib/avrxmega6/libc.a(strtok_r.o)
 .data          0x0080333c        0x0 /usr/local/CrossPack-AVR-20100115/lib/gcc/avr/4.3.3/../../../../avr/lib/avrxmega6/libc.a(strupr.o)
 .data          0x0080333c        0x0 /usr/local/CrossPack-AVR-20100115/lib/gcc/avr/4.3.3/../../../../avr/lib/avrxmega6/libc.a(ltoa.o)
 .data          0x0080333c        0x0 /usr/local/CrossPack-AVR-20100115/lib/gcc/avr/4.3.3/../../../../avr/lib/avrxmega6/libc.a(mulsi10.o)
 .data          0x0080333c        0x0 /usr/local/CrossPack-AVR-20100115/lib/gcc/avr/4.3.3/../../../../avr/lib/avrxmega6/libc.a(mul10.o)
 .data          0x0080333c        0x0 /usr/local/CrossPack-AVR-20100115/lib/gcc/avr/4.3.3/../../../../avr/lib/avrxmega6/libc.a(sprintf.o)
 .data          0x0080333c        0x0 /usr/local/CrossPack-AVR-20100115/lib/gcc/avr/4.3.3/../../../../avr/lib/avrxmega6/libc.a(vfprintf_std.o)
 .data          0x0080333c        0x0 /usr/local/CrossPack-AVR-20100115/lib/gcc/avr/4.3.3/../../../../avr/lib/avrxmega6/libc.a(strnlen_P.o)
 .data          0x0080333c        0x0 /usr/local/CrossPack-AVR-20100115/lib/gcc/avr/4.3.3/../../../../avr/lib/avrxmega6/libc.a(memcpy.o)
 .data          0x0080333c        0x0 /usr/local/CrossPack-AVR-20100115/lib/gcc/avr/4.3.3/../../../../avr/lib/avrxmega6/libc.a(strnlen.o)
 .data          0x0080333c        0x0 /usr/local/CrossPack-AVR-20100115/lib/gcc/avr/4.3.3/../../../../avr/lib/avrxmega6/libc.a(strrev.o)
 .data          0x0080333c        0x0 /usr/local/CrossPack-AVR-20100115/lib/gcc/avr/4.3.3/../../../../avr/lib/avrxmega6/libc.a(fputc.o)
 .data          0x0080333c        0x0 /usr/local/CrossPack-AVR-20100115/lib/gcc/avr/4.3.3/../../../../avr/lib/avrxmega6/libc.a(ultoa_invert.o)
 *(.data*)
 *(.rodata)
 *(.rodata*)
 *(.gnu.linkonce.d*)
                0x0080333c                . = ALIGN (0x2)
                0x0080333c                _edata = .
                0x0080333c                PROVIDE (__data_end, .)

.bss            0x0080333c     0x2922
                0x0080333c                PROVIDE (__bss_start, .)
 *(.bss)
 .bss           0x0080333c        0x0 /usr/local/CrossPack-AVR-20100115/lib/gcc/avr/4.3.3/../../../../avr/lib/avrxmega6/crtx256a3.o
 .bss           0x0080333c      0x534 main.o
                0x008033a3                okToSendTemperatureBuffer1
                0x00803360                lightSampleStartTime2
                0x008033b8                quickLight
                0x008033ba                quickMic
                0x008033f5                lengthOfHttpResponse
                0x008033a9                okToSendHumidityBuffer1
                0x0080338e                quickSmall
                0x0080337a                time_secs
                0x008033f1                timeToStopRecording
                0x008033c3                timeZoneShift
                0x008033bf                keyRead
                0x008033da                okToFillUploadFileBuffer
                0x0080335c                lightSampleStartTime1
                0x00803402                totalDiskSpace
                0x00803348                humiditySampleStartTime2
                0x00803344                humiditySampleStartTime1
                0x008033ae                microphoneBufferCounter
                0x008033d0                okToFindFileToUpload
                0x0080333c                temperatureSampleStartTime1
                0x0080339b                okToCharge
                0x008033b7                quickPressure
                0x00803368                timeRecordingStarted
                0x008033ec                leftOverBytesToUpload
                0x0080338b                Rs232_writeLocation
                0x0080339c                UNIX_time
                0x008033e8                numberOfPacketsToUpload
                0x008033a0                gainSelector
                0x00803370                Debug_writeLocation
                0x0080337e                time_nanos
                0x00803383                wifiBufferWasFull
                0x008033d7                uploading
                0x008033b6                quickHumidity
                0x00803406                percentDiskUsed
                0x008033be                phraseRead
                0x008033df                displayPM
                0x008033ab                humidityBufferCounter
                0x00803376                respLen
                0x008033de                displayAM
                0x00803354                microphoneSampleStartTime1
                0x008033d3                uploadFailed
                0x00803350                pressureSampleStartTime2
                0x008033c4                clockHour
                0x008033f8                connectionClosed
                0x008033a4                okToSendTemperatureBuffer2
                0x008033a5                temperatureBufferCounter
                0x008033d9                okToOpenFileToUpload
                0x00803374                Wifi_writeLocation
                0x008033c9                uploadPercentBS
                0x008033fe                spaceRemainingOnDisk
                0x00803398                chargeCounter
                0x008033b3                okToSendRTCBlock
                0x008033bc                tempStringFiller
                0x008033bd                authRead
                0x008033c0                portRead
                0x008033b2                lightBufferCounter
                0x0080339a                chargeComplete
                0x008033cb                rtcSynced
                0x008033cf                okToDisplayGUI
                0x00803382                connected
                0x008033b1                okToSendLightBuffer2
                0x0080336c                demoMode
                0x008033d4                okToCloseUploadFile
                0x008033b5                quickTemperature
                0x008033e4                uploadHeaderSize
                0x008033d1                okToReopenDirectory
                0x00803389                Rs232_readLocation
                0x008033a7                okToSendPressureBuffer2
                0x008033f9                connectionTimeoutTimer
                0x008033c8                signalStrength
                0x0080336e                Debug_readLocation
                0x008033d6                okToUpload
                0x008033d8                doneUploading
                0x00803388                uploadTimedOut
                0x008033bb                micSampleCounter
                0x008033e0                uploadFileSize
                0x00803392                quickLarge
                0x008033db                uploadFileBufferFull
                0x008033d2                directoryOpened
                0x008033fd                okToWriteUploaderLogFile
                0x008033a1                recording
                0x00803384                bufferDelayCounter
                0x00803377                toSendLen
                0x0080334c                pressureSampleStartTime1
                0x008033c5                currentMode
                0x00803396                rs232Recording
                0x008033a2                requestToStopRecording
                0x008033dd                timeIsValid
                0x008033cc                okToOpenLogFile
                0x008033a6                okToSendPressureBuffer1
                0x008033f7                httpResponseReceived
                0x008033ce                okToCloseLogFile
                0x00803386                timeOutCounter
                0x0080336d                useWifiForUploading
                0x008033b0                okToSendLightBuffer1
                0x0080338d                okToSendAirQuality
                0x00803364                airSampleTime
                0x008033b4                rtcBlockCounter
                0x008033c6                ssRefreshCounter
                0x008033c1                ssidRead
                0x00803372                Wifi_readLocation
                0x008033aa                okToSendHumidityBuffer2
                0x008033f0                recordFileRestartCounter
                0x00803378                okLen
                0x008033ca                uploadPercentEXT
                0x0080340a                timeServerAttempts
                0x008033d5                okToRenameUploadFile
                0x008033ad                okToSendMicrophoneBuffer2
                0x00803379                timeLength
                0x008033a8                pressureBufferCounter
                0x008033dc                restartingFile
                0x008033cd                okToWriteToLogFile
                0x00803397                chargePercent
                0x008033c2                zoneChanged
                0x008033ac                okToSendMicrophoneBuffer1
                0x00803358                microphoneSampleStartTime2
                0x00803340                temperatureSampleStartTime2
 .bss           0x00803870        0x0 /usr/local/CrossPack-AVR-20100115/lib/gcc/avr/4.3.3/avrxmega6/libgcc.a(_mulsi3.o)
 .bss           0x00803870        0x0 /usr/local/CrossPack-AVR-20100115/lib/gcc/avr/4.3.3/avrxmega6/libgcc.a(_udivmodqi4.o)
 .bss           0x00803870        0x0 /usr/local/CrossPack-AVR-20100115/lib/gcc/avr/4.3.3/avrxmega6/libgcc.a(_udivmodhi4.o)
 .bss           0x00803870        0x0 /usr/local/CrossPack-AVR-20100115/lib/gcc/avr/4.3.3/avrxmega6/libgcc.a(_divmodhi4.o)
 .bss           0x00803870        0x0 /usr/local/CrossPack-AVR-20100115/lib/gcc/avr/4.3.3/avrxmega6/libgcc.a(_udivmodsi4.o)
 .bss           0x00803870        0x0 /usr/local/CrossPack-AVR-20100115/lib/gcc/avr/4.3.3/avrxmega6/libgcc.a(_exit.o)
 .bss           0x00803870        0x0 /usr/local/CrossPack-AVR-20100115/lib/gcc/avr/4.3.3/avrxmega6/libgcc.a(_clear_bss.o)
 .bss           0x00803870        0x0 /usr/local/CrossPack-AVR-20100115/lib/gcc/avr/4.3.3/../../../../avr/lib/avrxmega6/libc.a(atoi.o)
 .bss           0x00803870        0x0 /usr/local/CrossPack-AVR-20100115/lib/gcc/avr/4.3.3/../../../../avr/lib/avrxmega6/libc.a(atol.o)
 .bss           0x00803870        0x2 /usr/local/CrossPack-AVR-20100115/lib/gcc/avr/4.3.3/../../../../avr/lib/avrxmega6/libc.a(strtok.o)
 .bss           0x00803872        0x0 /usr/local/CrossPack-AVR-20100115/lib/gcc/avr/4.3.3/../../../../avr/lib/avrxmega6/libc.a(memmove.o)
 .bss           0x00803872        0x0 /usr/local/CrossPack-AVR-20100115/lib/gcc/avr/4.3.3/../../../../avr/lib/avrxmega6/libc.a(strcasecmp.o)
 .bss           0x00803872        0x0 /usr/local/CrossPack-AVR-20100115/lib/gcc/avr/4.3.3/../../../../avr/lib/avrxmega6/libc.a(strcasestr.o)
 .bss           0x00803872        0x0 /usr/local/CrossPack-AVR-20100115/lib/gcc/avr/4.3.3/../../../../avr/lib/avrxmega6/libc.a(strcat.o)
 .bss           0x00803872        0x0 /usr/local/CrossPack-AVR-20100115/lib/gcc/avr/4.3.3/../../../../avr/lib/avrxmega6/libc.a(strcmp.o)
 .bss           0x00803872        0x0 /usr/local/CrossPack-AVR-20100115/lib/gcc/avr/4.3.3/../../../../avr/lib/avrxmega6/libc.a(strcpy.o)
 .bss           0x00803872        0x0 /usr/local/CrossPack-AVR-20100115/lib/gcc/avr/4.3.3/../../../../avr/lib/avrxmega6/libc.a(strstr.o)
 .bss           0x00803872        0x0 /usr/local/CrossPack-AVR-20100115/lib/gcc/avr/4.3.3/../../../../avr/lib/avrxmega6/libc.a(strtok_r.o)
 .bss           0x00803872        0x0 /usr/local/CrossPack-AVR-20100115/lib/gcc/avr/4.3.3/../../../../avr/lib/avrxmega6/libc.a(strupr.o)
 .bss           0x00803872        0x0 /usr/local/CrossPack-AVR-20100115/lib/gcc/avr/4.3.3/../../../../avr/lib/avrxmega6/libc.a(ltoa.o)
 .bss           0x00803872        0x0 /usr/local/CrossPack-AVR-20100115/lib/gcc/avr/4.3.3/../../../../avr/lib/avrxmega6/libc.a(mulsi10.o)
 .bss           0x00803872        0x0 /usr/local/CrossPack-AVR-20100115/lib/gcc/avr/4.3.3/../../../../avr/lib/avrxmega6/libc.a(mul10.o)
 .bss           0x00803872        0x0 /usr/local/CrossPack-AVR-20100115/lib/gcc/avr/4.3.3/../../../../avr/lib/avrxmega6/libc.a(sprintf.o)
 .bss           0x00803872        0x0 /usr/local/CrossPack-AVR-20100115/lib/gcc/avr/4.3.3/../../../../avr/lib/avrxmega6/libc.a(vfprintf_std.o)
 .bss           0x00803872        0x0 /usr/local/CrossPack-AVR-20100115/lib/gcc/avr/4.3.3/../../../../avr/lib/avrxmega6/libc.a(strnlen_P.o)
 .bss           0x00803872        0x0 /usr/local/CrossPack-AVR-20100115/lib/gcc/avr/4.3.3/../../../../avr/lib/avrxmega6/libc.a(memcpy.o)
 .bss           0x00803872        0x0 /usr/local/CrossPack-AVR-20100115/lib/gcc/avr/4.3.3/../../../../avr/lib/avrxmega6/libc.a(strnlen.o)
 .bss           0x00803872        0x0 /usr/local/CrossPack-AVR-20100115/lib/gcc/avr/4.3.3/../../../../avr/lib/avrxmega6/libc.a(strrev.o)
 .bss           0x00803872        0x0 /usr/local/CrossPack-AVR-20100115/lib/gcc/avr/4.3.3/../../../../avr/lib/avrxmega6/libc.a(fputc.o)
 .bss           0x00803872        0x0 /usr/local/CrossPack-AVR-20100115/lib/gcc/avr/4.3.3/../../../../avr/lib/avrxmega6/libc.a(ultoa_invert.o)
 *(.bss*)
 *(COMMON)
 COMMON         0x00803872     0x23ec main.o
                0x00803872                uploadFileBuffer
                0x00803c5a                colors
                0x00803c62                fileToUpload
                0x00803c71                pressureBuffer1
                0x00803c7b                smallCount
                0x00803c7f                uploadTimeStart
                0x00803c83                ip
                0x00803c97                resp
                0x00803cc9                currentLogFile
                0x00803cd8                connectionStatus
                0x00803cdb                uploadTimeStop
                0x00803cdf                temp2
                0x00803d11                WifiBuffer
                0x00804111                microphoneBuffer2
                0x008044f9                fno
                0x0080450f                fs
                0x00804511                fileName
                0x00804525                macAddr
                0x00804539                tmp32
                0x0080453d                lightBuffer2
                0x008045dd                string
                0x0080460f                microphoneBuffer1
                0x008049f7                temperatureBuffer1
                0x00804a0b                temp
                0x00804a3d                airQualityString
                0x00804a6f                uploaderToUse
                0x00804a79                user
                0x00804a83                demoModeString
                0x00804a8d                writeAddress
                0x00804a8e                deviceID
                0x00804aa2                temperatureBuffer2
                0x00804ab6                timeString
                0x00804ac5                timeLower
                0x00804acf                initialRTCRegisters
                0x00804ae0                pressureBuffer2
                0x00804aea                fno2
                0x00804b00                byteReceived
                0x00804b01                daylightTime
                0x00804b0b                colors8
                0x00804b13                timeUpper
                0x00804b1d                humidityBuffer1
                0x00804b27                tmp8
                0x00804b28                okToGetRemainingSpace
                0x00804b29                successfulBinaryRecordsString
                0x00804b33                deviceAddress
                0x00804b34                DebugBuffer
                0x00804f34                time
                0x00804f3c                Log_File
                0x0080515c                tmpArray
                0x00805170                dir
                0x00805186                Upload_File
                0x008053a6                result
                0x008053b6                humidityBuffer2
                0x008053c0                rssi
                0x008053ca                httpResponse
                0x008053d4                commandCode
                0x008053d5                displayBuffer
                0x00805705                newFileName
                0x00805714                CRC
                0x00805718                Rs232Buffer
                0x00805b18                lightBuffer1
                0x00805bb8                temp3
                0x00805bea                largeCount
                0x00805bee                port
                0x00805c20                nickname
                0x00805c52                failedBinaryRecordsString
                0x00805c5c                tmp16
                0x00805c5e                PROVIDE (__bss_end, .)
                0x0000c112                __data_load_start = LOADADDR (.data)
                0x0000d44e                __data_load_end = (__data_load_start + SIZEOF (.data))

.noinit         0x00805c5e        0x0
                0x00805c5e                PROVIDE (__noinit_start, .)
 *(.noinit*)
                0x00805c5e                PROVIDE (__noinit_end, .)
                0x00805c5e                _end = .
                0x00805c5e                PROVIDE (__heap_start, .)

.eeprom         0x00810000        0x0
 *(.eeprom*)
                0x00810000                __eeprom_end = .

.fuse
 *(.fuse)
 *(.lfuse)
 *(.hfuse)
 *(.efuse)

.lock
 *(.lock*)

.signature
 *(.signature*)

.stab           0x00000000     0x1f2c
 *(.stab)
 .stab          0x00000000      0x768 /usr/local/CrossPack-AVR-20100115/lib/gcc/avr/4.3.3/../../../../avr/lib/avrxmega6/crtx256a3.o
 .stab          0x00000768      0x174 /usr/local/CrossPack-AVR-20100115/lib/gcc/avr/4.3.3/../../../../avr/lib/avrxmega6/libc.a(atoi.o)
                                0x180 (size before relaxing)
 .stab          0x000008dc      0x1e0 /usr/local/CrossPack-AVR-20100115/lib/gcc/avr/4.3.3/../../../../avr/lib/avrxmega6/libc.a(atol.o)
                                0x1ec (size before relaxing)
 .stab          0x00000abc       0xe4 /usr/local/CrossPack-AVR-20100115/lib/gcc/avr/4.3.3/../../../../avr/lib/avrxmega6/libc.a(memmove.o)
                                 0xf0 (size before relaxing)
 .stab          0x00000ba0       0xfc /usr/local/CrossPack-AVR-20100115/lib/gcc/avr/4.3.3/../../../../avr/lib/avrxmega6/libc.a(strcasecmp.o)
                                0x108 (size before relaxing)
 .stab          0x00000c9c      0x1ec /usr/local/CrossPack-AVR-20100115/lib/gcc/avr/4.3.3/../../../../avr/lib/avrxmega6/libc.a(strcasestr.o)
                                0x1f8 (size before relaxing)
 .stab          0x00000e88       0x9c /usr/local/CrossPack-AVR-20100115/lib/gcc/avr/4.3.3/../../../../avr/lib/avrxmega6/libc.a(strcat.o)
                                 0xa8 (size before relaxing)
 .stab          0x00000f24       0x84 /usr/local/CrossPack-AVR-20100115/lib/gcc/avr/4.3.3/../../../../avr/lib/avrxmega6/libc.a(strcmp.o)
                                 0x90 (size before relaxing)
 .stab          0x00000fa8       0x6c /usr/local/CrossPack-AVR-20100115/lib/gcc/avr/4.3.3/../../../../avr/lib/avrxmega6/libc.a(strcpy.o)
                                 0x78 (size before relaxing)
 .stab          0x00001014      0x150 /usr/local/CrossPack-AVR-20100115/lib/gcc/avr/4.3.3/../../../../avr/lib/avrxmega6/libc.a(strstr.o)
                                0x15c (size before relaxing)
 .stab          0x00001164      0x204 /usr/local/CrossPack-AVR-20100115/lib/gcc/avr/4.3.3/../../../../avr/lib/avrxmega6/libc.a(strtok_r.o)
                                0x210 (size before relaxing)
 .stab          0x00001368       0x90 /usr/local/CrossPack-AVR-20100115/lib/gcc/avr/4.3.3/../../../../avr/lib/avrxmega6/libc.a(strupr.o)
                                 0x9c (size before relaxing)
 .stab          0x000013f8      0x294 /usr/local/CrossPack-AVR-20100115/lib/gcc/avr/4.3.3/../../../../avr/lib/avrxmega6/libc.a(ltoa.o)
                                0x2a0 (size before relaxing)
 .stab          0x0000168c      0x114 /usr/local/CrossPack-AVR-20100115/lib/gcc/avr/4.3.3/../../../../avr/lib/avrxmega6/libc.a(mulsi10.o)
                                0x120 (size before relaxing)
 .stab          0x000017a0       0x78 /usr/local/CrossPack-AVR-20100115/lib/gcc/avr/4.3.3/../../../../avr/lib/avrxmega6/libc.a(mul10.o)
                                 0x84 (size before relaxing)
 .stab          0x00001818       0x9c /usr/local/CrossPack-AVR-20100115/lib/gcc/avr/4.3.3/../../../../avr/lib/avrxmega6/libc.a(strnlen_P.o)
                                 0xa8 (size before relaxing)
 .stab          0x000018b4       0x84 /usr/local/CrossPack-AVR-20100115/lib/gcc/avr/4.3.3/../../../../avr/lib/avrxmega6/libc.a(memcpy.o)
                                 0x90 (size before relaxing)
 .stab          0x00001938       0x9c /usr/local/CrossPack-AVR-20100115/lib/gcc/avr/4.3.3/../../../../avr/lib/avrxmega6/libc.a(strnlen.o)
                                 0xa8 (size before relaxing)
 .stab          0x000019d4       0xd8 /usr/local/CrossPack-AVR-20100115/lib/gcc/avr/4.3.3/../../../../avr/lib/avrxmega6/libc.a(strrev.o)
                                 0xe4 (size before relaxing)
 .stab          0x00001aac      0x480 /usr/local/CrossPack-AVR-20100115/lib/gcc/avr/4.3.3/../../../../avr/lib/avrxmega6/libc.a(ultoa_invert.o)
                                0x48c (size before relaxing)

.stabstr        0x00000000      0x768
 *(.stabstr)
 .stabstr       0x00000000      0x768 /usr/local/CrossPack-AVR-20100115/lib/gcc/avr/4.3.3/../../../../avr/lib/avrxmega6/crtx256a3.o

.stab.excl
 *(.stab.excl)

.stab.exclstr
 *(.stab.exclstr)

.stab.index
 *(.stab.index)

.stab.indexstr
 *(.stab.indexstr)

.comment
 *(.comment)

.debug
 *(.debug)

.line
 *(.line)

.debug_srcinfo
 *(.debug_srcinfo)

.debug_sfnames
 *(.debug_sfnames)

.debug_aranges  0x00000000       0xa0
 *(.debug_aranges)
 .debug_aranges
                0x00000000       0x20 main.o
 .debug_aranges
                0x00000020       0x20 /usr/local/CrossPack-AVR-20100115/lib/gcc/avr/4.3.3/../../../../avr/lib/avrxmega6/libc.a(strtok.o)
 .debug_aranges
                0x00000040       0x20 /usr/local/CrossPack-AVR-20100115/lib/gcc/avr/4.3.3/../../../../avr/lib/avrxmega6/libc.a(sprintf.o)
 .debug_aranges
                0x00000060       0x20 /usr/local/CrossPack-AVR-20100115/lib/gcc/avr/4.3.3/../../../../avr/lib/avrxmega6/libc.a(vfprintf_std.o)
 .debug_aranges
                0x00000080       0x20 /usr/local/CrossPack-AVR-20100115/lib/gcc/avr/4.3.3/../../../../avr/lib/avrxmega6/libc.a(fputc.o)

.debug_pubnames
                0x00000000     0x1bb2
 *(.debug_pubnames)
 .debug_pubnames
                0x00000000     0x1b3c main.o
 .debug_pubnames
                0x00001b3c       0x1d /usr/local/CrossPack-AVR-20100115/lib/gcc/avr/4.3.3/../../../../avr/lib/avrxmega6/libc.a(strtok.o)
 .debug_pubnames
                0x00001b59       0x1e /usr/local/CrossPack-AVR-20100115/lib/gcc/avr/4.3.3/../../../../avr/lib/avrxmega6/libc.a(sprintf.o)
 .debug_pubnames
                0x00001b77       0x1f /usr/local/CrossPack-AVR-20100115/lib/gcc/avr/4.3.3/../../../../avr/lib/avrxmega6/libc.a(vfprintf_std.o)
 .debug_pubnames
                0x00001b96       0x1c /usr/local/CrossPack-AVR-20100115/lib/gcc/avr/4.3.3/../../../../avr/lib/avrxmega6/libc.a(fputc.o)

.debug_info     0x00000000     0xa2ff
 *(.debug_info)
 .debug_info    0x00000000     0x9c06 main.o
 .debug_info    0x00009c06       0x91 /usr/local/CrossPack-AVR-20100115/lib/gcc/avr/4.3.3/../../../../avr/lib/avrxmega6/libc.a(strtok.o)
 .debug_info    0x00009c97      0x1b4 /usr/local/CrossPack-AVR-20100115/lib/gcc/avr/4.3.3/../../../../avr/lib/avrxmega6/libc.a(sprintf.o)
 .debug_info    0x00009e4b      0x34a /usr/local/CrossPack-AVR-20100115/lib/gcc/avr/4.3.3/../../../../avr/lib/avrxmega6/libc.a(vfprintf_std.o)
 .debug_info    0x0000a195      0x16a /usr/local/CrossPack-AVR-20100115/lib/gcc/avr/4.3.3/../../../../avr/lib/avrxmega6/libc.a(fputc.o)
 *(.gnu.linkonce.wi.*)

.debug_abbrev   0x00000000      0xa05
 *(.debug_abbrev)
 .debug_abbrev  0x00000000      0x621 main.o
 .debug_abbrev  0x00000621       0x77 /usr/local/CrossPack-AVR-20100115/lib/gcc/avr/4.3.3/../../../../avr/lib/avrxmega6/libc.a(strtok.o)
 .debug_abbrev  0x00000698      0x10e /usr/local/CrossPack-AVR-20100115/lib/gcc/avr/4.3.3/../../../../avr/lib/avrxmega6/libc.a(sprintf.o)
 .debug_abbrev  0x000007a6      0x184 /usr/local/CrossPack-AVR-20100115/lib/gcc/avr/4.3.3/../../../../avr/lib/avrxmega6/libc.a(vfprintf_std.o)
 .debug_abbrev  0x0000092a       0xdb /usr/local/CrossPack-AVR-20100115/lib/gcc/avr/4.3.3/../../../../avr/lib/avrxmega6/libc.a(fputc.o)

.debug_line     0x00000000     0x83fd
 *(.debug_line)
 .debug_line    0x00000000     0x7cf4 main.o
 .debug_line    0x00007cf4       0x81 /usr/local/CrossPack-AVR-20100115/lib/gcc/avr/4.3.3/../../../../avr/lib/avrxmega6/libc.a(strtok.o)
 .debug_line    0x00007d75      0x12f /usr/local/CrossPack-AVR-20100115/lib/gcc/avr/4.3.3/../../../../avr/lib/avrxmega6/libc.a(sprintf.o)
 .debug_line    0x00007ea4      0x482 /usr/local/CrossPack-AVR-20100115/lib/gcc/avr/4.3.3/../../../../avr/lib/avrxmega6/libc.a(vfprintf_std.o)
 .debug_line    0x00008326       0xd7 /usr/local/CrossPack-AVR-20100115/lib/gcc/avr/4.3.3/../../../../avr/lib/avrxmega6/libc.a(fputc.o)

.debug_frame    0x00000000      0xb80
 *(.debug_frame)
 .debug_frame   0x00000000      0xb00 main.o
 .debug_frame   0x00000b00       0x20 /usr/local/CrossPack-AVR-20100115/lib/gcc/avr/4.3.3/../../../../avr/lib/avrxmega6/libc.a(strtok.o)
 .debug_frame   0x00000b20       0x20 /usr/local/CrossPack-AVR-20100115/lib/gcc/avr/4.3.3/../../../../avr/lib/avrxmega6/libc.a(sprintf.o)
 .debug_frame   0x00000b40       0x20 /usr/local/CrossPack-AVR-20100115/lib/gcc/avr/4.3.3/../../../../avr/lib/avrxmega6/libc.a(vfprintf_std.o)
 .debug_frame   0x00000b60       0x20 /usr/local/CrossPack-AVR-20100115/lib/gcc/avr/4.3.3/../../../../avr/lib/avrxmega6/libc.a(fputc.o)

.debug_str      0x00000000     0x49fa
 *(.debug_str)
 .debug_str     0x00000000     0x48a2 main.o
                               0x49a7 (size before relaxing)
 .debug_str     0x000048a2       0x92 /usr/local/CrossPack-AVR-20100115/lib/gcc/avr/4.3.3/../../../../avr/lib/avrxmega6/libc.a(strtok.o)
                                 0xb0 (size before relaxing)
 .debug_str     0x00004934       0x3f /usr/local/CrossPack-AVR-20100115/lib/gcc/avr/4.3.3/../../../../avr/lib/avrxmega6/libc.a(sprintf.o)
                                0x154 (size before relaxing)
 .debug_str     0x00004973       0x65 /usr/local/CrossPack-AVR-20100115/lib/gcc/avr/4.3.3/../../../../avr/lib/avrxmega6/libc.a(vfprintf_std.o)
                                0x19e (size before relaxing)
 .debug_str     0x000049d8       0x22 /usr/local/CrossPack-AVR-20100115/lib/gcc/avr/4.3.3/../../../../avr/lib/avrxmega6/libc.a(fputc.o)
                                0x12e (size before relaxing)

.debug_loc      0x00000000     0x76b6
 *(.debug_loc)
 .debug_loc     0x00000000     0x7189 main.o
 .debug_loc     0x00007189       0x30 /usr/local/CrossPack-AVR-20100115/lib/gcc/avr/4.3.3/../../../../avr/lib/avrxmega6/libc.a(strtok.o)
 .debug_loc     0x000071b9       0x24 /usr/local/CrossPack-AVR-20100115/lib/gcc/avr/4.3.3/../../../../avr/lib/avrxmega6/libc.a(sprintf.o)
 .debug_loc     0x000071dd      0x479 /usr/local/CrossPack-AVR-20100115/lib/gcc/avr/4.3.3/../../../../avr/lib/avrxmega6/libc.a(vfprintf_std.o)
 .debug_loc     0x00007656       0x60 /usr/local/CrossPack-AVR-20100115/lib/gcc/avr/4.3.3/../../../../avr/lib/avrxmega6/libc.a(fputc.o)

.debug_macinfo
 *(.debug_macinfo)
OUTPUT(main.elf elf32-avr)
LOAD linker stubs

.debug_ranges   0x00000000      0x618
 .debug_ranges  0x00000000      0x5a0 main.o
 .debug_ranges  0x000005a0       0x18 /usr/local/CrossPack-AVR-20100115/lib/gcc/avr/4.3.3/../../../../avr/lib/avrxmega6/libc.a(strtok.o)
 .debug_ranges  0x000005b8       0x18 /usr/local/CrossPack-AVR-20100115/lib/gcc/avr/4.3.3/../../../../avr/lib/avrxmega6/libc.a(sprintf.o)
 .debug_ranges  0x000005d0       0x30 /usr/local/CrossPack-AVR-20100115/lib/gcc/avr/4.3.3/../../../../avr/lib/avrxmega6/libc.a(vfprintf_std.o)
 .debug_ranges  0x00000600       0x18 /usr/local/CrossPack-AVR-20100115/lib/gcc/avr/4.3.3/../../../../avr/lib/avrxmega6/libc.a(fputc.o)

Cross Reference Table

Symbol                                            File
CCPWrite                                          main.o
CRC                                               main.o
Clock_Init                                        main.o
Config_Wifi                                       main.o
DMA_Init                                          main.o
DebugBuffer                                       main.o
Debug_CharReadyToRead                             main.o
Debug_ClearBuffer                                 main.o
Debug_Connected                                   main.o
Debug_GetByte                                     main.o
Debug_GetTime                                     main.o
Debug_Init                                        main.o
Debug_SendByte                                    main.o
Debug_SendString                                  main.o
Debug_To_Wifi                                     main.o
Debug_TriggerUpload                               main.o
Debug_readLocation                                main.o
Debug_writeLocation                               main.o
Disable_JTAG                                      main.o
Display_BackgroundWriter_Init                     main.o
Dpad_CheckButton                                  main.o
Dpad_Init                                         main.o
Dpad_Read                                         main.o
Drives                                            main.o
Interrupt_Init                                    main.o
Leds_Clear                                        main.o
Leds_Init                                         main.o
Leds_Set                                          main.o
Leds_Toggle                                       main.o
Light_Init                                        main.o
Light_readByte                                    main.o
Light_readColors                                  main.o
Light_returnColor                                 main.o
Light_setGain                                     main.o
Light_writeByte                                   main.o
Log_File                                          main.o
RTC_TimeToUTCSecs                                 main.o
RTC_UTCSecsToTime                                 main.o
RTC_getTime                                       main.o
RTC_getUTCSecs                                    main.o
RTC_init                                          main.o
RTC_receiveBytes                                  main.o
RTC_sendBytes                                     main.o
RTC_setTime                                       main.o
RTC_setUTCSecs                                    main.o
Read_config_file                                  main.o
Rs232Buffer                                       main.o
Rs232_CharReadyToRead                             main.o
Rs232_ClearBuffer                                 main.o
Rs232_GetByte                                     main.o
Rs232_Init                                        main.o
Rs232_SendByte                                    main.o
Rs232_SendString                                  main.o
Rs232_To_Debug                                    main.o
Rs232_readLocation                                main.o
Rs232_writeLocation                               main.o
SD2_Inserted                                      main.o
SD_BackroundWriter_Init                           main.o
SD_ClearCRC                                       main.o
SD_Close                                          main.o
SD_Init                                           main.o
SD_Inserted                                       main.o
SD_MakeFileName                                   main.o
SD_Open                                           main.o
SD_StartLogFile                                   main.o
SD_Timer_Init                                     main.o
SD_Write16                                        main.o
SD_Write32                                        main.o
SD_Write8                                         main.o
SD_WriteAirSample                                 main.o
SD_WriteBuffer                                    main.o
SD_WriteCRC                                       main.o
SD_WriteHumidityBuffer                            main.o
SD_WriteLightBuffer                               main.o
SD_WriteMicrophoneBuffer                          main.o
SD_WritePressureBuffer                            main.o
SD_WriteRTCBlock                                  main.o
SD_WriteString                                    main.o
SD_WriteTemperatureBuffer                         main.o
SP_ReadCalibrationByte                            main.o
Sensors_Init                                      main.o
Sensors_ReadHumidity                              main.o
Sensors_ReadMicrophone                            main.o
Sensors_ReadPressure                              main.o
Sensors_ReadTemperature                           main.o
Sensors_ResetHumidityBuffers                      main.o
Sensors_ResetLightBuffers                         main.o
Sensors_ResetMicrophoneBuffers                    main.o
Sensors_ResetPressureBuffers                      main.o
Sensors_ResetTemperatureBuffers                   main.o
Time_Get32BitTimer                                main.o
Time_Init                                         main.o
Time_Set                                          main.o
UNIX_time                                         main.o
Upload_File                                       main.o
Uploader_CharReadyToRead                          main.o
Uploader_ClearBuffer                              main.o
Uploader_Connected                                main.o
Uploader_GetByte                                  main.o
Uploader_SendByte                                 main.o
Uploader_SendString                               main.o
WifiBuffer                                        main.o
Wifi_CharReadyToRead                              main.o
Wifi_ClearBuffer                                  main.o
Wifi_Connected                                    main.o
Wifi_EnterCMDMode                                 main.o
Wifi_ExitCMDMode                                  main.o
Wifi_GetByte                                      main.o
Wifi_GetMac                                       main.o
Wifi_GetSignalStrength                            main.o
Wifi_GetTime                                      main.o
Wifi_Init                                         main.o
Wifi_SendByte                                     main.o
Wifi_SendCommand                                  main.o
Wifi_SendString                                   main.o
Wifi_readLocation                                 main.o
Wifi_writeLocation                                main.o
__bad_interrupt                                   /usr/local/CrossPack-AVR-20100115/lib/gcc/avr/4.3.3/../../../../avr/lib/avrxmega6/crtx256a3.o
__bss_end                                         /usr/local/CrossPack-AVR-20100115/lib/gcc/avr/4.3.3/avrxmega6/libgcc.a(_clear_bss.o)
__bss_start                                       /usr/local/CrossPack-AVR-20100115/lib/gcc/avr/4.3.3/avrxmega6/libgcc.a(_clear_bss.o)
__data_end                                        /usr/local/CrossPack-AVR-20100115/lib/gcc/avr/4.3.3/../../../../avr/lib/avrxmega6/crtx256a3.o
__data_load_start                                 /usr/local/CrossPack-AVR-20100115/lib/gcc/avr/4.3.3/../../../../avr/lib/avrxmega6/crtx256a3.o
__data_start                                      /usr/local/CrossPack-AVR-20100115/lib/gcc/avr/4.3.3/../../../../avr/lib/avrxmega6/crtx256a3.o
__divmodhi4                                       /usr/local/CrossPack-AVR-20100115/lib/gcc/avr/4.3.3/avrxmega6/libgcc.a(_divmodhi4.o)
                                                  main.o
__do_clear_bss                                    /usr/local/CrossPack-AVR-20100115/lib/gcc/avr/4.3.3/avrxmega6/libgcc.a(_clear_bss.o)
                                                  /usr/local/CrossPack-AVR-20100115/lib/gcc/avr/4.3.3/../../../../avr/lib/avrxmega6/libc.a(strtok.o)
                                                  main.o
__do_copy_data                                    /usr/local/CrossPack-AVR-20100115/lib/gcc/avr/4.3.3/../../../../avr/lib/avrxmega6/crtx256a3.o
                                                  main.o
__heap_end                                        /usr/local/CrossPack-AVR-20100115/lib/gcc/avr/4.3.3/../../../../avr/lib/avrxmega6/crtx256a3.o
__init                                            /usr/local/CrossPack-AVR-20100115/lib/gcc/avr/4.3.3/../../../../avr/lib/avrxmega6/crtx256a3.o
__mulhi_const_10                                  /usr/local/CrossPack-AVR-20100115/lib/gcc/avr/4.3.3/../../../../avr/lib/avrxmega6/libc.a(mul10.o)
                                                  /usr/local/CrossPack-AVR-20100115/lib/gcc/avr/4.3.3/../../../../avr/lib/avrxmega6/libc.a(atoi.o)
__mulsi3                                          /usr/local/CrossPack-AVR-20100115/lib/gcc/avr/4.3.3/avrxmega6/libgcc.a(_mulsi3.o)
                                                  main.o
__mulsi_const_10                                  /usr/local/CrossPack-AVR-20100115/lib/gcc/avr/4.3.3/../../../../avr/lib/avrxmega6/libc.a(mulsi10.o)
                                                  /usr/local/CrossPack-AVR-20100115/lib/gcc/avr/4.3.3/../../../../avr/lib/avrxmega6/libc.a(atol.o)
__stack                                           /usr/local/CrossPack-AVR-20100115/lib/gcc/avr/4.3.3/../../../../avr/lib/avrxmega6/crtx256a3.o
__udivmodhi4                                      /usr/local/CrossPack-AVR-20100115/lib/gcc/avr/4.3.3/avrxmega6/libgcc.a(_udivmodhi4.o)
                                                  /usr/local/CrossPack-AVR-20100115/lib/gcc/avr/4.3.3/avrxmega6/libgcc.a(_divmodhi4.o)
                                                  main.o
__udivmodqi4                                      /usr/local/CrossPack-AVR-20100115/lib/gcc/avr/4.3.3/avrxmega6/libgcc.a(_udivmodqi4.o)
                                                  main.o
__udivmodsi4                                      /usr/local/CrossPack-AVR-20100115/lib/gcc/avr/4.3.3/avrxmega6/libgcc.a(_udivmodsi4.o)
                                                  /usr/local/CrossPack-AVR-20100115/lib/gcc/avr/4.3.3/../../../../avr/lib/avrxmega6/libc.a(ltoa.o)
                                                  main.o
__ultoa_invert                                    /usr/local/CrossPack-AVR-20100115/lib/gcc/avr/4.3.3/../../../../avr/lib/avrxmega6/libc.a(ultoa_invert.o)
                                                  /usr/local/CrossPack-AVR-20100115/lib/gcc/avr/4.3.3/../../../../avr/lib/avrxmega6/libc.a(vfprintf_std.o)
__vector_1                                        /usr/local/CrossPack-AVR-20100115/lib/gcc/avr/4.3.3/../../../../avr/lib/avrxmega6/crtx256a3.o
__vector_10                                       /usr/local/CrossPack-AVR-20100115/lib/gcc/avr/4.3.3/../../../../avr/lib/avrxmega6/crtx256a3.o
__vector_100                                      /usr/local/CrossPack-AVR-20100115/lib/gcc/avr/4.3.3/../../../../avr/lib/avrxmega6/crtx256a3.o
__vector_101                                      /usr/local/CrossPack-AVR-20100115/lib/gcc/avr/4.3.3/../../../../avr/lib/avrxmega6/crtx256a3.o
__vector_102                                      /usr/local/CrossPack-AVR-20100115/lib/gcc/avr/4.3.3/../../../../avr/lib/avrxmega6/crtx256a3.o
__vector_103                                      /usr/local/CrossPack-AVR-20100115/lib/gcc/avr/4.3.3/../../../../avr/lib/avrxmega6/crtx256a3.o
__vector_104                                      /usr/local/CrossPack-AVR-20100115/lib/gcc/avr/4.3.3/../../../../avr/lib/avrxmega6/crtx256a3.o
__vector_105                                      /usr/local/CrossPack-AVR-20100115/lib/gcc/avr/4.3.3/../../../../avr/lib/avrxmega6/crtx256a3.o
__vector_106                                      /usr/local/CrossPack-AVR-20100115/lib/gcc/avr/4.3.3/../../../../avr/lib/avrxmega6/crtx256a3.o
__vector_107                                      /usr/local/CrossPack-AVR-20100115/lib/gcc/avr/4.3.3/../../../../avr/lib/avrxmega6/crtx256a3.o
__vector_108                                      main.o
                                                  /usr/local/CrossPack-AVR-20100115/lib/gcc/avr/4.3.3/../../../../avr/lib/avrxmega6/crtx256a3.o
__vector_109                                      /usr/local/CrossPack-AVR-20100115/lib/gcc/avr/4.3.3/../../../../avr/lib/avrxmega6/crtx256a3.o
__vector_11                                       /usr/local/CrossPack-AVR-20100115/lib/gcc/avr/4.3.3/../../../../avr/lib/avrxmega6/crtx256a3.o
__vector_110                                      /usr/local/CrossPack-AVR-20100115/lib/gcc/avr/4.3.3/../../../../avr/lib/avrxmega6/crtx256a3.o
__vector_111                                      /usr/local/CrossPack-AVR-20100115/lib/gcc/avr/4.3.3/../../../../avr/lib/avrxmega6/crtx256a3.o
__vector_112                                      /usr/local/CrossPack-AVR-20100115/lib/gcc/avr/4.3.3/../../../../avr/lib/avrxmega6/crtx256a3.o
__vector_113                                      /usr/local/CrossPack-AVR-20100115/lib/gcc/avr/4.3.3/../../../../avr/lib/avrxmega6/crtx256a3.o
__vector_114                                      /usr/local/CrossPack-AVR-20100115/lib/gcc/avr/4.3.3/../../../../avr/lib/avrxmega6/crtx256a3.o
__vector_115                                      /usr/local/CrossPack-AVR-20100115/lib/gcc/avr/4.3.3/../../../../avr/lib/avrxmega6/crtx256a3.o
__vector_116                                      /usr/local/CrossPack-AVR-20100115/lib/gcc/avr/4.3.3/../../../../avr/lib/avrxmega6/crtx256a3.o
__vector_117                                      /usr/local/CrossPack-AVR-20100115/lib/gcc/avr/4.3.3/../../../../avr/lib/avrxmega6/crtx256a3.o
__vector_118                                      /usr/local/CrossPack-AVR-20100115/lib/gcc/avr/4.3.3/../../../../avr/lib/avrxmega6/crtx256a3.o
__vector_119                                      /usr/local/CrossPack-AVR-20100115/lib/gcc/avr/4.3.3/../../../../avr/lib/avrxmega6/crtx256a3.o
__vector_12                                       /usr/local/CrossPack-AVR-20100115/lib/gcc/avr/4.3.3/../../../../avr/lib/avrxmega6/crtx256a3.o
__vector_120                                      /usr/local/CrossPack-AVR-20100115/lib/gcc/avr/4.3.3/../../../../avr/lib/avrxmega6/crtx256a3.o
__vector_121                                      /usr/local/CrossPack-AVR-20100115/lib/gcc/avr/4.3.3/../../../../avr/lib/avrxmega6/crtx256a3.o
__vector_13                                       /usr/local/CrossPack-AVR-20100115/lib/gcc/avr/4.3.3/../../../../avr/lib/avrxmega6/crtx256a3.o
__vector_14                                       /usr/local/CrossPack-AVR-20100115/lib/gcc/avr/4.3.3/../../../../avr/lib/avrxmega6/crtx256a3.o
__vector_15                                       /usr/local/CrossPack-AVR-20100115/lib/gcc/avr/4.3.3/../../../../avr/lib/avrxmega6/crtx256a3.o
__vector_16                                       /usr/local/CrossPack-AVR-20100115/lib/gcc/avr/4.3.3/../../../../avr/lib/avrxmega6/crtx256a3.o
__vector_17                                       /usr/local/CrossPack-AVR-20100115/lib/gcc/avr/4.3.3/../../../../avr/lib/avrxmega6/crtx256a3.o
__vector_18                                       /usr/local/CrossPack-AVR-20100115/lib/gcc/avr/4.3.3/../../../../avr/lib/avrxmega6/crtx256a3.o
__vector_19                                       /usr/local/CrossPack-AVR-20100115/lib/gcc/avr/4.3.3/../../../../avr/lib/avrxmega6/crtx256a3.o
__vector_2                                        /usr/local/CrossPack-AVR-20100115/lib/gcc/avr/4.3.3/../../../../avr/lib/avrxmega6/crtx256a3.o
__vector_20                                       /usr/local/CrossPack-AVR-20100115/lib/gcc/avr/4.3.3/../../../../avr/lib/avrxmega6/crtx256a3.o
__vector_21                                       /usr/local/CrossPack-AVR-20100115/lib/gcc/avr/4.3.3/../../../../avr/lib/avrxmega6/crtx256a3.o
__vector_22                                       /usr/local/CrossPack-AVR-20100115/lib/gcc/avr/4.3.3/../../../../avr/lib/avrxmega6/crtx256a3.o
__vector_23                                       /usr/local/CrossPack-AVR-20100115/lib/gcc/avr/4.3.3/../../../../avr/lib/avrxmega6/crtx256a3.o
__vector_24                                       /usr/local/CrossPack-AVR-20100115/lib/gcc/avr/4.3.3/../../../../avr/lib/avrxmega6/crtx256a3.o
__vector_25                                       main.o
                                                  /usr/local/CrossPack-AVR-20100115/lib/gcc/avr/4.3.3/../../../../avr/lib/avrxmega6/crtx256a3.o
__vector_26                                       /usr/local/CrossPack-AVR-20100115/lib/gcc/avr/4.3.3/../../../../avr/lib/avrxmega6/crtx256a3.o
__vector_27                                       /usr/local/CrossPack-AVR-20100115/lib/gcc/avr/4.3.3/../../../../avr/lib/avrxmega6/crtx256a3.o
__vector_28                                       /usr/local/CrossPack-AVR-20100115/lib/gcc/avr/4.3.3/../../../../avr/lib/avrxmega6/crtx256a3.o
__vector_29                                       /usr/local/CrossPack-AVR-20100115/lib/gcc/avr/4.3.3/../../../../avr/lib/avrxmega6/crtx256a3.o
__vector_3                                        /usr/local/CrossPack-AVR-20100115/lib/gcc/avr/4.3.3/../../../../avr/lib/avrxmega6/crtx256a3.o
__vector_30                                       /usr/local/CrossPack-AVR-20100115/lib/gcc/avr/4.3.3/../../../../avr/lib/avrxmega6/crtx256a3.o
__vector_31                                       /usr/local/CrossPack-AVR-20100115/lib/gcc/avr/4.3.3/../../../../avr/lib/avrxmega6/crtx256a3.o
__vector_32                                       /usr/local/CrossPack-AVR-20100115/lib/gcc/avr/4.3.3/../../../../avr/lib/avrxmega6/crtx256a3.o
__vector_33                                       /usr/local/CrossPack-AVR-20100115/lib/gcc/avr/4.3.3/../../../../avr/lib/avrxmega6/crtx256a3.o
__vector_34                                       /usr/local/CrossPack-AVR-20100115/lib/gcc/avr/4.3.3/../../../../avr/lib/avrxmega6/crtx256a3.o
__vector_35                                       /usr/local/CrossPack-AVR-20100115/lib/gcc/avr/4.3.3/../../../../avr/lib/avrxmega6/crtx256a3.o
__vector_36                                       /usr/local/CrossPack-AVR-20100115/lib/gcc/avr/4.3.3/../../../../avr/lib/avrxmega6/crtx256a3.o
__vector_37                                       /usr/local/CrossPack-AVR-20100115/lib/gcc/avr/4.3.3/../../../../avr/lib/avrxmega6/crtx256a3.o
__vector_38                                       /usr/local/CrossPack-AVR-20100115/lib/gcc/avr/4.3.3/../../../../avr/lib/avrxmega6/crtx256a3.o
__vector_39                                       /usr/local/CrossPack-AVR-20100115/lib/gcc/avr/4.3.3/../../../../avr/lib/avrxmega6/crtx256a3.o
__vector_4                                        /usr/local/CrossPack-AVR-20100115/lib/gcc/avr/4.3.3/../../../../avr/lib/avrxmega6/crtx256a3.o
__vector_40                                       /usr/local/CrossPack-AVR-20100115/lib/gcc/avr/4.3.3/../../../../avr/lib/avrxmega6/crtx256a3.o
__vector_41                                       /usr/local/CrossPack-AVR-20100115/lib/gcc/avr/4.3.3/../../../../avr/lib/avrxmega6/crtx256a3.o
__vector_42                                       /usr/local/CrossPack-AVR-20100115/lib/gcc/avr/4.3.3/../../../../avr/lib/avrxmega6/crtx256a3.o
__vector_43                                       /usr/local/CrossPack-AVR-20100115/lib/gcc/avr/4.3.3/../../../../avr/lib/avrxmega6/crtx256a3.o
__vector_44                                       /usr/local/CrossPack-AVR-20100115/lib/gcc/avr/4.3.3/../../../../avr/lib/avrxmega6/crtx256a3.o
__vector_45                                       /usr/local/CrossPack-AVR-20100115/lib/gcc/avr/4.3.3/../../../../avr/lib/avrxmega6/crtx256a3.o
__vector_46                                       /usr/local/CrossPack-AVR-20100115/lib/gcc/avr/4.3.3/../../../../avr/lib/avrxmega6/crtx256a3.o
__vector_47                                       main.o
                                                  /usr/local/CrossPack-AVR-20100115/lib/gcc/avr/4.3.3/../../../../avr/lib/avrxmega6/crtx256a3.o
__vector_48                                       /usr/local/CrossPack-AVR-20100115/lib/gcc/avr/4.3.3/../../../../avr/lib/avrxmega6/crtx256a3.o
__vector_49                                       /usr/local/CrossPack-AVR-20100115/lib/gcc/avr/4.3.3/../../../../avr/lib/avrxmega6/crtx256a3.o
__vector_5                                        /usr/local/CrossPack-AVR-20100115/lib/gcc/avr/4.3.3/../../../../avr/lib/avrxmega6/crtx256a3.o
__vector_50                                       /usr/local/CrossPack-AVR-20100115/lib/gcc/avr/4.3.3/../../../../avr/lib/avrxmega6/crtx256a3.o
__vector_51                                       /usr/local/CrossPack-AVR-20100115/lib/gcc/avr/4.3.3/../../../../avr/lib/avrxmega6/crtx256a3.o
__vector_52                                       /usr/local/CrossPack-AVR-20100115/lib/gcc/avr/4.3.3/../../../../avr/lib/avrxmega6/crtx256a3.o
__vector_53                                       main.o
                                                  /usr/local/CrossPack-AVR-20100115/lib/gcc/avr/4.3.3/../../../../avr/lib/avrxmega6/crtx256a3.o
__vector_54                                       /usr/local/CrossPack-AVR-20100115/lib/gcc/avr/4.3.3/../../../../avr/lib/avrxmega6/crtx256a3.o
__vector_55                                       /usr/local/CrossPack-AVR-20100115/lib/gcc/avr/4.3.3/../../../../avr/lib/avrxmega6/crtx256a3.o
__vector_56                                       /usr/local/CrossPack-AVR-20100115/lib/gcc/avr/4.3.3/../../../../avr/lib/avrxmega6/crtx256a3.o
__vector_57                                       /usr/local/CrossPack-AVR-20100115/lib/gcc/avr/4.3.3/../../../../avr/lib/avrxmega6/crtx256a3.o
__vector_58                                       /usr/local/CrossPack-AVR-20100115/lib/gcc/avr/4.3.3/../../../../avr/lib/avrxmega6/crtx256a3.o
__vector_59                                       /usr/local/CrossPack-AVR-20100115/lib/gcc/avr/4.3.3/../../../../avr/lib/avrxmega6/crtx256a3.o
__vector_6                                        /usr/local/CrossPack-AVR-20100115/lib/gcc/avr/4.3.3/../../../../avr/lib/avrxmega6/crtx256a3.o
__vector_60                                       /usr/local/CrossPack-AVR-20100115/lib/gcc/avr/4.3.3/../../../../avr/lib/avrxmega6/crtx256a3.o
__vector_61                                       /usr/local/CrossPack-AVR-20100115/lib/gcc/avr/4.3.3/../../../../avr/lib/avrxmega6/crtx256a3.o
__vector_62                                       /usr/local/CrossPack-AVR-20100115/lib/gcc/avr/4.3.3/../../../../avr/lib/avrxmega6/crtx256a3.o
__vector_63                                       /usr/local/CrossPack-AVR-20100115/lib/gcc/avr/4.3.3/../../../../avr/lib/avrxmega6/crtx256a3.o
__vector_64                                       /usr/local/CrossPack-AVR-20100115/lib/gcc/avr/4.3.3/../../../../avr/lib/avrxmega6/crtx256a3.o
__vector_65                                       /usr/local/CrossPack-AVR-20100115/lib/gcc/avr/4.3.3/../../../../avr/lib/avrxmega6/crtx256a3.o
__vector_66                                       /usr/local/CrossPack-AVR-20100115/lib/gcc/avr/4.3.3/../../../../avr/lib/avrxmega6/crtx256a3.o
__vector_67                                       /usr/local/CrossPack-AVR-20100115/lib/gcc/avr/4.3.3/../../../../avr/lib/avrxmega6/crtx256a3.o
__vector_68                                       /usr/local/CrossPack-AVR-20100115/lib/gcc/avr/4.3.3/../../../../avr/lib/avrxmega6/crtx256a3.o
__vector_69                                       /usr/local/CrossPack-AVR-20100115/lib/gcc/avr/4.3.3/../../../../avr/lib/avrxmega6/crtx256a3.o
__vector_7                                        /usr/local/CrossPack-AVR-20100115/lib/gcc/avr/4.3.3/../../../../avr/lib/avrxmega6/crtx256a3.o
__vector_70                                       /usr/local/CrossPack-AVR-20100115/lib/gcc/avr/4.3.3/../../../../avr/lib/avrxmega6/crtx256a3.o
__vector_71                                       /usr/local/CrossPack-AVR-20100115/lib/gcc/avr/4.3.3/../../../../avr/lib/avrxmega6/crtx256a3.o
__vector_72                                       /usr/local/CrossPack-AVR-20100115/lib/gcc/avr/4.3.3/../../../../avr/lib/avrxmega6/crtx256a3.o
__vector_73                                       /usr/local/CrossPack-AVR-20100115/lib/gcc/avr/4.3.3/../../../../avr/lib/avrxmega6/crtx256a3.o
__vector_74                                       /usr/local/CrossPack-AVR-20100115/lib/gcc/avr/4.3.3/../../../../avr/lib/avrxmega6/crtx256a3.o
__vector_75                                       /usr/local/CrossPack-AVR-20100115/lib/gcc/avr/4.3.3/../../../../avr/lib/avrxmega6/crtx256a3.o
__vector_76                                       /usr/local/CrossPack-AVR-20100115/lib/gcc/avr/4.3.3/../../../../avr/lib/avrxmega6/crtx256a3.o
__vector_77                                       main.o
                                                  /usr/local/CrossPack-AVR-20100115/lib/gcc/avr/4.3.3/../../../../avr/lib/avrxmega6/crtx256a3.o
__vector_78                                       /usr/local/CrossPack-AVR-20100115/lib/gcc/avr/4.3.3/../../../../avr/lib/avrxmega6/crtx256a3.o
__vector_79                                       /usr/local/CrossPack-AVR-20100115/lib/gcc/avr/4.3.3/../../../../avr/lib/avrxmega6/crtx256a3.o
__vector_8                                        /usr/local/CrossPack-AVR-20100115/lib/gcc/avr/4.3.3/../../../../avr/lib/avrxmega6/crtx256a3.o
__vector_80                                       /usr/local/CrossPack-AVR-20100115/lib/gcc/avr/4.3.3/../../../../avr/lib/avrxmega6/crtx256a3.o
__vector_81                                       /usr/local/CrossPack-AVR-20100115/lib/gcc/avr/4.3.3/../../../../avr/lib/avrxmega6/crtx256a3.o
__vector_82                                       /usr/local/CrossPack-AVR-20100115/lib/gcc/avr/4.3.3/../../../../avr/lib/avrxmega6/crtx256a3.o
__vector_83                                       main.o
                                                  /usr/local/CrossPack-AVR-20100115/lib/gcc/avr/4.3.3/../../../../avr/lib/avrxmega6/crtx256a3.o
__vector_84                                       /usr/local/CrossPack-AVR-20100115/lib/gcc/avr/4.3.3/../../../../avr/lib/avrxmega6/crtx256a3.o
__vector_85                                       /usr/local/CrossPack-AVR-20100115/lib/gcc/avr/4.3.3/../../../../avr/lib/avrxmega6/crtx256a3.o
__vector_86                                       /usr/local/CrossPack-AVR-20100115/lib/gcc/avr/4.3.3/../../../../avr/lib/avrxmega6/crtx256a3.o
__vector_87                                       /usr/local/CrossPack-AVR-20100115/lib/gcc/avr/4.3.3/../../../../avr/lib/avrxmega6/crtx256a3.o
__vector_88                                       main.o
                                                  /usr/local/CrossPack-AVR-20100115/lib/gcc/avr/4.3.3/../../../../avr/lib/avrxmega6/crtx256a3.o
__vector_89                                       /usr/local/CrossPack-AVR-20100115/lib/gcc/avr/4.3.3/../../../../avr/lib/avrxmega6/crtx256a3.o
__vector_9                                        /usr/local/CrossPack-AVR-20100115/lib/gcc/avr/4.3.3/../../../../avr/lib/avrxmega6/crtx256a3.o
__vector_90                                       /usr/local/CrossPack-AVR-20100115/lib/gcc/avr/4.3.3/../../../../avr/lib/avrxmega6/crtx256a3.o
__vector_91                                       /usr/local/CrossPack-AVR-20100115/lib/gcc/avr/4.3.3/../../../../avr/lib/avrxmega6/crtx256a3.o
__vector_92                                       /usr/local/CrossPack-AVR-20100115/lib/gcc/avr/4.3.3/../../../../avr/lib/avrxmega6/crtx256a3.o
__vector_93                                       /usr/local/CrossPack-AVR-20100115/lib/gcc/avr/4.3.3/../../../../avr/lib/avrxmega6/crtx256a3.o
__vector_94                                       /usr/local/CrossPack-AVR-20100115/lib/gcc/avr/4.3.3/../../../../avr/lib/avrxmega6/crtx256a3.o
__vector_95                                       /usr/local/CrossPack-AVR-20100115/lib/gcc/avr/4.3.3/../../../../avr/lib/avrxmega6/crtx256a3.o
__vector_96                                       /usr/local/CrossPack-AVR-20100115/lib/gcc/avr/4.3.3/../../../../avr/lib/avrxmega6/crtx256a3.o
__vector_97                                       /usr/local/CrossPack-AVR-20100115/lib/gcc/avr/4.3.3/../../../../avr/lib/avrxmega6/crtx256a3.o
__vector_98                                       /usr/local/CrossPack-AVR-20100115/lib/gcc/avr/4.3.3/../../../../avr/lib/avrxmega6/crtx256a3.o
__vector_99                                       /usr/local/CrossPack-AVR-20100115/lib/gcc/avr/4.3.3/../../../../avr/lib/avrxmega6/crtx256a3.o
__vector_default                                  /usr/local/CrossPack-AVR-20100115/lib/gcc/avr/4.3.3/../../../../avr/lib/avrxmega6/crtx256a3.o
__vectors                                         /usr/local/CrossPack-AVR-20100115/lib/gcc/avr/4.3.3/../../../../avr/lib/avrxmega6/crtx256a3.o
_div                                              /usr/local/CrossPack-AVR-20100115/lib/gcc/avr/4.3.3/avrxmega6/libgcc.a(_divmodhi4.o)
_exit                                             /usr/local/CrossPack-AVR-20100115/lib/gcc/avr/4.3.3/avrxmega6/libgcc.a(_exit.o)
airQualityString                                  main.o
airSampleTime                                     main.o
am                                                main.o
atoi                                              /usr/local/CrossPack-AVR-20100115/lib/gcc/avr/4.3.3/../../../../avr/lib/avrxmega6/libc.a(atoi.o)
                                                  main.o
atol                                              /usr/local/CrossPack-AVR-20100115/lib/gcc/avr/4.3.3/../../../../avr/lib/avrxmega6/libc.a(atol.o)
                                                  main.o
auth                                              main.o
authRead                                          main.o
bufferDelayCounter                                main.o
byteReceived                                      main.o
chargeComplete                                    main.o
chargeCounter                                     main.o
chargePercent                                     main.o
chk_mounted                                       main.o
clockHour                                         main.o
clust2sect                                        main.o
colors                                            main.o
colors8                                           main.o
commandCode                                       main.o
connected                                         main.o
connectionClosed                                  main.o
connectionStatus                                  main.o
connectionTimeoutTimer                            main.o
crc_table                                         main.o
currentLogFile                                    main.o
currentMode                                       main.o
daylightTime                                      main.o
demoMode                                          main.o
demoModeFirstFile                                 main.o
demoModeString                                    main.o
deviceAddress                                     main.o
deviceID                                          main.o
dir                                               main.o
directoryOpened                                   main.o
disk_initialize                                   main.o
disk_ioctl                                        main.o
disk_read                                         main.o
disk_status                                       main.o
disk_timerproc                                    main.o
disk_write                                        main.o
displayAM                                         main.o
displayBuffer                                     main.o
displayPM                                         main.o
display_clearBuffer                               main.o
display_clearPage                                 main.o
display_drawLine                                  main.o
display_drawPixel                                 main.o
display_drawRectangle                             main.o
display_init                                      main.o
display_putString                                 main.o
display_sendCommand                               main.o
display_sendData                                  main.o
display_setCursor                                 main.o
display_writeBufferToScreen                       main.o
doneUploading                                     main.o