Archive member included because of file (symbol)

/usr/local/CrossPack-AVR-20100115/lib/gcc/avr/4.3.3/avrxmega6/libgcc.a(_mulsi3.o)
                              main.o (__mulsi3)
/usr/local/CrossPack-AVR-20100115/lib/gcc/avr/4.3.3/avrxmega6/libgcc.a(_udivmodqi4.o)
                              main.o (__udivmodqi4)
/usr/local/CrossPack-AVR-20100115/lib/gcc/avr/4.3.3/avrxmega6/libgcc.a(_udivmodhi4.o)
                              main.o (__udivmodhi4)
/usr/local/CrossPack-AVR-20100115/lib/gcc/avr/4.3.3/avrxmega6/libgcc.a(_divmodhi4.o)
                              main.o (__divmodhi4)
/usr/local/CrossPack-AVR-20100115/lib/gcc/avr/4.3.3/avrxmega6/libgcc.a(_udivmodsi4.o)
                              main.o (__udivmodsi4)
/usr/local/CrossPack-AVR-20100115/lib/gcc/avr/4.3.3/avrxmega6/libgcc.a(_exit.o)
                              /usr/local/CrossPack-AVR-20100115/lib/gcc/avr/4.3.3/../../../../avr/lib/avrxmega6/crtx256a3.o (exit)
/usr/local/CrossPack-AVR-20100115/lib/gcc/avr/4.3.3/avrxmega6/libgcc.a(_clear_bss.o)
                              main.o (__do_clear_bss)
/usr/local/CrossPack-AVR-20100115/lib/gcc/avr/4.3.3/../../../../avr/lib/avrxmega6/libc.a(atoi.o)
                              main.o (atoi)
/usr/local/CrossPack-AVR-20100115/lib/gcc/avr/4.3.3/../../../../avr/lib/avrxmega6/libc.a(atol.o)
                              main.o (atol)
/usr/local/CrossPack-AVR-20100115/lib/gcc/avr/4.3.3/../../../../avr/lib/avrxmega6/libc.a(strtok.o)
                              main.o (strtok)
/usr/local/CrossPack-AVR-20100115/lib/gcc/avr/4.3.3/../../../../avr/lib/avrxmega6/libc.a(memmove.o)
                              main.o (memmove)
/usr/local/CrossPack-AVR-20100115/lib/gcc/avr/4.3.3/../../../../avr/lib/avrxmega6/libc.a(strcasecmp.o)
                              main.o (strcasecmp)
/usr/local/CrossPack-AVR-20100115/lib/gcc/avr/4.3.3/../../../../avr/lib/avrxmega6/libc.a(strcasestr.o)
                              main.o (strcasestr)
/usr/local/CrossPack-AVR-20100115/lib/gcc/avr/4.3.3/../../../../avr/lib/avrxmega6/libc.a(strcat.o)
                              main.o (strcat)
/usr/local/CrossPack-AVR-20100115/lib/gcc/avr/4.3.3/../../../../avr/lib/avrxmega6/libc.a(strcmp.o)
                              main.o (strcmp)
/usr/local/CrossPack-AVR-20100115/lib/gcc/avr/4.3.3/../../../../avr/lib/avrxmega6/libc.a(strcpy.o)
                              main.o (strcpy)
/usr/local/CrossPack-AVR-20100115/lib/gcc/avr/4.3.3/../../../../avr/lib/avrxmega6/libc.a(strstr.o)
                              main.o (strstr)
/usr/local/CrossPack-AVR-20100115/lib/gcc/avr/4.3.3/../../../../avr/lib/avrxmega6/libc.a(strtok_r.o)
                              /usr/local/CrossPack-AVR-20100115/lib/gcc/avr/4.3.3/../../../../avr/lib/avrxmega6/libc.a(strtok.o) (strtok_r)
/usr/local/CrossPack-AVR-20100115/lib/gcc/avr/4.3.3/../../../../avr/lib/avrxmega6/libc.a(strupr.o)
                              main.o (strupr)
/usr/local/CrossPack-AVR-20100115/lib/gcc/avr/4.3.3/../../../../avr/lib/avrxmega6/libc.a(ltoa.o)
                              main.o (ltoa)
/usr/local/CrossPack-AVR-20100115/lib/gcc/avr/4.3.3/../../../../avr/lib/avrxmega6/libc.a(mulsi10.o)
                              /usr/local/CrossPack-AVR-20100115/lib/gcc/avr/4.3.3/../../../../avr/lib/avrxmega6/libc.a(atol.o) (__mulsi_const_10)
/usr/local/CrossPack-AVR-20100115/lib/gcc/avr/4.3.3/../../../../avr/lib/avrxmega6/libc.a(mul10.o)
                              /usr/local/CrossPack-AVR-20100115/lib/gcc/avr/4.3.3/../../../../avr/lib/avrxmega6/libc.a(atoi.o) (__mulhi_const_10)
/usr/local/CrossPack-AVR-20100115/lib/gcc/avr/4.3.3/../../../../avr/lib/avrxmega6/libc.a(sprintf.o)
                              main.o (sprintf)
/usr/local/CrossPack-AVR-20100115/lib/gcc/avr/4.3.3/../../../../avr/lib/avrxmega6/libc.a(vfprintf_std.o)
                              /usr/local/CrossPack-AVR-20100115/lib/gcc/avr/4.3.3/../../../../avr/lib/avrxmega6/libc.a(sprintf.o) (vfprintf)
/usr/local/CrossPack-AVR-20100115/lib/gcc/avr/4.3.3/../../../../avr/lib/avrxmega6/libc.a(strnlen_P.o)
                              /usr/local/CrossPack-AVR-20100115/lib/gcc/avr/4.3.3/../../../../avr/lib/avrxmega6/libc.a(vfprintf_std.o) (strnlen_P)
/usr/local/CrossPack-AVR-20100115/lib/gcc/avr/4.3.3/../../../../avr/lib/avrxmega6/libc.a(memcpy.o)
                              /usr/local/CrossPack-AVR-20100115/lib/gcc/avr/4.3.3/../../../../avr/lib/avrxmega6/libc.a(memmove.o) (memcpy)
/usr/local/CrossPack-AVR-20100115/lib/gcc/avr/4.3.3/../../../../avr/lib/avrxmega6/libc.a(strnlen.o)
                              /usr/local/CrossPack-AVR-20100115/lib/gcc/avr/4.3.3/../../../../avr/lib/avrxmega6/libc.a(vfprintf_std.o) (strnlen)
/usr/local/CrossPack-AVR-20100115/lib/gcc/avr/4.3.3/../../../../avr/lib/avrxmega6/libc.a(strrev.o)
                              /usr/local/CrossPack-AVR-20100115/lib/gcc/avr/4.3.3/../../../../avr/lib/avrxmega6/libc.a(ltoa.o) (strrev)
[...]
Memory Configuration

Name             Origin             Length             Attributes
text             0x00000000         0x00100000         xr
data             0x00802000         0x0000ffa0         rw !x
eeprom           0x00810000         0x00010000         rw !x
fuse             0x00820000         0x00000400         rw !x
lock             0x00830000         0x00000400         rw !x
signature        0x00840000         0x00000400         rw !x
*default*        0x00000000         0xffffffff

Linker script and memory map

LOAD /usr/local/CrossPack-AVR-20100115/lib/gcc/avr/4.3.3/../../../../avr/lib/avrxmega6/crtx256a3.o
LOAD main.o
LOAD /usr/local/CrossPack-AVR-20100115/lib/gcc/avr/4.3.3/../../../../avr/lib/avrxmega6/libm.a
LOAD /usr/local/CrossPack-AVR-20100115/lib/gcc/avr/4.3.3/avrxmega6/libgcc.a
LOAD /usr/local/CrossPack-AVR-20100115/lib/gcc/avr/4.3.3/../../../../avr/lib/avrxmega6/libc.a
LOAD /usr/local/CrossPack-AVR-20100115/lib/gcc/avr/4.3.3/avrxmega6/libgcc.a

.hash
 *(.hash)

.dynsym
 *(.dynsym)

.dynstr
 *(.dynstr)

.gnu.version
 *(.gnu.version)

.gnu.version_d
 *(.gnu.version_d)

.gnu.version_r
 *(.gnu.version_r)

.rel.init
 *(.rel.init)

.rela.init
 *(.rela.init)

.rel.text
 *(.rel.text)
 *(.rel.text.*)
 *(.rel.gnu.linkonce.t*)

.rela.text
 *(.rela.text)
 *(.rela.text.*)
 *(.rela.gnu.linkonce.t*)

.rel.fini
 *(.rel.fini)

.rela.fini
 *(.rela.fini)

.rel.rodata
 *(.rel.rodata)
 *(.rel.rodata.*)
 *(.rel.gnu.linkonce.r*)

.rela.rodata
 *(.rela.rodata)
 *(.rela.rodata.*)
 *(.rela.gnu.linkonce.r*)

.rel.data
 *(.rel.data)
 *(.rel.data.*)
 *(.rel.gnu.linkonce.d*)

.rela.data
 *(.rela.data)
 *(.rela.data.*)
 *(.rela.gnu.linkonce.d*)

.rel.ctors
 *(.rel.ctors)

.rela.ctors
 *(.rela.ctors)

.rel.dtors
 *(.rel.dtors)

.rela.dtors
 *(.rela.dtors)

.rel.got
 *(.rel.got)

.rela.got
 *(.rela.got)

.rel.bss
 *(.rel.bss)

.rela.bss
 *(.rela.bss)

.rel.plt
 *(.rel.plt)

.rela.plt
 *(.rela.plt)

.text           0x00000000     0xcbe2
 *(.vectors)
 .vectors       0x00000000      0x1e8 /usr/local/CrossPack-AVR-20100115/lib/gcc/avr/4.3.3/../../../../avr/lib/avrxmega6/crtx256a3.o
                0x00000000                __vectors
                0x00000000                __vector_default
 *(.vectors)
 *(.progmem.gcc*)
 *(.progmem*)
                0x000001e8                . = ALIGN (0x2)
                0x000001e8                __trampolines_start = .
 *(.trampolines)
 .trampolines   0x000001e8        0x0 linker stubs
 *(.trampolines*)
                0x000001e8                __trampolines_end = .
 *(.jumptables)
 *(.jumptables*)
 *(.lowtext)
 *(.lowtext*)
                0x000001e8                __ctors_start = .
 *(.ctors)
                0x000001e8                __ctors_end = .
                0x000001e8                __dtors_start = .
 *(.dtors)
                0x000001e8                __dtors_end = .
 SORT(*)(.ctors)
 SORT(*)(.dtors)
 *(.init0)
 .init0         0x000001e8        0x0 /usr/local/CrossPack-AVR-20100115/lib/gcc/avr/4.3.3/../../../../avr/lib/avrxmega6/crtx256a3.o
                0x000001e8                __init
 *(.init0)
 *(.init1)
 *(.init1)
 *(.init2)
 .init2         0x000001e8       0x10 /usr/local/CrossPack-AVR-20100115/lib/gcc/avr/4.3.3/../../../../avr/lib/avrxmega6/crtx256a3.o
 *(.init2)
 *(.init3)
 *(.init3)
 *(.init4)
 .init4         0x000001f8       0x1a /usr/local/CrossPack-AVR-20100115/lib/gcc/avr/4.3.3/../../../../avr/lib/avrxmega6/crtx256a3.o
                0x000001f8                __do_copy_data
 .init4         0x00000212       0x10 /usr/local/CrossPack-AVR-20100115/lib/gcc/avr/4.3.3/avrxmega6/libgcc.a(_clear_bss.o)
                0x00000212                __do_clear_bss
 *(.init4)
 *(.init5)
 *(.init5)
 *(.init6)
 *(.init6)
 *(.init7)
 *(.init7)
 *(.init8)
 *(.init8)
 *(.init9)
 .init9         0x00000222        0x8 /usr/local/CrossPack-AVR-20100115/lib/gcc/avr/4.3.3/../../../../avr/lib/avrxmega6/crtx256a3.o
 *(.init9)
 *(.text)
 .text          0x0000022a        0x4 /usr/local/CrossPack-AVR-20100115/lib/gcc/avr/4.3.3/../../../../avr/lib/avrxmega6/crtx256a3.o
                0x0000022a                __vector_38
                0x0000022a                __vector_104
                0x0000022a                __vector_22
                0x0000022a                __vector_63
                0x0000022a                __vector_28
                0x0000022a                __vector_67
                0x0000022a                __vector_1
                0x0000022a                __vector_119
                0x0000022a                __vector_32
                0x0000022a                __vector_75
                0x0000022a                __vector_71
                0x0000022a                __vector_91
                0x0000022a                __vector_34
                0x0000022a                __vector_62
                0x0000022a                __vector_102
                0x0000022a                __vector_24
                0x0000022a                __vector_12
                0x0000022a                __vector_55
                0x0000022a                __vector_69
                0x0000022a                __vector_81
                0x0000022a                __vector_90
                0x0000022a                __vector_46
                0x0000022a                __bad_interrupt
                0x0000022a                __vector_72
                0x0000022a                __vector_114
                0x0000022a                __vector_6
                0x0000022a                __vector_110
                0x0000022a                __vector_31
                0x0000022a                __vector_92
                0x0000022a                __vector_35
                0x0000022a                __vector_78
                0x0000022a                __vector_74
                0x0000022a                __vector_117
                0x0000022a                __vector_39
                0x0000022a                __vector_107
                0x0000022a                __vector_3
                0x0000022a                __vector_105
                0x0000022a                __vector_98
                0x0000022a                __vector_23
                0x0000022a                __vector_68
                0x0000022a                __vector_30
                0x0000022a                __vector_73
                0x0000022a                __vector_45
                0x0000022a                __vector_25
                0x0000022a                __vector_93
                0x0000022a                __vector_61
                0x0000022a                __vector_11
                0x0000022a                __vector_54
                0x0000022a                __vector_99
                0x0000022a                __vector_13
                0x0000022a                __vector_17
                0x0000022a                __vector_19
                0x0000022a                __vector_56
                0x0000022a                __vector_7
                0x0000022a                __vector_49
                0x0000022a                __vector_41
                0x0000022a                __vector_86
                0x0000022a                __vector_100
                0x0000022a                __vector_101
                0x0000022a                __vector_64
                0x0000022a                __vector_109
                0x0000022a                __vector_43
                0x0000022a                __vector_27
                0x0000022a                __vector_5
                0x0000022a                __vector_113
                0x0000022a                __vector_33
                0x0000022a                __vector_76
                0x0000022a                __vector_115
                0x0000022a                __vector_52
                0x0000022a                __vector_37
                0x0000022a                __vector_95
                0x0000022a                __vector_103
                0x0000022a                __vector_96
                0x0000022a                __vector_89
                0x0000022a                __vector_4
                0x0000022a                __vector_44
                0x0000022a                __vector_82
                0x0000022a                __vector_106
                0x0000022a                __vector_118
                0x0000022a                __vector_51
                0x0000022a                __vector_9
                0x0000022a                __vector_2
                0x0000022a                __vector_21
                0x0000022a                __vector_15
                0x0000022a                __vector_66
                0x0000022a                __vector_36
                0x0000022a                __vector_79
                0x0000022a                __vector_58
                0x0000022a                __vector_70
                0x0000022a                __vector_29
                0x0000022a                __vector_60
                0x0000022a                __vector_121
                0x0000022a                __vector_40
                0x0000022a                __vector_85
                0x0000022a                __vector_94
                0x0000022a                __vector_8
                0x0000022a                __vector_26
                0x0000022a                __vector_48
                0x0000022a                __vector_116
                0x0000022a                __vector_112
                0x0000022a                __vector_111
                0x0000022a                __vector_80
                0x0000022a                __vector_14
                0x0000022a                __vector_84
                0x0000022a                __vector_57
                0x0000022a                __vector_10
                0x0000022a                __vector_50
                0x0000022a                __vector_16
                0x0000022a                __vector_59
                0x0000022a                __vector_18
                0x0000022a                __vector_97
                0x0000022a                __vector_20
                0x0000022a                __vector_42
                0x0000022a                __vector_87
                0x0000022a                __vector_65
                0x0000022a                __vector_120
 .text          0x0000022e     0xc06a main.o
                0x00006274                Sensors_ResetTemperatureBuffers
                0x00005588                f_gets
                0x000014e2                get_fat
                0x0000adc6                Config_Wifi
                0x000002a0                Debug_CharReadyToRead
                0x0000071c                Leds_Toggle
                0x0000aa50                f_printf
                0x00007262                RTC_getTime
                0x00007512                Display_BackgroundWriter_Init
                0x0000876c                sendAuthType
                0x00008638                sendUser
                0x00007d54                SD_WriteMicrophoneBuffer
                0x000056d0                SD2_Inserted
                0x00007472                Disable_JTAG
                0x000062c8                Sensors_ResetLightBuffers
                0x00008c78                __vector_77
                0x000007d2                Rs232_ClearBuffer
                0x00006288                Sensors_ResetPressureBuffers
                0x00007f00                SD_WriteHumidityBuffer
                0x000074a2                DMA_Init
                0x0000839a                uploadFile
                0x000065a8                Light_returnColor
                0x00000620                Wifi_GetByte
                0x000006bc                Dpad_CheckButton
                0x00000b70                disk_initialize
                0x00005edc                swap
                0x0000489c                f_rename
                0x0000596c                display_setCursor
                0x00006cfe                RTC_UTCSecsToTime
                0x00000d3c                disk_status
                0x00004238                f_truncate
                0x00005840                SD_Timer_Init
                0x00007504                Interrupt_Init
                0x00005822                SD_WriteCRC
                0x000070b6                RTC_sendBytes
                0x000006f0                Leds_Set
                0x00000efa                disk_ioctl
                0x000082ee                sendPort
                0x00005912                CCPWrite
                0x00007418                Clock_Init
                0x000085e2                sendNickname
                0x00006600                Light_setGain
                0x0000044a                Debug_Connected
                0x0000069a                Dpad_Init
                0x00007228                RTC_receiveBytes
                0x000007e4                Rs232_SendByte
                0x00008878                Wifi_SendString
                0x000059bc                display_writeBufferToScreen
                0x00005f84                display_drawRectangle
                0x00004352                f_unlink
                0x0000022e                Debug_Init
                0x00005c90                display_putString
                0x000088ce                Wifi_EnterCMDMode
                0x000076f8                SP_ReadCalibrationByte
                0x00008180                connectToComputer
                0x00005624                f_putc
                0x000056de                SD_WriteBuffer
                0x00008c3a                Wifi_ExitCMDMode
                0x000075de                Rs232_To_Debug
                0x00009a4e                SD_Open
                0x00005670                f_puts
                0x000003aa                Debug_GetTime
                0x00000558                Wifi_Init
                0x00005eea                display_drawLine
                0x0000754e                SD_WriteRTCBlock
                0x0000593c                display_sendCommand
                0x00005a76                display_clearBuffer
                0x000060e2                Time_Set
                0x000080cc                Rs232_SendString
                0x000061d0                Sensors_ReadTemperature
                0x00006200                Sensors_ReadHumidity
                0x000057ac                SD_Write32
                0x000065ba                Light_writeByte
                0x000056b8                SD_Close
                0x0000629c                Sensors_ResetHumidityBuffers
                0x000012a0                disk_timerproc
                0x0000399e                f_close
                0x000007f4                __vector_88
                0x0000303a                f_read
                0x00008344                sendServer
                0x00000666                Wifi_Connected
                0x00003ed8                f_readdir
                0x0000585e                SD_Init
                0x00000760                Rs232_CharReadyToRead
                0x00000396                Debug_SendByte
                0x000060c0                Time_Init
                0x00007530                SD_BackroundWriter_Init
                0x00004778                f_chmod
                0x0000799a                SD_WriteAirSampleMinute
                0x000057e0                SD_Write16
                0x000078e4                SD_WriteString
                0x000056c2                SD_Inserted
                0x0000663a                Light_Init
                0x00000732                Rs232_Init
                0x00008120                Debug_SendString
                0x0000721a                RTC_setUTCSecs
                0x00005890                __vector_47
                0x00005954                display_sendData
                0x000077da                eraseFile
                0x000012c8                get_fattime
                0x00006244                Sensors_ReadPressure
                0x0000740a                RTC_getUTCSecs
                0x00007c12                SD_WriteLightBuffer
                0x0000770c                getTime
                0x00005808                SD_ClearCRC
                0x0000b3d2                main
                0x000038ae                f_sync
                0x0000827e                Wifi_SendByte
                0x000062dc                __vector_108
                0x00006f04                RTC_TimeToUTCSecs
                0x000026f8                chk_mounted
                0x00008c4c                SD_MakeFileName
                0x00007612                getDeviceID
                0x00004aea                f_mkfs
                0x00002d18                f_mount
                0x000064da                Light_readColors
                0x00006230                Sensors_ReadMicrophone
                0x00003e12                f_opendir
                0x00006ce8                RTC_init
                0x000087f2                sendSSID
                0x000006b2                Dpad_Read
                0x0000077e                Rs232_GetByte
                0x000002fa                Debug_ClearBuffer
                0x000016b6                put_fat
                0x000039b6                f_lseek
                0x00000350                Debug_GetByte
                0x00005a44                display_clearPage
                0x00009aac                Read_config_file
                0x0000994a                Wifi_GetTime
                0x0000ad02                Wifi_GetSignalStrength
                0x000062b0                Sensors_ResetMicrophoneBuffers
                0x000057f6                SD_Write8
                0x000006e4                Leds_Init
                0x0000648a                Light_readByte
                0x00003f6e                f_stat
                0x00007e1a                SD_WritePressureBuffer
                0x00005ab4                display_init
                0x0000665c                __vector_83
                0x00008994                Wifi_SendCommand
                0x00001b6a                clust2sect
                0x00000502                Wifi_ClearBuffer
                0x00004802                f_utime
                0x00003426                f_write
                0x00005e5c                display_drawPixel
                0x000070ea                RTC_setTime
                0x00002d5a                f_open
                0x00000e0a                disk_write
                0x0000986c                Debug_TriggerUpload
                0x000060f8                Time_Get32BitTimer
                0x0000868e                sendKey
                0x00004486                f_mkdir
                0x00008bb0                Wifi_GetMac
                0x00000d4a                disk_read
                0x0000a082                __vector_53
                0x000004a8                Wifi_CharReadyToRead
                0x00006148                Sensors_Init
                0x00003fec                f_getfree
                0x00000706                Leds_Clear
                0x00008238                Debug_To_Wifi
                0x00007fe6                SD_WriteTemperatureBuffer
                0x00007a7a                SD_WriteAirSampleSecond
                0x00009ef4                SD_StartLogFile
 .text          0x0000c298        0x0 /usr/local/CrossPack-AVR-20100115/lib/gcc/avr/4.3.3/avrxmega6/libgcc.a(_mulsi3.o)
 .text          0x0000c298        0x0 /usr/local/CrossPack-AVR-20100115/lib/gcc/avr/4.3.3/avrxmega6/libgcc.a(_udivmodqi4.o)
 .text          0x0000c298        0x0 /usr/local/CrossPack-AVR-20100115/lib/gcc/avr/4.3.3/avrxmega6/libgcc.a(_udivmodhi4.o)
 .text          0x0000c298        0x0 /usr/local/CrossPack-AVR-20100115/lib/gcc/avr/4.3.3/avrxmega6/libgcc.a(_divmodhi4.o)
 .text          0x0000c298        0x0 /usr/local/CrossPack-AVR-20100115/lib/gcc/avr/4.3.3/avrxmega6/libgcc.a(_udivmodsi4.o)
 .text          0x0000c298        0x0 /usr/local/CrossPack-AVR-20100115/lib/gcc/avr/4.3.3/avrxmega6/libgcc.a(_exit.o)
 .text          0x0000c298        0x0 /usr/local/CrossPack-AVR-20100115/lib/gcc/avr/4.3.3/avrxmega6/libgcc.a(_clear_bss.o)
 .text          0x0000c298        0x0 /usr/local/CrossPack-AVR-20100115/lib/gcc/avr/4.3.3/../../../../avr/lib/avrxmega6/libc.a(atoi.o)
 .text          0x0000c298        0x0 /usr/local/CrossPack-AVR-20100115/lib/gcc/avr/4.3.3/../../../../avr/lib/avrxmega6/libc.a(atol.o)
 .text          0x0000c298        0x0 /usr/local/CrossPack-AVR-20100115/lib/gcc/avr/4.3.3/../../../../avr/lib/avrxmega6/libc.a(strtok.o)
 .text          0x0000c298        0x0 /usr/local/CrossPack-AVR-20100115/lib/gcc/avr/4.3.3/../../../../avr/lib/avrxmega6/libc.a(memmove.o)
 .text          0x0000c298        0x0 /usr/local/CrossPack-AVR-20100115/lib/gcc/avr/4.3.3/../../../../avr/lib/avrxmega6/libc.a(strcasecmp.o)
 .text          0x0000c298        0x0 /usr/local/CrossPack-AVR-20100115/lib/gcc/avr/4.3.3/../../../../avr/lib/avrxmega6/libc.a(strcasestr.o)
 .text          0x0000c298        0x0 /usr/local/CrossPack-AVR-20100115/lib/gcc/avr/4.3.3/../../../../avr/lib/avrxmega6/libc.a(strcat.o)
 .text          0x0000c298        0x0 /usr/local/CrossPack-AVR-20100115/lib/gcc/avr/4.3.3/../../../../avr/lib/avrxmega6/libc.a(strcmp.o)
 .text          0x0000c298        0x0 /usr/local/CrossPack-AVR-20100115/lib/gcc/avr/4.3.3/../../../../avr/lib/avrxmega6/libc.a(strcpy.o)
 .text          0x0000c298        0x0 /usr/local/CrossPack-AVR-20100115/lib/gcc/avr/4.3.3/../../../../avr/lib/avrxmega6/libc.a(strstr.o)
 .text          0x0000c298        0x0 /usr/local/CrossPack-AVR-20100115/lib/gcc/avr/4.3.3/../../../../avr/lib/avrxmega6/libc.a(strtok_r.o)
 .text          0x0000c298        0x0 /usr/local/CrossPack-AVR-20100115/lib/gcc/avr/4.3.3/../../../../avr/lib/avrxmega6/libc.a(strupr.o)
 .text          0x0000c298        0x0 /usr/local/CrossPack-AVR-20100115/lib/gcc/avr/4.3.3/../../../../avr/lib/avrxmega6/libc.a(ltoa.o)
 .text          0x0000c298        0x0 /usr/local/CrossPack-AVR-20100115/lib/gcc/avr/4.3.3/../../../../avr/lib/avrxmega6/libc.a(mulsi10.o)
 .text          0x0000c298        0x0 /usr/local/CrossPack-AVR-20100115/lib/gcc/avr/4.3.3/../../../../avr/lib/avrxmega6/libc.a(mul10.o)
 .text          0x0000c298        0x0 /usr/local/CrossPack-AVR-20100115/lib/gcc/avr/4.3.3/../../../../avr/lib/avrxmega6/libc.a(sprintf.o)
 .text          0x0000c298        0x0 /usr/local/CrossPack-AVR-20100115/lib/gcc/avr/4.3.3/../../../../avr/lib/avrxmega6/libc.a(vfprintf_std.o)
 .text          0x0000c298        0x0 /usr/local/CrossPack-AVR-20100115/lib/gcc/avr/4.3.3/../../../../avr/lib/avrxmega6/libc.a(strnlen_P.o)
 .text          0x0000c298        0x0 /usr/local/CrossPack-AVR-20100115/lib/gcc/avr/4.3.3/../../../../avr/lib/avrxmega6/libc.a(memcpy.o)
 .text          0x0000c298        0x0 /usr/local/CrossPack-AVR-20100115/lib/gcc/avr/4.3.3/../../../../avr/lib/avrxmega6/libc.a(strnlen.o)
 .text          0x0000c298        0x0 /usr/local/CrossPack-AVR-20100115/lib/gcc/avr/4.3.3/../../../../avr/lib/avrxmega6/libc.a(strrev.o)
 .text          0x0000c298        0x0 /usr/local/CrossPack-AVR-20100115/lib/gcc/avr/4.3.3/../../../../avr/lib/avrxmega6/libc.a(fputc.o)
 .text          0x0000c298        0x0 /usr/local/CrossPack-AVR-20100115/lib/gcc/avr/4.3.3/../../../../avr/lib/avrxmega6/libc.a(ultoa_invert.o)
                0x0000c298                . = ALIGN (0x2)
 *(.text.*)
 .text.libgcc   0x0000c298       0x3e /usr/local/CrossPack-AVR-20100115/lib/gcc/avr/4.3.3/avrxmega6/libgcc.a(_mulsi3.o)
                0x0000c298                __mulsi3
 .text.libgcc   0x0000c2d6       0x18 /usr/local/CrossPack-AVR-20100115/lib/gcc/avr/4.3.3/avrxmega6/libgcc.a(_udivmodqi4.o)
                0x0000c2d6                __udivmodqi4
 .text.libgcc   0x0000c2ee       0x28 /usr/local/CrossPack-AVR-20100115/lib/gcc/avr/4.3.3/avrxmega6/libgcc.a(_udivmodhi4.o)
                0x0000c2ee                __udivmodhi4
 .text.libgcc   0x0000c316       0x26 /usr/local/CrossPack-AVR-20100115/lib/gcc/avr/4.3.3/avrxmega6/libgcc.a(_divmodhi4.o)
                0x0000c316                __divmodhi4
                0x0000c316                _div
 .text.libgcc   0x0000c33c       0x44 /usr/local/CrossPack-AVR-20100115/lib/gcc/avr/4.3.3/avrxmega6/libgcc.a(_udivmodsi4.o)
                0x0000c33c                __udivmodsi4
 .text.libgcc   0x0000c380        0x0 /usr/local/CrossPack-AVR-20100115/lib/gcc/avr/4.3.3/avrxmega6/libgcc.a(_exit.o)
 .text.libgcc   0x0000c380        0x0 /usr/local/CrossPack-AVR-20100115/lib/gcc/avr/4.3.3/avrxmega6/libgcc.a(_clear_bss.o)
 .text.avr-libc
                0x0000c380       0x3c /usr/local/CrossPack-AVR-20100115/lib/gcc/avr/4.3.3/../../../../avr/lib/avrxmega6/libc.a(atoi.o)
                0x0000c380                atoi
 .text.avr-libc
                0x0000c3bc       0x4e /usr/local/CrossPack-AVR-20100115/lib/gcc/avr/4.3.3/../../../../avr/lib/avrxmega6/libc.a(atol.o)
                0x0000c3bc                atol
 .text.avr-libc
                0x0000c40a        0xa /usr/local/CrossPack-AVR-20100115/lib/gcc/avr/4.3.3/../../../../avr/lib/avrxmega6/libc.a(strtok.o)
                0x0000c40a                strtok
 .text.avr-libc
                0x0000c414       0x24 /usr/local/CrossPack-AVR-20100115/lib/gcc/avr/4.3.3/../../../../avr/lib/avrxmega6/libc.a(memmove.o)
                0x0000c414                memmove
 .text.avr-libc
                0x0000c438       0x26 /usr/local/CrossPack-AVR-20100115/lib/gcc/avr/4.3.3/../../../../avr/lib/avrxmega6/libc.a(strcasecmp.o)
                0x0000c438                strcasecmp
 .text.avr-libc
                0x0000c45e       0x4a /usr/local/CrossPack-AVR-20100115/lib/gcc/avr/4.3.3/../../../../avr/lib/avrxmega6/libc.a(strcasestr.o)
                0x0000c45e                strcasestr
 .text.avr-libc
                0x0000c4a8       0x16 /usr/local/CrossPack-AVR-20100115/lib/gcc/avr/4.3.3/../../../../avr/lib/avrxmega6/libc.a(strcat.o)
                0x0000c4a8                strcat
 .text.avr-libc
                0x0000c4be       0x12 /usr/local/CrossPack-AVR-20100115/lib/gcc/avr/4.3.3/../../../../avr/lib/avrxmega6/libc.a(strcmp.o)
                0x0000c4be                strcmp
 .text.avr-libc
                0x0000c4d0        0xe /usr/local/CrossPack-AVR-20100115/lib/gcc/avr/4.3.3/../../../../avr/lib/avrxmega6/libc.a(strcpy.o)
                0x0000c4d0                strcpy
 .text.avr-libc
                0x0000c4de       0x34 /usr/local/CrossPack-AVR-20100115/lib/gcc/avr/4.3.3/../../../../avr/lib/avrxmega6/libc.a(strstr.o)
                0x0000c4de                strstr
 .text.avr-libc
                0x0000c512       0x4e /usr/local/CrossPack-AVR-20100115/lib/gcc/avr/4.3.3/../../../../avr/lib/avrxmega6/libc.a(strtok_r.o)
                0x0000c512                strtok_r
 .text.avr-libc
                0x0000c560       0x14 /usr/local/CrossPack-AVR-20100115/lib/gcc/avr/4.3.3/../../../../avr/lib/avrxmega6/libc.a(strupr.o)
                0x0000c560                strupr
 .text.avr-libc
                0x0000c574       0x68 /usr/local/CrossPack-AVR-20100115/lib/gcc/avr/4.3.3/../../../../avr/lib/avrxmega6/libc.a(ltoa.o)
                0x0000c574                ltoa
 .text.avr-libc
                0x0000c5dc       0x2a /usr/local/CrossPack-AVR-20100115/lib/gcc/avr/4.3.3/../../../../avr/lib/avrxmega6/libc.a(mulsi10.o)
                0x0000c5dc                __mulsi_const_10
 .text.avr-libc
                0x0000c606       0x10 /usr/local/CrossPack-AVR-20100115/lib/gcc/avr/4.3.3/../../../../avr/lib/avrxmega6/libc.a(mul10.o)
                0x0000c606                __mulhi_const_10
 .text.avr-libc
                0x0000c616       0x56 /usr/local/CrossPack-AVR-20100115/lib/gcc/avr/4.3.3/../../../../avr/lib/avrxmega6/libc.a(sprintf.o)
                0x0000c616                sprintf
 .text.avr-libc
                0x0000c66c      0x400 /usr/local/CrossPack-AVR-20100115/lib/gcc/avr/4.3.3/../../../../avr/lib/avrxmega6/libc.a(vfprintf_std.o)
                0x0000c66c                vfprintf
 .text.avr-libc
                0x0000ca6c       0x16 /usr/local/CrossPack-AVR-20100115/lib/gcc/avr/4.3.3/../../../../avr/lib/avrxmega6/libc.a(strnlen_P.o)
                0x0000ca6c                strnlen_P
 .text.avr-libc
                0x0000ca82       0x12 /usr/local/CrossPack-AVR-20100115/lib/gcc/avr/4.3.3/../../../../avr/lib/avrxmega6/libc.a(memcpy.o)
                0x0000ca82                memcpy
 .text.avr-libc
                0x0000ca94       0x16 /usr/local/CrossPack-AVR-20100115/lib/gcc/avr/4.3.3/../../../../avr/lib/avrxmega6/libc.a(strnlen.o)
                0x0000ca94                strnlen
 .text.avr-libc
                0x0000caaa       0x20 /usr/local/CrossPack-AVR-20100115/lib/gcc/avr/4.3.3/../../../../avr/lib/avrxmega6/libc.a(strrev.o)
                0x0000caaa                strrev
 .text.avr-libc
                0x0000caca       0x58 /usr/local/CrossPack-AVR-20100115/lib/gcc/avr/4.3.3/../../../../avr/lib/avrxmega6/libc.a(fputc.o)
                0x0000caca                fputc
 .text.avr-libc
                0x0000cb22       0xbc /usr/local/CrossPack-AVR-20100115/lib/gcc/avr/4.3.3/../../../../avr/lib/avrxmega6/libc.a(ultoa_invert.o)
                0x0000cb22                __ultoa_invert
                0x0000cbde                . = ALIGN (0x2)
 *(.fini9)
 .fini9         0x0000cbde        0x0 /usr/local/CrossPack-AVR-20100115/lib/gcc/avr/4.3.3/avrxmega6/libgcc.a(_exit.o)
                0x0000cbde                exit
                0x0000cbde                _exit
 *(.fini9)
 *(.fini8)
 *(.fini8)
 *(.fini7)
 *(.fini7)
 *(.fini6)
 *(.fini6)
 *(.fini5)
 *(.fini5)
 *(.fini4)
 *(.fini4)
 *(.fini3)
 *(.fini3)
 *(.fini2)
 *(.fini2)
 *(.fini1)
 *(.fini1)
 *(.fini0)
 .fini0         0x0000cbde        0x4 /usr/local/CrossPack-AVR-20100115/lib/gcc/avr/4.3.3/avrxmega6/libgcc.a(_exit.o)
 *(.fini0)
                0x0000cbe2                _etext = .

.data           0x00802000     0x13d0 load address 0x0000cbe2
                0x00802000                PROVIDE (__data_start, .)
 *(.data)
 .data          0x00802000        0x0 /usr/local/CrossPack-AVR-20100115/lib/gcc/avr/4.3.3/../../../../avr/lib/avrxmega6/crtx256a3.o
 .data          0x00802000     0x13cf main.o
                0x00802d0d                Drives
                0x0080314f                wantToRecordLight
                0x0080314b                lightBufferToWriteTo
                0x0080314e                wantToRecordHumidity
                0x00803148                pressureBufferToWriteTo
                0x00803183                zone
                0x00803111                integrationTime
                0x00803147                temperatureBufferToWriteTo
                0x00802d11                crc_table
                0x00803151                serverOpenCommand
                0x00803197                uploadFileOpened
                0x00803199                commandCounter
                0x0080311a                gainSetting
                0x00803198                demoModeFirstFile
                0x00803149                humidityBufferToWriteTo
                0x00803123                resultMultiplier
                0x0080314a                microphoneBufferToWriteTo
                0x0080318d                am
                0x0080314c                wantToRecordTemperature
                0x0080314d                wantToRecordPressure
                0x00803192                pm
                0x00803150                wantToRecordAirQuality
 .data          0x008033cf        0x0 /usr/local/CrossPack-AVR-20100115/lib/gcc/avr/4.3.3/avrxmega6/libgcc.a(_mulsi3.o)
 .data          0x008033cf        0x0 /usr/local/CrossPack-AVR-20100115/lib/gcc/avr/4.3.3/avrxmega6/libgcc.a(_udivmodqi4.o)
 .data          0x008033cf        0x0 /usr/local/CrossPack-AVR-20100115/lib/gcc/avr/4.3.3/avrxmega6/libgcc.a(_udivmodhi4.o)
 .data          0x008033cf        0x0 /usr/local/CrossPack-AVR-20100115/lib/gcc/avr/4.3.3/avrxmega6/libgcc.a(_divmodhi4.o)
 .data          0x008033cf        0x0 /usr/local/CrossPack-AVR-20100115/lib/gcc/avr/4.3.3/avrxmega6/libgcc.a(_udivmodsi4.o)
 .data          0x008033cf        0x0 /usr/local/CrossPack-AVR-20100115/lib/gcc/avr/4.3.3/avrxmega6/libgcc.a(_exit.o)
 .data          0x008033cf        0x0 /usr/local/CrossPack-AVR-20100115/lib/gcc/avr/4.3.3/avrxmega6/libgcc.a(_clear_bss.o)
 .data          0x008033cf        0x0 /usr/local/CrossPack-AVR-20100115/lib/gcc/avr/4.3.3/../../../../avr/lib/avrxmega6/libc.a(atoi.o)
 .data          0x008033cf        0x0 /usr/local/CrossPack-AVR-20100115/lib/gcc/avr/4.3.3/../../../../avr/lib/avrxmega6/libc.a(atol.o)
 .data          0x008033cf        0x0 /usr/local/CrossPack-AVR-20100115/lib/gcc/avr/4.3.3/../../../../avr/lib/avrxmega6/libc.a(strtok.o)
 .data          0x008033cf        0x0 /usr/local/CrossPack-AVR-20100115/lib/gcc/avr/4.3.3/../../../../avr/lib/avrxmega6/libc.a(memmove.o)
 .data          0x008033cf        0x0 /usr/local/CrossPack-AVR-20100115/lib/gcc/avr/4.3.3/../../../../avr/lib/avrxmega6/libc.a(strcasecmp.o)
 .data          0x008033cf        0x0 /usr/local/CrossPack-AVR-20100115/lib/gcc/avr/4.3.3/../../../../avr/lib/avrxmega6/libc.a(strcasestr.o)
 .data          0x008033cf        0x0 /usr/local/CrossPack-AVR-20100115/lib/gcc/avr/4.3.3/../../../../avr/lib/avrxmega6/libc.a(strcat.o)
 .data          0x008033cf        0x0 /usr/local/CrossPack-AVR-20100115/lib/gcc/avr/4.3.3/../../../../avr/lib/avrxmega6/libc.a(strcmp.o)
 .data          0x008033cf        0x0 /usr/local/CrossPack-AVR-20100115/lib/gcc/avr/4.3.3/../../../../avr/lib/avrxmega6/libc.a(strcpy.o)
 .data          0x008033cf        0x0 /usr/local/CrossPack-AVR-20100115/lib/gcc/avr/4.3.3/../../../../avr/lib/avrxmega6/libc.a(strstr.o)
 .data          0x008033cf        0x0 /usr/local/CrossPack-AVR-20100115/lib/gcc/avr/4.3.3/../../../../avr/lib/avrxmega6/libc.a(strtok_r.o)
 .data          0x008033cf        0x0 /usr/local/CrossPack-AVR-20100115/lib/gcc/avr/4.3.3/../../../../avr/lib/avrxmega6/libc.a(strupr.o)
 .data          0x008033cf        0x0 /usr/local/CrossPack-AVR-20100115/lib/gcc/avr/4.3.3/../../../../avr/lib/avrxmega6/libc.a(ltoa.o)
 .data          0x008033cf        0x0 /usr/local/CrossPack-AVR-20100115/lib/gcc/avr/4.3.3/../../../../avr/lib/avrxmega6/libc.a(mulsi10.o)
 .data          0x008033cf        0x0 /usr/local/CrossPack-AVR-20100115/lib/gcc/avr/4.3.3/../../../../avr/lib/avrxmega6/libc.a(mul10.o)
 .data          0x008033cf        0x0 /usr/local/CrossPack-AVR-20100115/lib/gcc/avr/4.3.3/../../../../avr/lib/avrxmega6/libc.a(sprintf.o)
 .data          0x008033cf        0x0 /usr/local/CrossPack-AVR-20100115/lib/gcc/avr/4.3.3/../../../../avr/lib/avrxmega6/libc.a(vfprintf_std.o)
 .data          0x008033cf        0x0 /usr/local/CrossPack-AVR-20100115/lib/gcc/avr/4.3.3/../../../../avr/lib/avrxmega6/libc.a(strnlen_P.o)
 .data          0x008033cf        0x0 /usr/local/CrossPack-AVR-20100115/lib/gcc/avr/4.3.3/../../../../avr/lib/avrxmega6/libc.a(memcpy.o)
 .data          0x008033cf        0x0 /usr/local/CrossPack-AVR-20100115/lib/gcc/avr/4.3.3/../../../../avr/lib/avrxmega6/libc.a(strnlen.o)
 .data          0x008033cf        0x0 /usr/local/CrossPack-AVR-20100115/lib/gcc/avr/4.3.3/../../../../avr/lib/avrxmega6/libc.a(strrev.o)
 .data          0x008033cf        0x0 /usr/local/CrossPack-AVR-20100115/lib/gcc/avr/4.3.3/../../../../avr/lib/avrxmega6/libc.a(fputc.o)
 .data          0x008033cf        0x0 /usr/local/CrossPack-AVR-20100115/lib/gcc/avr/4.3.3/../../../../avr/lib/avrxmega6/libc.a(ultoa_invert.o)
 *(.data*)
 *(.rodata)
 *(.rodata*)
 *(.gnu.linkonce.d*)
                0x008033d0                . = ALIGN (0x2)
 *fill*         0x008033cf        0x1 00
                0x008033d0                _edata = .
                0x008033d0                PROVIDE (__data_end, .)

.bss            0x008033d0     0x2a9c
                0x008033d0                PROVIDE (__bss_start, .)
 *(.bss)
 .bss           0x008033d0        0x0 /usr/local/CrossPack-AVR-20100115/lib/gcc/avr/4.3.3/../../../../avr/lib/avrxmega6/crtx256a3.o
 .bss           0x008033d0      0x538 main.o
                0x0080342f                okToSendTemperatureBuffer1
                0x008033f4                lightSampleStartTime2
                0x00803445                quickLight
                0x00803447                quickMic
                0x0080348a                lengthOfHttpResponse
                0x00803435                okToSendHumidityBuffer1
                0x0080344c                quickSmall
                0x00803441                wantToRecordMicrophone
                0x0080340e                time_secs
                0x00803486                timeToStopRecording
                0x00803457                timeZoneShift
                0x00803454                keyRead
                0x0080346f                okToFillUploadFileBuffer
                0x008033f0                lightSampleStartTime1
                0x00803496                totalDiskSpace
                0x008033dc                humiditySampleStartTime2
                0x008033d8                humiditySampleStartTime1
                0x0080343a                microphoneBufferCounter
                0x00803464                okToFindFileToUpload
                0x008033d0                temperatureSampleStartTime1
                0x00803427                okToCharge
                0x00803444                quickPressure
                0x008033fc                timeRecordingStarted
                0x00803481                leftOverBytesToUpload
                0x0080341f                Rs232_writeLocation
                0x00803428                UNIX_time
                0x0080347d                numberOfPacketsToUpload
                0x0080342c                gainSelector
                0x00803404                Debug_writeLocation
                0x00803412                time_nanos
                0x00803417                wifiBufferWasFull
                0x0080346c                uploading
                0x00803443                quickHumidity
                0x0080349a                percentDiskUsed
                0x00803453                phraseRead
                0x00803474                displayPM
                0x00803437                humidityBufferCounter
                0x0080340a                respLen
                0x00803473                displayAM
                0x008033e8                microphoneSampleStartTime1
                0x00803467                uploadFailed
                0x008033e4                pressureSampleStartTime2
                0x00803458                clockHour
                0x0080348c                connectionClosed
                0x00803430                okToSendTemperatureBuffer2
                0x00803431                temperatureBufferCounter
                0x0080346e                okToOpenFileToUpload
                0x00803408                Wifi_writeLocation
                0x0080345d                uploadPercentBS
                0x00803492                spaceRemainingOnDisk
                0x00803424                chargeCounter
                0x0080343f                okToSendRTCBlock
                0x00803451                tempStringFiller
                0x00803452                authRead
                0x0080343e                lightBufferCounter
                0x00803426                chargeComplete
                0x0080345f                rtcSynced
                0x00803463                okToDisplayGUI
                0x00803416                connected
                0x0080343d                okToSendLightBuffer2
                0x00803400                demoMode
                0x00803468                okToCloseUploadFile
                0x00803442                quickTemperature
                0x0080346a                okToEraseFile
                0x00803479                uploadHeaderSize
                0x00803465                okToReopenDirectory
                0x0080341d                Rs232_readLocation
                0x00803433                okToSendPressureBuffer2
                0x0080348d                connectionTimeoutTimer
                0x0080345c                signalStrength
                0x00803402                Debug_readLocation
                0x0080346b                okToUpload
                0x0080346d                doneUploading
                0x0080341c                uploadTimedOut
                0x00803450                micSampleCounter
                0x00803475                uploadFileSize
                0x00803448                quickLarge
                0x00803470                uploadFileBufferFull
                0x00803466                directoryOpened
                0x00803491                okToWriteUploaderLogFile
                0x0080342d                recording
                0x00803418                bufferDelayCounter
                0x0080340b                toSendLen
                0x008033e0                pressureSampleStartTime1
                0x00803459                currentMode
                0x00803422                rs232Recording
                0x0080342e                requestToStopRecording
                0x00803472                timeIsValid
                0x00803460                okToOpenLogFile
                0x00803432                okToSendPressureBuffer1
                0x00803462                okToCloseLogFile
                0x0080349f                tempTime
                0x0080341a                timeOutCounter
                0x00803401                useWifiForUploading
                0x0080343c                okToSendLightBuffer1
                0x00803421                okToSendAirQuality
                0x008033f8                airSampleTime
                0x00803440                rtcBlockCounter
                0x0080345a                ssRefreshCounter
                0x00803455                ssidRead
                0x00803406                Wifi_readLocation
                0x00803436                okToSendHumidityBuffer2
                0x00803485                recordFileRestartCounter
                0x0080340c                okLen
                0x0080345e                uploadPercentEXT
                0x0080349e                timeServerAttempts
                0x00803469                okToRenameUploadFile
                0x00803439                okToSendMicrophoneBuffer2
                0x0080340d                timeLength
                0x00803434                pressureBufferCounter
                0x00803471                restartingFile
                0x00803461                okToWriteToLogFile
                0x00803423                chargePercent
                0x00803456                zoneChanged
                0x00803438                okToSendMicrophoneBuffer1
                0x008033ec                microphoneSampleStartTime2
                0x008033d4                temperatureSampleStartTime2
 .bss           0x00803908        0x0 /usr/local/CrossPack-AVR-20100115/lib/gcc/avr/4.3.3/avrxmega6/libgcc.a(_mulsi3.o)
 .bss           0x00803908        0x0 /usr/local/CrossPack-AVR-20100115/lib/gcc/avr/4.3.3/avrxmega6/libgcc.a(_udivmodqi4.o)
 .bss           0x00803908        0x0 /usr/local/CrossPack-AVR-20100115/lib/gcc/avr/4.3.3/avrxmega6/libgcc.a(_udivmodhi4.o)
 .bss           0x00803908        0x0 /usr/local/CrossPack-AVR-20100115/lib/gcc/avr/4.3.3/avrxmega6/libgcc.a(_divmodhi4.o)
 .bss           0x00803908        0x0 /usr/local/CrossPack-AVR-20100115/lib/gcc/avr/4.3.3/avrxmega6/libgcc.a(_udivmodsi4.o)
 .bss           0x00803908        0x0 /usr/local/CrossPack-AVR-20100115/lib/gcc/avr/4.3.3/avrxmega6/libgcc.a(_exit.o)
 .bss           0x00803908        0x0 /usr/local/CrossPack-AVR-20100115/lib/gcc/avr/4.3.3/avrxmega6/libgcc.a(_clear_bss.o)
 .bss           0x00803908        0x0 /usr/local/CrossPack-AVR-20100115/lib/gcc/avr/4.3.3/../../../../avr/lib/avrxmega6/libc.a(atoi.o)
 .bss           0x00803908        0x0 /usr/local/CrossPack-AVR-20100115/lib/gcc/avr/4.3.3/../../../../avr/lib/avrxmega6/libc.a(atol.o)
 .bss           0x00803908        0x2 /usr/local/CrossPack-AVR-20100115/lib/gcc/avr/4.3.3/../../../../avr/lib/avrxmega6/libc.a(strtok.o)
 .bss           0x0080390a        0x0 /usr/local/CrossPack-AVR-20100115/lib/gcc/avr/4.3.3/../../../../avr/lib/avrxmega6/libc.a(memmove.o)
 .bss           0x0080390a        0x0 /usr/local/CrossPack-AVR-20100115/lib/gcc/avr/4.3.3/../../../../avr/lib/avrxmega6/libc.a(strcasecmp.o)
 .bss           0x0080390a        0x0 /usr/local/CrossPack-AVR-20100115/lib/gcc/avr/4.3.3/../../../../avr/lib/avrxmega6/libc.a(strcasestr.o)
 .bss           0x0080390a        0x0 /usr/local/CrossPack-AVR-20100115/lib/gcc/avr/4.3.3/../../../../avr/lib/avrxmega6/libc.a(strcat.o)
 .bss           0x0080390a        0x0 /usr/local/CrossPack-AVR-20100115/lib/gcc/avr/4.3.3/../../../../avr/lib/avrxmega6/libc.a(strcmp.o)
 .bss           0x0080390a        0x0 /usr/local/CrossPack-AVR-20100115/lib/gcc/avr/4.3.3/../../../../avr/lib/avrxmega6/libc.a(strcpy.o)
 .bss           0x0080390a        0x0 /usr/local/CrossPack-AVR-20100115/lib/gcc/avr/4.3.3/../../../../avr/lib/avrxmega6/libc.a(strstr.o)
 .bss           0x0080390a        0x0 /usr/local/CrossPack-AVR-20100115/lib/gcc/avr/4.3.3/../../../../avr/lib/avrxmega6/libc.a(strtok_r.o)
 .bss           0x0080390a        0x0 /usr/local/CrossPack-AVR-20100115/lib/gcc/avr/4.3.3/../../../../avr/lib/avrxmega6/libc.a(strupr.o)
 .bss           0x0080390a        0x0 /usr/local/CrossPack-AVR-20100115/lib/gcc/avr/4.3.3/../../../../avr/lib/avrxmega6/libc.a(ltoa.o)
 .bss           0x0080390a        0x0 /usr/local/CrossPack-AVR-20100115/lib/gcc/avr/4.3.3/../../../../avr/lib/avrxmega6/libc.a(mulsi10.o)
 .bss           0x0080390a        0x0 /usr/local/CrossPack-AVR-20100115/lib/gcc/avr/4.3.3/../../../../avr/lib/avrxmega6/libc.a(mul10.o)
 .bss           0x0080390a        0x0 /usr/local/CrossPack-AVR-20100115/lib/gcc/avr/4.3.3/../../../../avr/lib/avrxmega6/libc.a(sprintf.o)
 .bss           0x0080390a        0x0 /usr/local/CrossPack-AVR-20100115/lib/gcc/avr/4.3.3/../../../../avr/lib/avrxmega6/libc.a(vfprintf_std.o)
 .bss           0x0080390a        0x0 /usr/local/CrossPack-AVR-20100115/lib/gcc/avr/4.3.3/../../../../avr/lib/avrxmega6/libc.a(strnlen_P.o)
 .bss           0x0080390a        0x0 /usr/local/CrossPack-AVR-20100115/lib/gcc/avr/4.3.3/../../../../avr/lib/avrxmega6/libc.a(memcpy.o)
 .bss           0x0080390a        0x0 /usr/local/CrossPack-AVR-20100115/lib/gcc/avr/4.3.3/../../../../avr/lib/avrxmega6/libc.a(strnlen.o)
 .bss           0x0080390a        0x0 /usr/local/CrossPack-AVR-20100115/lib/gcc/avr/4.3.3/../../../../avr/lib/avrxmega6/libc.a(strrev.o)
 .bss           0x0080390a        0x0 /usr/local/CrossPack-AVR-20100115/lib/gcc/avr/4.3.3/../../../../avr/lib/avrxmega6/libc.a(fputc.o)
 .bss           0x0080390a        0x0 /usr/local/CrossPack-AVR-20100115/lib/gcc/avr/4.3.3/../../../../avr/lib/avrxmega6/libc.a(ultoa_invert.o)
 *(.bss*)
 *(COMMON)
 COMMON         0x0080390a     0x2562 main.o
                0x0080390a                ssid
                0x0080393c                uploadFileBuffer
                0x00803d24                colors
                0x00803d2c                fileToUpload
                0x00803d3b                pressureBuffer1
                0x00803d4f                uploadTimeStart
                0x00803d53                ip
                0x00803d67                resp
                0x00803d99                currentLogFile
                0x00803da8                connectionStatus
                0x00803dab                uploadTimeStop
                0x00803daf                temp2
                0x00803de1                WifiBuffer
                0x008041e1                microphoneBuffer2
                0x008045c9                fno
                0x008045df                fs
                0x008045e1                fileName
                0x008045f5                auth
                0x00804627                macAddr
                0x0080463b                tmp32
                0x0080463f                lightBuffer2
                0x008046df                command
                0x00804711                microphoneBuffer1
                0x00804af9                temperatureBuffer1
                0x00804b0d                temp
                0x00804b3f                airQualityString
                0x00804ba3                airCount
                0x00804bbb                uploaderToUse
                0x00804bc5                user
                0x00804bcf                demoModeString
                0x00804bd9                server
                0x00804c0b                writeAddress
                0x00804c0c                deviceID
                0x00804c20                temperatureBuffer2
                0x00804c34                timeLower
                0x00804c3e                initialRTCRegisters
                0x00804c4f                pressureBuffer2
                0x00804c63                fno2
                0x00804c79                byteReceived
                0x00804c7a                daylightTime
                0x00804c84                colors8
                0x00804c8c                timeUpper
                0x00804c96                humidityBuffer1
                0x00804caa                tmp8
                0x00804cab                okToGetRemainingSpace
                0x00804cac                successfulBinaryRecordsString
                0x00804cb6                eraseFileReturn
                0x00804cb7                phrase
                0x00804ce9                deviceAddress
                0x00804cea                DebugBuffer
                0x008050ea                time
                0x008050f2                key
                0x00805124                Log_File
                0x00805344                microphoneString
                0x0080534e                tmpArray
                0x00805362                dir
                0x00805378                Upload_File
                0x00805598                fileToErase
                0x008055ac                result
                0x008055bc                humidityBuffer2
                0x008055d0                rssi
                0x008055da                httpResponse
                0x008055e4                commandCode
                0x008055e5                displayBuffer
                0x00805915                newFileName
                0x00805924                timeOutTimer
                0x00805926                CRC
                0x0080592a                Rs232Buffer
                0x00805d2a                lightBuffer1
                0x00805dca                temp3
                0x00805dfc                port
                0x00805e2e                nickname
                0x00805e60                failedBinaryRecordsString
                0x00805e6a                tmp16
                0x00805e6c                PROVIDE (__bss_end, .)
                0x0000cbe2                __data_load_start = LOADADDR (.data)
                0x0000dfb2                __data_load_end = (__data_load_start + SIZEOF (.data))

.noinit         0x00805e6c        0x0
                0x00805e6c                PROVIDE (__noinit_start, .)
 *(.noinit*)
                0x00805e6c                PROVIDE (__noinit_end, .)
                0x00805e6c                _end = .
                0x00805e6c                PROVIDE (__heap_start, .)

.eeprom         0x00810000        0x0
 *(.eeprom*)
                0x00810000                __eeprom_end = .

.fuse
 *(.fuse)
 *(.lfuse)
 *(.hfuse)
 *(.efuse)

.lock
 *(.lock*)

.signature
 *(.signature*)

.stab           0x00000000     0x1f2c
 *(.stab)
 .stab          0x00000000      0x768 /usr/local/CrossPack-AVR-20100115/lib/gcc/avr/4.3.3/../../../../avr/lib/avrxmega6/crtx256a3.o
 .stab          0x00000768      0x174 /usr/local/CrossPack-AVR-20100115/lib/gcc/avr/4.3.3/../../../../avr/lib/avrxmega6/libc.a(atoi.o)
                                0x180 (size before relaxing)
 .stab          0x000008dc      0x1e0 /usr/local/CrossPack-AVR-20100115/lib/gcc/avr/4.3.3/../../../../avr/lib/avrxmega6/libc.a(atol.o)
                                0x1ec (size before relaxing)
 .stab          0x00000abc       0xe4 /usr/local/CrossPack-AVR-20100115/lib/gcc/avr/4.3.3/../../../../avr/lib/avrxmega6/libc.a(memmove.o)
                                 0xf0 (size before relaxing)
 .stab          0x00000ba0       0xfc /usr/local/CrossPack-AVR-20100115/lib/gcc/avr/4.3.3/../../../../avr/lib/avrxmega6/libc.a(strcasecmp.o)
                                0x108 (size before relaxing)
 .stab          0x00000c9c      0x1ec /usr/local/CrossPack-AVR-20100115/lib/gcc/avr/4.3.3/../../../../avr/lib/avrxmega6/libc.a(strcasestr.o)
                                0x1f8 (size before relaxing)
 .stab          0x00000e88       0x9c /usr/local/CrossPack-AVR-20100115/lib/gcc/avr/4.3.3/../../../../avr/lib/avrxmega6/libc.a(strcat.o)
                                 0xa8 (size before relaxing)
 .stab          0x00000f24       0x84 /usr/local/CrossPack-AVR-20100115/lib/gcc/avr/4.3.3/../../../../avr/lib/avrxmega6/libc.a(strcmp.o)
                                 0x90 (size before relaxing)
 .stab          0x00000fa8       0x6c /usr/local/CrossPack-AVR-20100115/lib/gcc/avr/4.3.3/../../../../avr/lib/avrxmega6/libc.a(strcpy.o)
                                 0x78 (size before relaxing)
 .stab          0x00001014      0x150 /usr/local/CrossPack-AVR-20100115/lib/gcc/avr/4.3.3/../../../../avr/lib/avrxmega6/libc.a(strstr.o)
                                0x15c (size before relaxing)
 .stab          0x00001164      0x204 /usr/local/CrossPack-AVR-20100115/lib/gcc/avr/4.3.3/../../../../avr/lib/avrxmega6/libc.a(strtok_r.o)
                                0x210 (size before relaxing)
 .stab          0x00001368       0x90 /usr/local/CrossPack-AVR-20100115/lib/gcc/avr/4.3.3/../../../../avr/lib/avrxmega6/libc.a(strupr.o)
                                 0x9c (size before relaxing)
 .stab          0x000013f8      0x294 /usr/local/CrossPack-AVR-20100115/lib/gcc/avr/4.3.3/../../../../avr/lib/avrxmega6/libc.a(ltoa.o)
                                0x2a0 (size before relaxing)
 .stab          0x0000168c      0x114 /usr/local/CrossPack-AVR-20100115/lib/gcc/avr/4.3.3/../../../../avr/lib/avrxmega6/libc.a(mulsi10.o)
                                0x120 (size before relaxing)
 .stab          0x000017a0       0x78 /usr/local/CrossPack-AVR-20100115/lib/gcc/avr/4.3.3/../../../../avr/lib/avrxmega6/libc.a(mul10.o)
                                 0x84 (size before relaxing)
 .stab          0x00001818       0x9c /usr/local/CrossPack-AVR-20100115/lib/gcc/avr/4.3.3/../../../../avr/lib/avrxmega6/libc.a(strnlen_P.o)
                                 0xa8 (size before relaxing)
 .stab          0x000018b4       0x84 /usr/local/CrossPack-AVR-20100115/lib/gcc/avr/4.3.3/../../../../avr/lib/avrxmega6/libc.a(memcpy.o)
                                 0x90 (size before relaxing)
 .stab          0x00001938       0x9c /usr/local/CrossPack-AVR-20100115/lib/gcc/avr/4.3.3/../../../../avr/lib/avrxmega6/libc.a(strnlen.o)
                                 0xa8 (size before relaxing)
 .stab          0x000019d4       0xd8 /usr/local/CrossPack-AVR-20100115/lib/gcc/avr/4.3.3/../../../../avr/lib/avrxmega6/libc.a(strrev.o)
                                 0xe4 (size before relaxing)
 .stab          0x00001aac      0x480 /usr/local/CrossPack-AVR-20100115/lib/gcc/avr/4.3.3/../../../../avr/lib/avrxmega6/libc.a(ultoa_invert.o)
                                0x48c (size before relaxing)

.stabstr        0x00000000      0x768
 *(.stabstr)
 .stabstr       0x00000000      0x768 /usr/local/CrossPack-AVR-20100115/lib/gcc/avr/4.3.3/../../../../avr/lib/avrxmega6/crtx256a3.o

.stab.excl
 *(.stab.excl)

.stab.exclstr
 *(.stab.exclstr)

.stab.index
 *(.stab.index)

.stab.indexstr
 *(.stab.indexstr)

.comment
 *(.comment)

.debug
 *(.debug)

.line
 *(.line)

.debug_srcinfo
 *(.debug_srcinfo)

.debug_sfnames
 *(.debug_sfnames)

.debug_aranges  0x00000000       0xa0
 *(.debug_aranges)
 .debug_aranges
                0x00000000       0x20 main.o
 .debug_aranges
                0x00000020       0x20 /usr/local/CrossPack-AVR-20100115/lib/gcc/avr/4.3.3/../../../../avr/lib/avrxmega6/libc.a(strtok.o)
 .debug_aranges
                0x00000040       0x20 /usr/local/CrossPack-AVR-20100115/lib/gcc/avr/4.3.3/../../../../avr/lib/avrxmega6/libc.a(sprintf.o)
 .debug_aranges
                0x00000060       0x20 /usr/local/CrossPack-AVR-20100115/lib/gcc/avr/4.3.3/../../../../avr/lib/avrxmega6/libc.a(vfprintf_std.o)
 .debug_aranges
                0x00000080       0x20 /usr/local/CrossPack-AVR-20100115/lib/gcc/avr/4.3.3/../../../../avr/lib/avrxmega6/libc.a(fputc.o)

.debug_pubnames
                0x00000000     0x1c19
 *(.debug_pubnames)
 .debug_pubnames
                0x00000000     0x1ba3 main.o
 .debug_pubnames
                0x00001ba3       0x1d /usr/local/CrossPack-AVR-20100115/lib/gcc/avr/4.3.3/../../../../avr/lib/avrxmega6/libc.a(strtok.o)
 .debug_pubnames
                0x00001bc0       0x1e /usr/local/CrossPack-AVR-20100115/lib/gcc/avr/4.3.3/../../../../avr/lib/avrxmega6/libc.a(sprintf.o)
 .debug_pubnames
                0x00001bde       0x1f /usr/local/CrossPack-AVR-20100115/lib/gcc/avr/4.3.3/../../../../avr/lib/avrxmega6/libc.a(vfprintf_std.o)
 .debug_pubnames
                0x00001bfd       0x1c /usr/local/CrossPack-AVR-20100115/lib/gcc/avr/4.3.3/../../../../avr/lib/avrxmega6/libc.a(fputc.o)

.debug_info     0x00000000     0xa7d2
 *(.debug_info)
 .debug_info    0x00000000     0xa0d9 main.o
 .debug_info    0x0000a0d9       0x91 /usr/local/CrossPack-AVR-20100115/lib/gcc/avr/4.3.3/../../../../avr/lib/avrxmega6/libc.a(strtok.o)
 .debug_info    0x0000a16a      0x1b4 /usr/local/CrossPack-AVR-20100115/lib/gcc/avr/4.3.3/../../../../avr/lib/avrxmega6/libc.a(sprintf.o)
 .debug_info    0x0000a31e      0x34a /usr/local/CrossPack-AVR-20100115/lib/gcc/avr/4.3.3/../../../../avr/lib/avrxmega6/libc.a(vfprintf_std.o)
 .debug_info    0x0000a668      0x16a /usr/local/CrossPack-AVR-20100115/lib/gcc/avr/4.3.3/../../../../avr/lib/avrxmega6/libc.a(fputc.o)
 *(.gnu.linkonce.wi.*)

.debug_abbrev   0x00000000      0xa12
 *(.debug_abbrev)
 .debug_abbrev  0x00000000      0x62e main.o
 .debug_abbrev  0x0000062e       0x77 /usr/local/CrossPack-AVR-20100115/lib/gcc/avr/4.3.3/../../../../avr/lib/avrxmega6/libc.a(strtok.o)
 .debug_abbrev  0x000006a5      0x10e /usr/local/CrossPack-AVR-20100115/lib/gcc/avr/4.3.3/../../../../avr/lib/avrxmega6/libc.a(sprintf.o)
 .debug_abbrev  0x000007b3      0x184 /usr/local/CrossPack-AVR-20100115/lib/gcc/avr/4.3.3/../../../../avr/lib/avrxmega6/libc.a(vfprintf_std.o)
 .debug_abbrev  0x00000937       0xdb /usr/local/CrossPack-AVR-20100115/lib/gcc/avr/4.3.3/../../../../avr/lib/avrxmega6/libc.a(fputc.o)

.debug_line     0x00000000     0x8f20
 *(.debug_line)
 .debug_line    0x00000000     0x8817 main.o
 .debug_line    0x00008817       0x81 /usr/local/CrossPack-AVR-20100115/lib/gcc/avr/4.3.3/../../../../avr/lib/avrxmega6/libc.a(strtok.o)
 .debug_line    0x00008898      0x12f /usr/local/CrossPack-AVR-20100115/lib/gcc/avr/4.3.3/../../../../avr/lib/avrxmega6/libc.a(sprintf.o)
 .debug_line    0x000089c7      0x482 /usr/local/CrossPack-AVR-20100115/lib/gcc/avr/4.3.3/../../../../avr/lib/avrxmega6/libc.a(vfprintf_std.o)
 .debug_line    0x00008e49       0xd7 /usr/local/CrossPack-AVR-20100115/lib/gcc/avr/4.3.3/../../../../avr/lib/avrxmega6/libc.a(fputc.o)

.debug_frame    0x00000000      0xbd0
 *(.debug_frame)
 .debug_frame   0x00000000      0xb50 main.o
 .debug_frame   0x00000b50       0x20 /usr/local/CrossPack-AVR-20100115/lib/gcc/avr/4.3.3/../../../../avr/lib/avrxmega6/libc.a(strtok.o)
 .debug_frame   0x00000b70       0x20 /usr/local/CrossPack-AVR-20100115/lib/gcc/avr/4.3.3/../../../../avr/lib/avrxmega6/libc.a(sprintf.o)
 .debug_frame   0x00000b90       0x20 /usr/local/CrossPack-AVR-20100115/lib/gcc/avr/4.3.3/../../../../avr/lib/avrxmega6/libc.a(vfprintf_std.o)
 .debug_frame   0x00000bb0       0x20 /usr/local/CrossPack-AVR-20100115/lib/gcc/avr/4.3.3/../../../../avr/lib/avrxmega6/libc.a(fputc.o)

.debug_str      0x00000000     0x4a95
 *(.debug_str)
 .debug_str     0x00000000     0x493d main.o
                               0x4a58 (size before relaxing)
 .debug_str     0x0000493d       0x92 /usr/local/CrossPack-AVR-20100115/lib/gcc/avr/4.3.3/../../../../avr/lib/avrxmega6/libc.a(strtok.o)
                                 0xb0 (size before relaxing)
 .debug_str     0x000049cf       0x3f /usr/local/CrossPack-AVR-20100115/lib/gcc/avr/4.3.3/../../../../avr/lib/avrxmega6/libc.a(sprintf.o)
                                0x154 (size before relaxing)
 .debug_str     0x00004a0e       0x65 /usr/local/CrossPack-AVR-20100115/lib/gcc/avr/4.3.3/../../../../avr/lib/avrxmega6/libc.a(vfprintf_std.o)
                                0x19e (size before relaxing)
 .debug_str     0x00004a73       0x22 /usr/local/CrossPack-AVR-20100115/lib/gcc/avr/4.3.3/../../../../avr/lib/avrxmega6/libc.a(fputc.o)
                                0x12e (size before relaxing)

.debug_loc      0x00000000     0x7537
 *(.debug_loc)
 .debug_loc     0x00000000     0x700a main.o
 .debug_loc     0x0000700a       0x30 /usr/local/CrossPack-AVR-20100115/lib/gcc/avr/4.3.3/../../../../avr/lib/avrxmega6/libc.a(strtok.o)
 .debug_loc     0x0000703a       0x24 /usr/local/CrossPack-AVR-20100115/lib/gcc/avr/4.3.3/../../../../avr/lib/avrxmega6/libc.a(sprintf.o)
 .debug_loc     0x0000705e      0x479 /usr/local/CrossPack-AVR-20100115/lib/gcc/avr/4.3.3/../../../../avr/lib/avrxmega6/libc.a(vfprintf_std.o)
 .debug_loc     0x000074d7       0x60 /usr/local/CrossPack-AVR-20100115/lib/gcc/avr/4.3.3/../../../../avr/lib/avrxmega6/libc.a(fputc.o)

.debug_macinfo
 *(.debug_macinfo)
OUTPUT(main.elf elf32-avr)
LOAD linker stubs

.debug_ranges   0x00000000      0x7f8
 .debug_ranges  0x00000000      0x780 main.o
 .debug_ranges  0x00000780       0x18 /usr/local/CrossPack-AVR-20100115/lib/gcc/avr/4.3.3/../../../../avr/lib/avrxmega6/libc.a(strtok.o)
 .debug_ranges  0x00000798       0x18 /usr/local/CrossPack-AVR-20100115/lib/gcc/avr/4.3.3/../../../../avr/lib/avrxmega6/libc.a(sprintf.o)
 .debug_ranges  0x000007b0       0x30 /usr/local/CrossPack-AVR-20100115/lib/gcc/avr/4.3.3/../../../../avr/lib/avrxmega6/libc.a(vfprintf_std.o)
 .debug_ranges  0x000007e0       0x18 /usr/local/CrossPack-AVR-20100115/lib/gcc/avr/4.3.3/../../../../avr/lib/avrxmega6/libc.a(fputc.o)

Cross Reference Table

Symbol                                            File
CCPWrite                                          main.o
CRC                                               main.o
Clock_Init                                        main.o
Config_Wifi                                       main.o
DMA_Init                                          main.o
DebugBuffer                                       main.o
Debug_CharReadyToRead                             main.o
Debug_ClearBuffer                                 main.o
Debug_Connected                                   main.o
Debug_GetByte                                     main.o
Debug_GetTime                                     main.o
Debug_Init                                        main.o
Debug_SendByte                                    main.o
Debug_SendString                                  main.o
Debug_To_Wifi                                     main.o
Debug_TriggerUpload                               main.o
Debug_readLocation                                main.o
Debug_writeLocation                               main.o
Disable_JTAG                                      main.o
Display_BackgroundWriter_Init                     main.o
Dpad_CheckButton                                  main.o
Dpad_Init                                         main.o
Dpad_Read                                         main.o
Drives                                            main.o
Interrupt_Init                                    main.o
Leds_Clear                                        main.o
Leds_Init                                         main.o
Leds_Set                                          main.o
Leds_Toggle                                       main.o
Light_Init                                        main.o
Light_readByte                                    main.o
Light_readColors                                  main.o
Light_returnColor                                 main.o
Light_setGain                                     main.o
Light_writeByte                                   main.o
Log_File                                          main.o
RTC_TimeToUTCSecs                                 main.o
RTC_UTCSecsToTime                                 main.o
RTC_getTime                                       main.o
RTC_getUTCSecs                                    main.o
RTC_init                                          main.o
RTC_receiveBytes                                  main.o
RTC_sendBytes                                     main.o
RTC_setTime                                       main.o
RTC_setUTCSecs                                    main.o
Read_config_file                                  main.o
Rs232Buffer                                       main.o
Rs232_CharReadyToRead                             main.o
Rs232_ClearBuffer                                 main.o
Rs232_GetByte                                     main.o
Rs232_Init                                        main.o
Rs232_SendByte                                    main.o
Rs232_SendString                                  main.o
Rs232_To_Debug                                    main.o
Rs232_readLocation                                main.o
Rs232_writeLocation                               main.o
SD2_Inserted                                      main.o
SD_BackroundWriter_Init                           main.o
SD_ClearCRC                                       main.o
SD_Close                                          main.o
SD_Init                                           main.o
SD_Inserted                                       main.o
SD_MakeFileName                                   main.o
SD_Open                                           main.o
SD_StartLogFile                                   main.o
SD_Timer_Init                                     main.o
SD_Write16                                        main.o
SD_Write32                                        main.o
SD_Write8                                         main.o
SD_WriteAirSampleMinute                           main.o
SD_WriteAirSampleSecond                           main.o
SD_WriteBuffer                                    main.o
SD_WriteCRC                                       main.o
SD_WriteHumidityBuffer                            main.o
SD_WriteLightBuffer                               main.o
SD_WriteMicrophoneBuffer                          main.o
SD_WritePressureBuffer                            main.o
SD_WriteRTCBlock                                  main.o
SD_WriteString                                    main.o
SD_WriteTemperatureBuffer                         main.o
SP_ReadCalibrationByte                            main.o
Sensors_Init                                      main.o
Sensors_ReadHumidity                              main.o
Sensors_ReadMicrophone                            main.o
Sensors_ReadPressure                              main.o
Sensors_ReadTemperature                           main.o
Sensors_ResetHumidityBuffers                      main.o
Sensors_ResetLightBuffers                         main.o
Sensors_ResetMicrophoneBuffers                    main.o
Sensors_ResetPressureBuffers                      main.o
Sensors_ResetTemperatureBuffers                   main.o
Time_Get32BitTimer                                main.o
Time_Init                                         main.o
Time_Set                                          main.o
UNIX_time                                         main.o
Upload_File                                       main.o
WifiBuffer                                        main.o
Wifi_CharReadyToRead                              main.o
Wifi_ClearBuffer                                  main.o
Wifi_Connected                                    main.o
Wifi_EnterCMDMode                                 main.o
Wifi_ExitCMDMode                                  main.o
Wifi_GetByte                                      main.o
Wifi_GetMac                                       main.o
Wifi_GetSignalStrength                            main.o
Wifi_GetTime                                      main.o
Wifi_Init                                         main.o
Wifi_SendByte                                     main.o
Wifi_SendCommand                                  main.o
Wifi_SendString                                   main.o
Wifi_readLocation                                 main.o
Wifi_writeLocation                                main.o
__bad_interrupt                                   /usr/local/CrossPack-AVR-20100115/lib/gcc/avr/4.3.3/../../../../avr/lib/avrxmega6/crtx256a3.o
__bss_end                                         /usr/local/CrossPack-AVR-20100115/lib/gcc/avr/4.3.3/avrxmega6/libgcc.a(_clear_bss.o)
__bss_start                                       /usr/local/CrossPack-AVR-20100115/lib/gcc/avr/4.3.3/avrxmega6/libgcc.a(_clear_bss.o)
__data_end                                        /usr/local/CrossPack-AVR-20100115/lib/gcc/avr/4.3.3/../../../../avr/lib/avrxmega6/crtx256a3.o
__data_load_start                                 /usr/local/CrossPack-AVR-20100115/lib/gcc/avr/4.3.3/../../../../avr/lib/avrxmega6/crtx256a3.o
__data_start                                      /usr/local/CrossPack-AVR-20100115/lib/gcc/avr/4.3.3/../../../../avr/lib/avrxmega6/crtx256a3.o
__divmodhi4                                       /usr/local/CrossPack-AVR-20100115/lib/gcc/avr/4.3.3/avrxmega6/libgcc.a(_divmodhi4.o)
                                                  main.o
__do_clear_bss                                    /usr/local/CrossPack-AVR-20100115/lib/gcc/avr/4.3.3/avrxmega6/libgcc.a(_clear_bss.o)
                                                  /usr/local/CrossPack-AVR-20100115/lib/gcc/avr/4.3.3/../../../../avr/lib/avrxmega6/libc.a(strtok.o)
                                                  main.o
__do_copy_data                                    /usr/local/CrossPack-AVR-20100115/lib/gcc/avr/4.3.3/../../../../avr/lib/avrxmega6/crtx256a3.o
                                                  main.o
__heap_end                                        /usr/local/CrossPack-AVR-20100115/lib/gcc/avr/4.3.3/../../../../avr/lib/avrxmega6/crtx256a3.o
__init                                            /usr/local/CrossPack-AVR-20100115/lib/gcc/avr/4.3.3/../../../../avr/lib/avrxmega6/crtx256a3.o
__mulhi_const_10                                  /usr/local/CrossPack-AVR-20100115/lib/gcc/avr/4.3.3/../../../../avr/lib/avrxmega6/libc.a(mul10.o)
                                                  /usr/local/CrossPack-AVR-20100115/lib/gcc/avr/4.3.3/../../../../avr/lib/avrxmega6/libc.a(atoi.o)
__mulsi3                                          /usr/local/CrossPack-AVR-20100115/lib/gcc/avr/4.3.3/avrxmega6/libgcc.a(_mulsi3.o)
                                                  main.o
__mulsi_const_10                                  /usr/local/CrossPack-AVR-20100115/lib/gcc/avr/4.3.3/../../../../avr/lib/avrxmega6/libc.a(mulsi10.o)
                                                  /usr/local/CrossPack-AVR-20100115/lib/gcc/avr/4.3.3/../../../../avr/lib/avrxmega6/libc.a(atol.o)
__stack                                           /usr/local/CrossPack-AVR-20100115/lib/gcc/avr/4.3.3/../../../../avr/lib/avrxmega6/crtx256a3.o
__udivmodhi4                                      /usr/local/CrossPack-AVR-20100115/lib/gcc/avr/4.3.3/avrxmega6/libgcc.a(_udivmodhi4.o)
                                                  /usr/local/CrossPack-AVR-20100115/lib/gcc/avr/4.3.3/avrxmega6/libgcc.a(_divmodhi4.o)
                                                  main.o
__udivmodqi4                                      /usr/local/CrossPack-AVR-20100115/lib/gcc/avr/4.3.3/avrxmega6/libgcc.a(_udivmodqi4.o)
                                                  main.o
__udivmodsi4                                      /usr/local/CrossPack-AVR-20100115/lib/gcc/avr/4.3.3/avrxmega6/libgcc.a(_udivmodsi4.o)
                                                  /usr/local/CrossPack-AVR-20100115/lib/gcc/avr/4.3.3/../../../../avr/lib/avrxmega6/libc.a(ltoa.o)
                                                  main.o
__ultoa_invert                                    /usr/local/CrossPack-AVR-20100115/lib/gcc/avr/4.3.3/../../../../avr/lib/avrxmega6/libc.a(ultoa_invert.o)
                                                  /usr/local/CrossPack-AVR-20100115/lib/gcc/avr/4.3.3/../../../../avr/lib/avrxmega6/libc.a(vfprintf_std.o)
__vector_1                                        /usr/local/CrossPack-AVR-20100115/lib/gcc/avr/4.3.3/../../../../avr/lib/avrxmega6/crtx256a3.o
__vector_10                                       /usr/local/CrossPack-AVR-20100115/lib/gcc/avr/4.3.3/../../../../avr/lib/avrxmega6/crtx256a3.o
__vector_100                                      /usr/local/CrossPack-AVR-20100115/lib/gcc/avr/4.3.3/../../../../avr/lib/avrxmega6/crtx256a3.o
__vector_101                                      /usr/local/CrossPack-AVR-20100115/lib/gcc/avr/4.3.3/../../../../avr/lib/avrxmega6/crtx256a3.o
__vector_102                                      /usr/local/CrossPack-AVR-20100115/lib/gcc/avr/4.3.3/../../../../avr/lib/avrxmega6/crtx256a3.o
__vector_103                                      /usr/local/CrossPack-AVR-20100115/lib/gcc/avr/4.3.3/../../../../avr/lib/avrxmega6/crtx256a3.o
__vector_104                                      /usr/local/CrossPack-AVR-20100115/lib/gcc/avr/4.3.3/../../../../avr/lib/avrxmega6/crtx256a3.o
__vector_105                                      /usr/local/CrossPack-AVR-20100115/lib/gcc/avr/4.3.3/../../../../avr/lib/avrxmega6/crtx256a3.o
__vector_106                                      /usr/local/CrossPack-AVR-20100115/lib/gcc/avr/4.3.3/../../../../avr/lib/avrxmega6/crtx256a3.o
__vector_107                                      /usr/local/CrossPack-AVR-20100115/lib/gcc/avr/4.3.3/../../../../avr/lib/avrxmega6/crtx256a3.o
__vector_108                                      main.o
                                                  /usr/local/CrossPack-AVR-20100115/lib/gcc/avr/4.3.3/../../../../avr/lib/avrxmega6/crtx256a3.o
__vector_109                                      /usr/local/CrossPack-AVR-20100115/lib/gcc/avr/4.3.3/../../../../avr/lib/avrxmega6/crtx256a3.o
__vector_11                                       /usr/local/CrossPack-AVR-20100115/lib/gcc/avr/4.3.3/../../../../avr/lib/avrxmega6/crtx256a3.o
__vector_110                                      /usr/local/CrossPack-AVR-20100115/lib/gcc/avr/4.3.3/../../../../avr/lib/avrxmega6/crtx256a3.o
__vector_111                                      /usr/local/CrossPack-AVR-20100115/lib/gcc/avr/4.3.3/../../../../avr/lib/avrxmega6/crtx256a3.o
__vector_112                                      /usr/local/CrossPack-AVR-20100115/lib/gcc/avr/4.3.3/../../../../avr/lib/avrxmega6/crtx256a3.o
__vector_113                                      /usr/local/CrossPack-AVR-20100115/lib/gcc/avr/4.3.3/../../../../avr/lib/avrxmega6/crtx256a3.o
__vector_114                                      /usr/local/CrossPack-AVR-20100115/lib/gcc/avr/4.3.3/../../../../avr/lib/avrxmega6/crtx256a3.o
__vector_115                                      /usr/local/CrossPack-AVR-20100115/lib/gcc/avr/4.3.3/../../../../avr/lib/avrxmega6/crtx256a3.o
__vector_116                                      /usr/local/CrossPack-AVR-20100115/lib/gcc/avr/4.3.3/../../../../avr/lib/avrxmega6/crtx256a3.o
__vector_117                                      /usr/local/CrossPack-AVR-20100115/lib/gcc/avr/4.3.3/../../../../avr/lib/avrxmega6/crtx256a3.o
__vector_118                                      /usr/local/CrossPack-AVR-20100115/lib/gcc/avr/4.3.3/../../../../avr/lib/avrxmega6/crtx256a3.o
__vector_119                                      /usr/local/CrossPack-AVR-20100115/lib/gcc/avr/4.3.3/../../../../avr/lib/avrxmega6/crtx256a3.o
__vector_12                                       /usr/local/CrossPack-AVR-20100115/lib/gcc/avr/4.3.3/../../../../avr/lib/avrxmega6/crtx256a3.o
__vector_120                                      /usr/local/CrossPack-AVR-20100115/lib/gcc/avr/4.3.3/../../../../avr/lib/avrxmega6/crtx256a3.o
__vector_121                                      /usr/local/CrossPack-AVR-20100115/lib/gcc/avr/4.3.3/../../../../avr/lib/avrxmega6/crtx256a3.o
__vector_13                                       /usr/local/CrossPack-AVR-20100115/lib/gcc/avr/4.3.3/../../../../avr/lib/avrxmega6/crtx256a3.o
__vector_14                                       /usr/local/CrossPack-AVR-20100115/lib/gcc/avr/4.3.3/../../../../avr/lib/avrxmega6/crtx256a3.o
__vector_15                                       /usr/local/CrossPack-AVR-20100115/lib/gcc/avr/4.3.3/../../../../avr/lib/avrxmega6/crtx256a3.o
__vector_16                                       /usr/local/CrossPack-AVR-20100115/lib/gcc/avr/4.3.3/../../../../avr/lib/avrxmega6/crtx256a3.o
__vector_17                                       /usr/local/CrossPack-AVR-20100115/lib/gcc/avr/4.3.3/../../../../avr/lib/avrxmega6/crtx256a3.o
__vector_18                                       /usr/local/CrossPack-AVR-20100115/lib/gcc/avr/4.3.3/../../../../avr/lib/avrxmega6/crtx256a3.o
__vector_19                                       /usr/local/CrossPack-AVR-20100115/lib/gcc/avr/4.3.3/../../../../avr/lib/avrxmega6/crtx256a3.o
__vector_2                                        /usr/local/CrossPack-AVR-20100115/lib/gcc/avr/4.3.3/../../../../avr/lib/avrxmega6/crtx256a3.o
__vector_20                                       /usr/local/CrossPack-AVR-20100115/lib/gcc/avr/4.3.3/../../../../avr/lib/avrxmega6/crtx256a3.o
__vector_21                                       /usr/local/CrossPack-AVR-20100115/lib/gcc/avr/4.3.3/../../../../avr/lib/avrxmega6/crtx256a3.o
__vector_22                                       /usr/local/CrossPack-AVR-20100115/lib/gcc/avr/4.3.3/../../../../avr/lib/avrxmega6/crtx256a3.o
__vector_23                                       /usr/local/CrossPack-AVR-20100115/lib/gcc/avr/4.3.3/../../../../avr/lib/avrxmega6/crtx256a3.o
__vector_24                                       /usr/local/CrossPack-AVR-20100115/lib/gcc/avr/4.3.3/../../../../avr/lib/avrxmega6/crtx256a3.o
__vector_25                                       /usr/local/CrossPack-AVR-20100115/lib/gcc/avr/4.3.3/../../../../avr/lib/avrxmega6/crtx256a3.o
__vector_26                                       /usr/local/CrossPack-AVR-20100115/lib/gcc/avr/4.3.3/../../../../avr/lib/avrxmega6/crtx256a3.o
__vector_27                                       /usr/local/CrossPack-AVR-20100115/lib/gcc/avr/4.3.3/../../../../avr/lib/avrxmega6/crtx256a3.o
__vector_28                                       /usr/local/CrossPack-AVR-20100115/lib/gcc/avr/4.3.3/../../../../avr/lib/avrxmega6/crtx256a3.o
__vector_29                                       /usr/local/CrossPack-AVR-20100115/lib/gcc/avr/4.3.3/../../../../avr/lib/avrxmega6/crtx256a3.o
__vector_3                                        /usr/local/CrossPack-AVR-20100115/lib/gcc/avr/4.3.3/../../../../avr/lib/avrxmega6/crtx256a3.o
__vector_30                                       /usr/local/CrossPack-AVR-20100115/lib/gcc/avr/4.3.3/../../../../avr/lib/avrxmega6/crtx256a3.o
__vector_31                                       /usr/local/CrossPack-AVR-20100115/lib/gcc/avr/4.3.3/../../../../avr/lib/avrxmega6/crtx256a3.o
__vector_32                                       /usr/local/CrossPack-AVR-20100115/lib/gcc/avr/4.3.3/../../../../avr/lib/avrxmega6/crtx256a3.o
__vector_33                                       /usr/local/CrossPack-AVR-20100115/lib/gcc/avr/4.3.3/../../../../avr/lib/avrxmega6/crtx256a3.o
__vector_34                                       /usr/local/CrossPack-AVR-20100115/lib/gcc/avr/4.3.3/../../../../avr/lib/avrxmega6/crtx256a3.o
__vector_35                                       /usr/local/CrossPack-AVR-20100115/lib/gcc/avr/4.3.3/../../../../avr/lib/avrxmega6/crtx256a3.o
__vector_36                                       /usr/local/CrossPack-AVR-20100115/lib/gcc/avr/4.3.3/../../../../avr/lib/avrxmega6/crtx256a3.o
__vector_37                                       /usr/local/CrossPack-AVR-20100115/lib/gcc/avr/4.3.3/../../../../avr/lib/avrxmega6/crtx256a3.o
__vector_38                                       /usr/local/CrossPack-AVR-20100115/lib/gcc/avr/4.3.3/../../../../avr/lib/avrxmega6/crtx256a3.o
__vector_39                                       /usr/local/CrossPack-AVR-20100115/lib/gcc/avr/4.3.3/../../../../avr/lib/avrxmega6/crtx256a3.o
__vector_4                                        /usr/local/CrossPack-AVR-20100115/lib/gcc/avr/4.3.3/../../../../avr/lib/avrxmega6/crtx256a3.o
__vector_40                                       /usr/local/CrossPack-AVR-20100115/lib/gcc/avr/4.3.3/../../../../avr/lib/avrxmega6/crtx256a3.o
__vector_41                                       /usr/local/CrossPack-AVR-20100115/lib/gcc/avr/4.3.3/../../../../avr/lib/avrxmega6/crtx256a3.o
__vector_42                                       /usr/local/CrossPack-AVR-20100115/lib/gcc/avr/4.3.3/../../../../avr/lib/avrxmega6/crtx256a3.o
__vector_43                                       /usr/local/CrossPack-AVR-20100115/lib/gcc/avr/4.3.3/../../../../avr/lib/avrxmega6/crtx256a3.o
__vector_44                                       /usr/local/CrossPack-AVR-20100115/lib/gcc/avr/4.3.3/../../../../avr/lib/avrxmega6/crtx256a3.o
__vector_45                                       /usr/local/CrossPack-AVR-20100115/lib/gcc/avr/4.3.3/../../../../avr/lib/avrxmega6/crtx256a3.o
__vector_46                                       /usr/local/CrossPack-AVR-20100115/lib/gcc/avr/4.3.3/../../../../avr/lib/avrxmega6/crtx256a3.o
__vector_47                                       main.o
                                                  /usr/local/CrossPack-AVR-20100115/lib/gcc/avr/4.3.3/../../../../avr/lib/avrxmega6/crtx256a3.o
__vector_48                                       /usr/local/CrossPack-AVR-20100115/lib/gcc/avr/4.3.3/../../../../avr/lib/avrxmega6/crtx256a3.o
__vector_49                                       /usr/local/CrossPack-AVR-20100115/lib/gcc/avr/4.3.3/../../../../avr/lib/avrxmega6/crtx256a3.o
__vector_5                                        /usr/local/CrossPack-AVR-20100115/lib/gcc/avr/4.3.3/../../../../avr/lib/avrxmega6/crtx256a3.o
__vector_50                                       /usr/local/CrossPack-AVR-20100115/lib/gcc/avr/4.3.3/../../../../avr/lib/avrxmega6/crtx256a3.o
__vector_51                                       /usr/local/CrossPack-AVR-20100115/lib/gcc/avr/4.3.3/../../../../avr/lib/avrxmega6/crtx256a3.o
__vector_52                                       /usr/local/CrossPack-AVR-20100115/lib/gcc/avr/4.3.3/../../../../avr/lib/avrxmega6/crtx256a3.o
__vector_53                                       main.o
                                                  /usr/local/CrossPack-AVR-20100115/lib/gcc/avr/4.3.3/../../../../avr/lib/avrxmega6/crtx256a3.o
__vector_54                                       /usr/local/CrossPack-AVR-20100115/lib/gcc/avr/4.3.3/../../../../avr/lib/avrxmega6/crtx256a3.o
__vector_55                                       /usr/local/CrossPack-AVR-20100115/lib/gcc/avr/4.3.3/../../../../avr/lib/avrxmega6/crtx256a3.o
__vector_56                                       /usr/local/CrossPack-AVR-20100115/lib/gcc/avr/4.3.3/../../../../avr/lib/avrxmega6/crtx256a3.o
__vector_57                                       /usr/local/CrossPack-AVR-20100115/lib/gcc/avr/4.3.3/../../../../avr/lib/avrxmega6/crtx256a3.o
__vector_58                                       /usr/local/CrossPack-AVR-20100115/lib/gcc/avr/4.3.3/../../../../avr/lib/avrxmega6/crtx256a3.o
__vector_59                                       /usr/local/CrossPack-AVR-20100115/lib/gcc/avr/4.3.3/../../../../avr/lib/avrxmega6/crtx256a3.o
__vector_6                                        /usr/local/CrossPack-AVR-20100115/lib/gcc/avr/4.3.3/../../../../avr/lib/avrxmega6/crtx256a3.o
__vector_60                                       /usr/local/CrossPack-AVR-20100115/lib/gcc/avr/4.3.3/../../../../avr/lib/avrxmega6/crtx256a3.o
__vector_61                                       /usr/local/CrossPack-AVR-20100115/lib/gcc/avr/4.3.3/../../../../avr/lib/avrxmega6/crtx256a3.o
__vector_62                                       /usr/local/CrossPack-AVR-20100115/lib/gcc/avr/4.3.3/../../../../avr/lib/avrxmega6/crtx256a3.o
__vector_63                                       /usr/local/CrossPack-AVR-20100115/lib/gcc/avr/4.3.3/../../../../avr/lib/avrxmega6/crtx256a3.o
__vector_64                                       /usr/local/CrossPack-AVR-20100115/lib/gcc/avr/4.3.3/../../../../avr/lib/avrxmega6/crtx256a3.o
__vector_65                                       /usr/local/CrossPack-AVR-20100115/lib/gcc/avr/4.3.3/../../../../avr/lib/avrxmega6/crtx256a3.o
__vector_66                                       /usr/local/CrossPack-AVR-20100115/lib/gcc/avr/4.3.3/../../../../avr/lib/avrxmega6/crtx256a3.o
__vector_67                                       /usr/local/CrossPack-AVR-20100115/lib/gcc/avr/4.3.3/../../../../avr/lib/avrxmega6/crtx256a3.o
__vector_68                                       /usr/local/CrossPack-AVR-20100115/lib/gcc/avr/4.3.3/../../../../avr/lib/avrxmega6/crtx256a3.o
__vector_69                                       /usr/local/CrossPack-AVR-20100115/lib/gcc/avr/4.3.3/../../../../avr/lib/avrxmega6/crtx256a3.o
__vector_7                                        /usr/local/CrossPack-AVR-20100115/lib/gcc/avr/4.3.3/../../../../avr/lib/avrxmega6/crtx256a3.o
__vector_70                                       /usr/local/CrossPack-AVR-20100115/lib/gcc/avr/4.3.3/../../../../avr/lib/avrxmega6/crtx256a3.o
__vector_71                                       /usr/local/CrossPack-AVR-20100115/lib/gcc/avr/4.3.3/../../../../avr/lib/avrxmega6/crtx256a3.o
__vector_72                                       /usr/local/CrossPack-AVR-20100115/lib/gcc/avr/4.3.3/../../../../avr/lib/avrxmega6/crtx256a3.o
__vector_73                                       /usr/local/CrossPack-AVR-20100115/lib/gcc/avr/4.3.3/../../../../avr/lib/avrxmega6/crtx256a3.o
__vector_74                                       /usr/local/CrossPack-AVR-20100115/lib/gcc/avr/4.3.3/../../../../avr/lib/avrxmega6/crtx256a3.o
__vector_75                                       /usr/local/CrossPack-AVR-20100115/lib/gcc/avr/4.3.3/../../../../avr/lib/avrxmega6/crtx256a3.o
__vector_76                                       /usr/local/CrossPack-AVR-20100115/lib/gcc/avr/4.3.3/../../../../avr/lib/avrxmega6/crtx256a3.o
__vector_77                                       main.o
                                                  /usr/local/CrossPack-AVR-20100115/lib/gcc/avr/4.3.3/../../../../avr/lib/avrxmega6/crtx256a3.o
__vector_78                                       /usr/local/CrossPack-AVR-20100115/lib/gcc/avr/4.3.3/../../../../avr/lib/avrxmega6/crtx256a3.o
__vector_79                                       /usr/local/CrossPack-AVR-20100115/lib/gcc/avr/4.3.3/../../../../avr/lib/avrxmega6/crtx256a3.o
__vector_8                                        /usr/local/CrossPack-AVR-20100115/lib/gcc/avr/4.3.3/../../../../avr/lib/avrxmega6/crtx256a3.o
__vector_80                                       /usr/local/CrossPack-AVR-20100115/lib/gcc/avr/4.3.3/../../../../avr/lib/avrxmega6/crtx256a3.o
__vector_81                                       /usr/local/CrossPack-AVR-20100115/lib/gcc/avr/4.3.3/../../../../avr/lib/avrxmega6/crtx256a3.o
__vector_82                                       /usr/local/CrossPack-AVR-20100115/lib/gcc/avr/4.3.3/../../../../avr/lib/avrxmega6/crtx256a3.o
__vector_83                                       main.o
                                                  /usr/local/CrossPack-AVR-20100115/lib/gcc/avr/4.3.3/../../../../avr/lib/avrxmega6/crtx256a3.o
__vector_84                                       /usr/local/CrossPack-AVR-20100115/lib/gcc/avr/4.3.3/../../../../avr/lib/avrxmega6/crtx256a3.o
__vector_85                                       /usr/local/CrossPack-AVR-20100115/lib/gcc/avr/4.3.3/../../../../avr/lib/avrxmega6/crtx256a3.o
__vector_86                                       /usr/local/CrossPack-AVR-20100115/lib/gcc/avr/4.3.3/../../../../avr/lib/avrxmega6/crtx256a3.o
__vector_87                                       /usr/local/CrossPack-AVR-20100115/lib/gcc/avr/4.3.3/../../../../avr/lib/avrxmega6/crtx256a3.o
__vector_88                                       main.o
                                                  /usr/local/CrossPack-AVR-20100115/lib/gcc/avr/4.3.3/../../../../avr/lib/avrxmega6/crtx256a3.o
__vector_89                                       /usr/local/CrossPack-AVR-20100115/lib/gcc/avr/4.3.3/../../../../avr/lib/avrxmega6/crtx256a3.o
__vector_9                                        /usr/local/CrossPack-AVR-20100115/lib/gcc/avr/4.3.3/../../../../avr/lib/avrxmega6/crtx256a3.o
__vector_90                                       /usr/local/CrossPack-AVR-20100115/lib/gcc/avr/4.3.3/../../../../avr/lib/avrxmega6/crtx256a3.o
__vector_91                                       /usr/local/CrossPack-AVR-20100115/lib/gcc/avr/4.3.3/../../../../avr/lib/avrxmega6/crtx256a3.o
__vector_92                                       /usr/local/CrossPack-AVR-20100115/lib/gcc/avr/4.3.3/../../../../avr/lib/avrxmega6/crtx256a3.o
__vector_93                                       /usr/local/CrossPack-AVR-20100115/lib/gcc/avr/4.3.3/../../../../avr/lib/avrxmega6/crtx256a3.o
__vector_94                                       /usr/local/CrossPack-AVR-20100115/lib/gcc/avr/4.3.3/../../../../avr/lib/avrxmega6/crtx256a3.o
__vector_95                                       /usr/local/CrossPack-AVR-20100115/lib/gcc/avr/4.3.3/../../../../avr/lib/avrxmega6/crtx256a3.o
__vector_96                                       /usr/local/CrossPack-AVR-20100115/lib/gcc/avr/4.3.3/../../../../avr/lib/avrxmega6/crtx256a3.o
__vector_97                                       /usr/local/CrossPack-AVR-20100115/lib/gcc/avr/4.3.3/../../../../avr/lib/avrxmega6/crtx256a3.o
__vector_98                                       /usr/local/CrossPack-AVR-20100115/lib/gcc/avr/4.3.3/../../../../avr/lib/avrxmega6/crtx256a3.o
__vector_99                                       /usr/local/CrossPack-AVR-20100115/lib/gcc/avr/4.3.3/../../../../avr/lib/avrxmega6/crtx256a3.o
__vector_default                                  /usr/local/CrossPack-AVR-20100115/lib/gcc/avr/4.3.3/../../../../avr/lib/avrxmega6/crtx256a3.o
__vectors                                         /usr/local/CrossPack-AVR-20100115/lib/gcc/avr/4.3.3/../../../../avr/lib/avrxmega6/crtx256a3.o
_div                                              /usr/local/CrossPack-AVR-20100115/lib/gcc/avr/4.3.3/avrxmega6/libgcc.a(_divmodhi4.o)
_exit                                             /usr/local/CrossPack-AVR-20100115/lib/gcc/avr/4.3.3/avrxmega6/libgcc.a(_exit.o)
airCount                                          main.o
airQualityString                                  main.o
airSampleTime                                     main.o
am                                                main.o
atoi                                              /usr/local/CrossPack-AVR-20100115/lib/gcc/avr/4.3.3/../../../../avr/lib/avrxmega6/libc.a(atoi.o)
                                                  main.o
atol                                              /usr/local/CrossPack-AVR-20100115/lib/gcc/avr/4.3.3/../../../../avr/lib/avrxmega6/libc.a(atol.o)
                                                  main.o
auth                                              main.o
authRead                                          main.o
bufferDelayCounter                                main.o
byteReceived                                      main.o
chargeComplete                                    main.o
chargeCounter                                     main.o
chargePercent                                     main.o
chk_mounted                                       main.o
clockHour                                         main.o
clust2sect                                        main.o
colors                                            main.o
colors8                                           main.o
command                                           main.o
commandCode                                       main.o
commandCounter                                    main.o
connectToComputer                                 main.o
connected                                         main.o
connectionClosed                                  main.o
connectionStatus                                  main.o
connectionTimeoutTimer                            main.o
crc_table                                         main.o
currentLogFile                                    main.o
currentMode                                       main.o
daylightTime                                      main.o
demoMode                                          main.o
demoModeFirstFile                                 main.o
demoModeString                                    main.o
deviceAddress                                     main.o
deviceID                                          main.o
dir                                               main.o
directoryOpened                                   main.o
disk_initialize                                   main.o
disk_ioctl                                        main.o
disk_read                                         main.o
disk_status                                       main.o
disk_timerproc                                    main.o
disk_write                                        main.o
displayAM                                         main.o
displayBuffer                                     main.o
displayPM                                         main.o
display_clearBuffer                               main.o
display_clearPage                                 main.o
display_drawLine                                  main.o
display_drawPixel                                 main.o
display_drawRectangle                             main.o
display_init                                      main.o